******************************************************************************
                  MSP430 Linker PC v4.4.3                      
******************************************************************************
>> Linked Tue Apr 28 15:23:59 2015

OUTPUT FILE NAME:   <SimplexTransfer_GATEWAY.out>
ENTRY POINT SYMBOL: "_c_int00_noargs_noexit"  address: 0000cd46


MEMORY CONFIGURATION

         name            origin    length      used     unused   attr    fill
----------------------  --------  ---------  --------  --------  ----  --------
  SFR                   00000000   00000010  00000000  00000010  RWIX
  PERIPHERALS_8BIT      00000010   000000f0  00000000  000000f0  RWIX
  PERIPHERALS_16BIT     00000100   00000100  00000000  00000100  RWIX
  RAM                   00000200   00000200  000000ab  00000155  RWIX
  INFOD                 00001000   00000040  00000000  00000040  RWIX
  INFOC                 00001040   00000040  00000000  00000040  RWIX
  INFOB                 00001080   00000040  00000000  00000040  RWIX
  INFOA                 000010c0   00000040  00000000  00000040  RWIX
  FLASH                 0000c000   00003fe0  00000fae  00003032  RWIX
  INT00                 0000ffe0   00000002  00000002  00000000  RWIX
  INT01                 0000ffe2   00000002  00000000  00000002  RWIX
  INT02                 0000ffe4   00000002  00000002  00000000  RWIX
  INT03                 0000ffe6   00000002  00000002  00000000  RWIX
  INT04                 0000ffe8   00000002  00000000  00000002  RWIX
  INT05                 0000ffea   00000002  00000002  00000000  RWIX
  INT06                 0000ffec   00000002  00000002  00000000  RWIX
  INT07                 0000ffee   00000002  00000002  00000000  RWIX
  INT08                 0000fff0   00000002  00000002  00000000  RWIX
  INT09                 0000fff2   00000002  00000002  00000000  RWIX
  INT10                 0000fff4   00000002  00000002  00000000  RWIX
  INT11                 0000fff6   00000002  00000002  00000000  RWIX
  INT12                 0000fff8   00000002  00000002  00000000  RWIX
  INT13                 0000fffa   00000002  00000002  00000000  RWIX
  INT14                 0000fffc   00000002  00000002  00000000  RWIX
  RESET                 0000fffe   00000002  00000002  00000000  RWIX


SECTION ALLOCATION MAP

 output                                  attributes/
section   page    origin      length       input sections
--------  ----  ----------  ----------   ----------------
.bss       0    00000200    00000044     UNINITIALIZED
                  00000200    0000001c     (.common:gFrameScheduler)
                  0000021c    00000012     (.common:gPhyDevice)
                  0000022e    0000000e     (.common:gA110Lr09PhyInfo)
                  0000023c    00000002     (.common:a)
                  0000023e    00000002     (.common:b)
                  00000240    00000002     (.common:c)
                  00000242    00000002     (.common:gPhyAddressInfo)

.data      0    00000244    00000017     UNINITIALIZED
                  00000244    0000000e     SimplexTransfer.obj (.data)
                  00000252    00000006     A110x2500PhyBridge.obj (.data:gA1101Gdo)
                  00000258    00000002     A110x2500PhyBridge.obj (.data)
                  0000025a    00000001     Frame.obj (.data)

.TI.persistent 
*          0    00000244    00000000     UNINITIALIZED

.stack     0    000003b0    00000050     UNINITIALIZED
                  000003b0    00000002     rts430_eabi.lib : boot.obj (.stack)
                  000003b2    0000004e     --HOLE--

.text      0    0000c000    00000f2e     
                  0000c000    000000a8     A110LR09.obj (.text:A110LR09SetPaTable)
                  0000c0a8    00000094     A110LR09.obj (.text:A110LR09SetChannr)
                  0000c13c    00000094     A110x2500PhyBridge.obj (.text:PhySyncEopIsr)
                  0000c1d0    0000007e     Frame.obj (.text:FrameBuild)
                  0000c24e    00000078     BPEXP430G2x53.obj (.text:A110x2500SpiRead)
                  0000c2c6    00000078     Frame.obj (.text:FrameAssemble)
                  0000c33e    00000076     Frame.obj (.text:FrameGatewayValidate)
                  0000c3b4    00000072     CC1101.obj (.text:CC1101GetChip)
                  0000c426    00000064     rts430_eabi.lib : copy_decompress_rle.obj (.text:__TI_decompress_rle_core)
                  0000c48a    0000005c     CC1101.obj (.text:CC1101Wakeup)
                  0000c4e6    0000005c     A110x2500PhyBridge.obj (.text:PhyInit)
                  0000c542    0000005a     BPEXP430G2x53.obj (.text:A110x2500SpiWrite)
                  0000c59c    00000058     A110LR09.obj (.text:A110LR09Configure)
                  0000c5f4    00000058     A110x2500PhyBridge.obj (.text:PhyGetDataStream)
                  0000c64c    00000058     rts430_eabi.lib : autoinit.obj (.text:_auto_init)
                  0000c6a4    00000054     A110LR09.obj (.text:A110LR09Init)
                  0000c6f8    0000004e     Frame.obj (.text:FrameSchedulerData)
                  0000c746    0000004e     SimplexTransfer.obj (.text:TransferComplete)
                  0000c794    0000004c     A110x2500PhyBridge.obj (.text:PhyTransmit)
                  0000c7e0    0000004a     CC1101.obj (.text:CC1101GdoInit)
                  0000c82a    0000004a     CC1101.obj (.text:CC1101GetRegisterWithSpiSyncProblem)
                  0000c874    00000048     CC1101.obj (.text:CC1101ReadRxFifo)
                  0000c8bc    00000048     API.obj (.text:ProtocolInit)
                  0000c904    00000044     Frame.obj (.text:FrameDisassemble)
                  0000c948    00000044     A110x2500PhyBridge.obj (.text:PhyActiveMode)
                  0000c98c    00000042     BPEXP430G2x53.obj (.text:A110x2500SpiInit)
                  0000c9ce    00000040     A110x2500PhyBridge.obj (.text:PhyEnableAddressFilter)
                  0000ca0e    0000003e     CC1101.obj (.text:CC1101Read)
                  0000ca4c    0000003c     Frame.obj (.text:FrameSend)
                  0000ca88    00000038     CC1101.obj (.text:CC1101SetAndVerifyState)
                  0000cac0    00000034     Frame.obj (.text:FrameSchedulerLinkRequest)
                  0000caf4    00000034     SimplexTransfer.obj (.text:UARTInit)
                  0000cb28    00000032     A110x2500PhyBridge.obj (.text:PhyDataStreamBuild)
                  0000cb5a    00000032     A110x2500PhyBridge.obj (.text:PhyReceiverOn)
                  0000cb8c    00000030     CC1101.obj (.text:CC1101GetRegister)
                  0000cbbc    0000002e     CC1101.obj (.text:CC1101Configure)
                  0000cbea    0000002c     SimplexTransfer.obj (.text:PlatformInit)
                  0000cc16    00000028     CC1101.obj (.text:CC1101Write)
                  0000cc3e    00000028     PhyAddress.obj (.text:PhyAddressInit)
                  0000cc66    00000028     SimplexTransfer.obj (.text:USCI0TX_ISR)
                  0000cc8e    00000026     SimplexTransfer.obj (.text:GDO0Isr)
                  0000ccb4    00000022     rts430_eabi.lib : memcmp.obj (.text:memcmp)
                  0000ccd6    00000020     BPEXP430G2x53.obj (.text:A110x2500Gdo0Init)
                  0000ccf6    0000001c     PhyAddress.obj (.text:PhyAddressIsBroadcast)
                  0000cd12    0000001a     BPEXP430G2x53.obj (.text:A110x2500Gdo0Enable)
                  0000cd2c    0000001a     Frame.obj (.text:FrameListen)
                  0000cd46    0000001a     rts430_eabi.lib : boot_special.obj (.text:_c_int00_noargs_noexit)
                  0000cd60    00000018     A110LR09.obj (.text:A110LR09GetLookup)
                  0000cd78    00000016     A110x2500PhyBridge.obj (.text:PhySetChannel)
                  0000cd8e    00000014     BPEXP430G2x53.obj (.text:A110x2500Gdo0Event)
                  0000cda2    00000014     BPEXP430G2x53.obj (.text:A110x2500HwTimerInit)
                  0000cdb6    00000014     CC1101.obj (.text:CC1101TimeoutEvent)
                  0000cdca    00000014     rts430_eabi.lib : copy_zero_init.obj (.text:decompress:ZI:__TI_zero_init)
                  0000cdde    00000014                     : memset.obj (.text:memset)
                  0000cdf2    00000014                     : mult16.obj (.text)
                  0000ce06    00000012     CC1101.obj (.text:CC1101SetRegister)
                  0000ce18    00000012     CC1101.obj (.text:CC1101Strobe)
                  0000ce2a    00000012     A110x2500PhyBridge.obj (.text:PhyDisable)
                  0000ce3c    00000012     A110x2500PhyBridge.obj (.text:PhyEnable)
                  0000ce4e    00000012     rts430_eabi.lib : copy_decompress_none.obj (.text:decompress:none:__TI_decompress_none)
                  0000ce60    00000012                     : memcpy.obj (.text:memcpy)
                  0000ce72    00000010                     : epilog.obj (.text)
                  0000ce82    0000000e     A110LR09.obj (.text:A110LR09ConvertRssiToDbm)
                  0000ce90    0000000e     BPEXP430G2x53.obj (.text:A110x2500Gdo0GetState)
                  0000ce9e    0000000e     CC1101.obj (.text:CC1101SpiInit)
                  0000ceac    0000000e     CC1101.obj (.text:CC1101WriteTxFifo)
                  0000ceba    0000000e     Frame.obj (.text:FrameInit)
                  0000cec8    0000000e     A110x2500PhyBridge.obj (.text:PhyTimerInit)
                  0000ced6    0000000e     SimplexTransfer.obj (.text:main)
                  0000cee4    0000000a     Frame.obj (.text:FrameIdle)
                  0000ceee    0000000a     Frame.obj (.text:FrameSetDataResponse)
                  0000cef8    00000008     BPEXP430G2x53.obj (.text:A110x2500Gdo0WaitForAssert)
                  0000cf00    00000008     BPEXP430G2x53.obj (.text:A110x2500Gdo0WaitForDeassert)
                  0000cf08    00000006     PhyAddress.obj (.text:PhyAddressGetLocalInfo)
                  0000cf0e    00000006     A110x2500PhyBridge.obj (.text:PhyGetDataStreamStatus)
                  0000cf14    00000006     rts430_eabi.lib : isr_trap.obj (.text:_isr:__TI_ISR_TRAP)
                  0000cf1a    00000006                     : copy_decompress_rle.obj (.text:decompress:rle24:__TI_decompress_rle24)
                  0000cf20    00000004     A110LR09.obj (.text:A110LR09GetPowerLookupSize)
                  0000cf24    00000004     rts430_eabi.lib : pre_init.obj (.text:_system_pre_init)
                  0000cf28    00000004                     : exit.obj (.text:abort)
                  0000cf2c    00000002     SimplexTransfer.obj (.text:USCI0RX_ISR)

.const     0    0000cf2e    0000005c     
                  0000cf2e    0000003e     A110LR09.obj (.const:gA110LR09Lookup)
                  0000cf6c    00000012     A110x2500PhyBridge.obj (.const)
                  0000cf7e    00000008     SimplexTransfer.obj (.const)
                  0000cf86    00000004     A110LR09.obj (.const:gA110LR09PowerLookup)

.cinit     0    0000cf8a    00000024     
                  0000cf8a    00000011     (.cinit..data.load) [load image, compression = rle]
                  0000cf9b    00000001     --HOLE-- [fill = 0]
                  0000cf9c    00000006     (__TI_handler_table)
                  0000cfa2    00000004     (.cinit..bss.load) [load image, compression = zero_init]
                  0000cfa6    00000008     (__TI_cinit_table)

.init_array 
*          0    0000c000    00000000     UNINITIALIZED

TRAPINT    0    0000ffe0    00000002     
                  0000ffe0    00000002     rts430_eabi.lib : int00.obj (.int00)

PORT1      0    0000ffe4    00000002     
                  0000ffe4    00000002     rts430_eabi.lib : int02.obj (.int02)

PORT2      0    0000ffe6    00000002     
                  0000ffe6    00000002     SimplexTransfer.obj (.int03)

ADC10      0    0000ffea    00000002     
                  0000ffea    00000002     rts430_eabi.lib : int05.obj (.int05)

USCIAB0TX 
*          0    0000ffec    00000002     
                  0000ffec    00000002     SimplexTransfer.obj (.int06)

USCIAB0RX 
*          0    0000ffee    00000002     
                  0000ffee    00000002     SimplexTransfer.obj (.int07)

TIMER0_A1 
*          0    0000fff0    00000002     
                  0000fff0    00000002     rts430_eabi.lib : int08.obj (.int08)

TIMER0_A0 
*          0    0000fff2    00000002     
                  0000fff2    00000002     rts430_eabi.lib : int09.obj (.int09)

WDT        0    0000fff4    00000002     
                  0000fff4    00000002     rts430_eabi.lib : int10.obj (.int10)

COMPARATORA 
*          0    0000fff6    00000002     
                  0000fff6    00000002     rts430_eabi.lib : int11.obj (.int11)

TIMER1_A1 
*          0    0000fff8    00000002     
                  0000fff8    00000002     rts430_eabi.lib : int12.obj (.int12)

TIMER1_A0 
*          0    0000fffa    00000002     
                  0000fffa    00000002     rts430_eabi.lib : int13.obj (.int13)

NMI        0    0000fffc    00000002     
                  0000fffc    00000002     rts430_eabi.lib : int14.obj (.int14)

.reset     0    0000fffe    00000002     
                  0000fffe    00000002     rts430_eabi.lib : boot.obj (.reset)


LINKER GENERATED COPY TABLES

__TI_cinit_table @ 0000cfa6 records: 2, size/record: 4, table size: 8
	.data: load addr=0000cf8a, load size=00000011 bytes, run addr=00000244, run size=00000017 bytes, compression=rle
	.bss: load addr=0000cfa2, load size=00000004 bytes, run addr=00000200, run size=00000044 bytes, compression=zero_init


LINKER GENERATED HANDLER TABLE

__TI_handler_table @ 0000cf9c records: 3, size/record: 2, table size: 6
	index: 0, handler: __TI_zero_init
	index: 1, handler: __TI_decompress_rle24
	index: 2, handler: __TI_decompress_none


GLOBAL SYMBOLS: SORTED ALPHABETICALLY BY Name 

address   name                               
-------   ----                               
0000c59c  A110LR09Configure                  
0000ce82  A110LR09ConvertRssiToDbm           
0000cd60  A110LR09GetLookup                  
0000cf20  A110LR09GetPowerLookupSize         
0000c6a4  A110LR09Init                       
0000c0a8  A110LR09SetChannr                  
0000c000  A110LR09SetPaTable                 
0000cd12  A110x2500Gdo0Enable                
0000cd8e  A110x2500Gdo0Event                 
0000ce90  A110x2500Gdo0GetState              
0000ccd6  A110x2500Gdo0Init                  
0000cef8  A110x2500Gdo0WaitForAssert         
0000cf00  A110x2500Gdo0WaitForDeassert       
0000cda2  A110x2500HwTimerInit               
0000c98c  A110x2500SpiInit                   
0000c24e  A110x2500SpiRead                   
0000c542  A110x2500SpiWrite                  
0000004a  ADC10AE0                           
000001b0  ADC10CTL0                          
000001b2  ADC10CTL1                          
00000048  ADC10DTC0                          
00000049  ADC10DTC1                          
000001b4  ADC10MEM                           
000001bc  ADC10SA                            
00000057  BCSCTL1                            
00000058  BCSCTL2                            
00000053  BCSCTL3                            
0000cf28  C$$EXIT                            
00000059  CACTL1                             
0000005a  CACTL2                             
000010fb  CALBC1_12MHZ                       
000010f9  CALBC1_16MHZ                       
000010ff  CALBC1_1MHZ                        
000010fd  CALBC1_8MHZ                        
000010fa  CALDCO_12MHZ                       
000010f8  CALDCO_16MHZ                       
000010fe  CALDCO_1MHZ                        
000010fc  CALDCO_8MHZ                        
0000005b  CAPD                               
0000cbbc  CC1101Configure                    
0000c7e0  CC1101GdoInit                      
0000c3b4  CC1101GetChip                      
0000cb8c  CC1101GetRegister                  
0000c82a  CC1101GetRegisterWithSpiSyncProblem
0000ca0e  CC1101Read                         
0000c874  CC1101ReadRxFifo                   
0000ca88  CC1101SetAndVerifyState            
0000ce06  CC1101SetRegister                  
0000ce9e  CC1101SpiInit                      
0000ce18  CC1101Strobe                       
0000cdb6  CC1101TimeoutEvent                 
0000c48a  CC1101Wakeup                       
0000cc16  CC1101Write                        
0000cc16  CC1101WriteRegisters               
0000ceac  CC1101WriteTxFifo                  
00000056  DCOCTL                             
00000128  FCTL1                              
0000012a  FCTL2                              
0000012c  FCTL3                              
0000c2c6  FrameAssemble                      
0000c1d0  FrameBuild                         
0000c904  FrameDisassemble                   
0000c33e  FrameGatewayValidate               
0000cee4  FrameIdle                          
0000ceba  FrameInit                          
0000cd2c  FrameListen                        
0000c6f8  FrameSchedulerData                 
0000cac0  FrameSchedulerLinkRequest          
0000ca4c  FrameSend                          
0000ceee  FrameSetDataResponse               
0000cc8e  GDO0Isr                            
00000000  IE1                                
00000001  IE2                                
00000002  IFG1                               
00000003  IFG2                               
00000022  P1DIR                              
00000025  P1IE                               
00000024  P1IES                              
00000023  P1IFG                              
00000020  P1IN                               
00000021  P1OUT                              
00000027  P1REN                              
00000026  P1SEL                              
00000041  P1SEL2                             
0000002a  P2DIR                              
0000002d  P2IE                               
0000002c  P2IES                              
0000002b  P2IFG                              
00000028  P2IN                               
00000029  P2OUT                              
0000002f  P2REN                              
0000002e  P2SEL                              
00000042  P2SEL2                             
0000001a  P3DIR                              
00000018  P3IN                               
00000019  P3OUT                              
00000010  P3REN                              
0000001b  P3SEL                              
00000043  P3SEL2                             
0000c948  PhyActiveMode                      
0000cf08  PhyAddressGetLocalInfo             
0000cc3e  PhyAddressInit                     
0000ccf6  PhyAddressIsBroadcast              
0000cb28  PhyDataStreamBuild                 
0000ce2a  PhyDisable                         
0000ce3c  PhyEnable                          
0000c9ce  PhyEnableAddressFilter             
0000c5f4  PhyGetDataStream                   
0000cf0e  PhyGetDataStreamStatus             
0000c4e6  PhyInit                            
0000cb5a  PhyReceiverOn                      
0000cd78  PhySetChannel                      
0000c13c  PhySyncEopIsr                      
0000cec8  PhyTimerInit                       
0000c794  PhyTransmit                        
0000cbea  PlatformInit                       
0000c13c  ProtocolEngine                     
0000c8bc  ProtocolInit                       
0000ceee  ProtocolLoadDataResponse           
00000172  TA0CCR0                            
00000174  TA0CCR1                            
00000176  TA0CCR2                            
00000162  TA0CCTL0                           
00000164  TA0CCTL1                           
00000166  TA0CCTL2                           
00000160  TA0CTL                             
0000012e  TA0IV                              
00000170  TA0R                               
00000192  TA1CCR0                            
00000194  TA1CCR1                            
00000196  TA1CCR2                            
00000182  TA1CCTL0                           
00000184  TA1CCTL1                           
00000186  TA1CCTL2                           
00000180  TA1CTL                             
0000011e  TA1IV                              
00000190  TA1R                               
000010db  TLV_ADC10_1_LEN                    
000010da  TLV_ADC10_1_TAG                    
000010c0  TLV_CHECKSUM                       
000010f7  TLV_DCO_30_LEN                     
000010f6  TLV_DCO_30_TAG                     
0000c746  TransferComplete                   
0000caf4  UARTInit                           
0000005d  UCA0ABCTL                          
00000062  UCA0BR0                            
00000063  UCA0BR1                            
00000060  UCA0CTL0                           
00000061  UCA0CTL1                           
0000005f  UCA0IRRCTL                         
0000005e  UCA0IRTCTL                         
00000064  UCA0MCTL                           
00000066  UCA0RXBUF                          
00000065  UCA0STAT                           
00000067  UCA0TXBUF                          
0000006a  UCB0BR0                            
0000006b  UCB0BR1                            
00000068  UCB0CTL0                           
00000069  UCB0CTL1                           
0000006c  UCB0I2CIE                          
00000118  UCB0I2COA                          
0000011a  UCB0I2CSA                          
0000006e  UCB0RXBUF                          
0000006d  UCB0STAT                           
0000006f  UCB0TXBUF                          
0000cf2c  USCI0RX_ISR                        
0000cc66  USCI0TX_ISR                        
00000120  WDTCTL                             
00000400  __STACK_END                        
00000050  __STACK_SIZE                       
0000cfa6  __TI_CINIT_Base                    
0000cfae  __TI_CINIT_Limit                   
0000cf9c  __TI_Handler_Table_Base            
0000cfa2  __TI_Handler_Table_Limit           
UNDEFED   __TI_INITARRAY_Base                
UNDEFED   __TI_INITARRAY_Limit               
0000cf14  __TI_ISR_TRAP                      
0000ce4e  __TI_decompress_none               
0000cf1a  __TI_decompress_rle24              
0000ffe0  __TI_int00                         
0000ffe4  __TI_int02                         
0000ffe6  __TI_int03                         
0000ffea  __TI_int05                         
0000ffec  __TI_int06                         
0000ffee  __TI_int07                         
0000fff0  __TI_int08                         
0000fff2  __TI_int09                         
0000fff4  __TI_int10                         
0000fff6  __TI_int11                         
0000fff8  __TI_int12                         
0000fffa  __TI_int13                         
0000fffc  __TI_int14                         
0000cdca  __TI_zero_init                     
ffffffff  __binit__                          
ffffffff  __c_args__                         
0000ce7e  __mspabi_func_epilog_1             
0000ce7c  __mspabi_func_epilog_2             
0000ce7a  __mspabi_func_epilog_3             
0000ce78  __mspabi_func_epilog_4             
0000ce76  __mspabi_func_epilog_5             
0000ce74  __mspabi_func_epilog_6             
0000ce72  __mspabi_func_epilog_7             
0000cdf2  __mspabi_mpyi                      
0000cdf2  __mspabi_mpyi_sw                   
0000c64c  _auto_init                         
0000cd46  _c_int00_noargs_noexit             
0000fffe  _reset_vector                      
000003b0  _stack                             
0000cf24  _system_pre_init                   
0000023c  a                                  
0000cf28  abort                              
0000023e  b                                  
ffffffff  binit                              
00000240  c                                  
00000252  gA1101Gdo                          
0000cf72  gA1101Gdo0                         
0000cf6c  gA1101Spi                          
0000cf2e  gA110LR09Lookup                    
0000cf86  gA110LR09PowerLookup               
00000250  i                                  
0000ced6  main                               
0000ccb4  memcmp                             
0000ce60  memcpy                             
0000cdde  memset                             


GLOBAL SYMBOLS: SORTED BY Symbol Address 

address   name                               
-------   ----                               
00000000  IE1                                
00000001  IE2                                
00000002  IFG1                               
00000003  IFG2                               
00000010  P3REN                              
00000018  P3IN                               
00000019  P3OUT                              
0000001a  P3DIR                              
0000001b  P3SEL                              
00000020  P1IN                               
00000021  P1OUT                              
00000022  P1DIR                              
00000023  P1IFG                              
00000024  P1IES                              
00000025  P1IE                               
00000026  P1SEL                              
00000027  P1REN                              
00000028  P2IN                               
00000029  P2OUT                              
0000002a  P2DIR                              
0000002b  P2IFG                              
0000002c  P2IES                              
0000002d  P2IE                               
0000002e  P2SEL                              
0000002f  P2REN                              
00000041  P1SEL2                             
00000042  P2SEL2                             
00000043  P3SEL2                             
00000048  ADC10DTC0                          
00000049  ADC10DTC1                          
0000004a  ADC10AE0                           
00000050  __STACK_SIZE                       
00000053  BCSCTL3                            
00000056  DCOCTL                             
00000057  BCSCTL1                            
00000058  BCSCTL2                            
00000059  CACTL1                             
0000005a  CACTL2                             
0000005b  CAPD                               
0000005d  UCA0ABCTL                          
0000005e  UCA0IRTCTL                         
0000005f  UCA0IRRCTL                         
00000060  UCA0CTL0                           
00000061  UCA0CTL1                           
00000062  UCA0BR0                            
00000063  UCA0BR1                            
00000064  UCA0MCTL                           
00000065  UCA0STAT                           
00000066  UCA0RXBUF                          
00000067  UCA0TXBUF                          
00000068  UCB0CTL0                           
00000069  UCB0CTL1                           
0000006a  UCB0BR0                            
0000006b  UCB0BR1                            
0000006c  UCB0I2CIE                          
0000006d  UCB0STAT                           
0000006e  UCB0RXBUF                          
0000006f  UCB0TXBUF                          
00000118  UCB0I2COA                          
0000011a  UCB0I2CSA                          
0000011e  TA1IV                              
00000120  WDTCTL                             
00000128  FCTL1                              
0000012a  FCTL2                              
0000012c  FCTL3                              
0000012e  TA0IV                              
00000160  TA0CTL                             
00000162  TA0CCTL0                           
00000164  TA0CCTL1                           
00000166  TA0CCTL2                           
00000170  TA0R                               
00000172  TA0CCR0                            
00000174  TA0CCR1                            
00000176  TA0CCR2                            
00000180  TA1CTL                             
00000182  TA1CCTL0                           
00000184  TA1CCTL1                           
00000186  TA1CCTL2                           
00000190  TA1R                               
00000192  TA1CCR0                            
00000194  TA1CCR1                            
00000196  TA1CCR2                            
000001b0  ADC10CTL0                          
000001b2  ADC10CTL1                          
000001b4  ADC10MEM                           
000001bc  ADC10SA                            
0000023c  a                                  
0000023e  b                                  
00000240  c                                  
00000250  i                                  
00000252  gA1101Gdo                          
000003b0  _stack                             
00000400  __STACK_END                        
000010c0  TLV_CHECKSUM                       
000010da  TLV_ADC10_1_TAG                    
000010db  TLV_ADC10_1_LEN                    
000010f6  TLV_DCO_30_TAG                     
000010f7  TLV_DCO_30_LEN                     
000010f8  CALDCO_16MHZ                       
000010f9  CALBC1_16MHZ                       
000010fa  CALDCO_12MHZ                       
000010fb  CALBC1_12MHZ                       
000010fc  CALDCO_8MHZ                        
000010fd  CALBC1_8MHZ                        
000010fe  CALDCO_1MHZ                        
000010ff  CALBC1_1MHZ                        
0000c000  A110LR09SetPaTable                 
0000c0a8  A110LR09SetChannr                  
0000c13c  PhySyncEopIsr                      
0000c13c  ProtocolEngine                     
0000c1d0  FrameBuild                         
0000c24e  A110x2500SpiRead                   
0000c2c6  FrameAssemble                      
0000c33e  FrameGatewayValidate               
0000c3b4  CC1101GetChip                      
0000c48a  CC1101Wakeup                       
0000c4e6  PhyInit                            
0000c542  A110x2500SpiWrite                  
0000c59c  A110LR09Configure                  
0000c5f4  PhyGetDataStream                   
0000c64c  _auto_init                         
0000c6a4  A110LR09Init                       
0000c6f8  FrameSchedulerData                 
0000c746  TransferComplete                   
0000c794  PhyTransmit                        
0000c7e0  CC1101GdoInit                      
0000c82a  CC1101GetRegisterWithSpiSyncProblem
0000c874  CC1101ReadRxFifo                   
0000c8bc  ProtocolInit                       
0000c904  FrameDisassemble                   
0000c948  PhyActiveMode                      
0000c98c  A110x2500SpiInit                   
0000c9ce  PhyEnableAddressFilter             
0000ca0e  CC1101Read                         
0000ca4c  FrameSend                          
0000ca88  CC1101SetAndVerifyState            
0000cac0  FrameSchedulerLinkRequest          
0000caf4  UARTInit                           
0000cb28  PhyDataStreamBuild                 
0000cb5a  PhyReceiverOn                      
0000cb8c  CC1101GetRegister                  
0000cbbc  CC1101Configure                    
0000cbea  PlatformInit                       
0000cc16  CC1101Write                        
0000cc16  CC1101WriteRegisters               
0000cc3e  PhyAddressInit                     
0000cc66  USCI0TX_ISR                        
0000cc8e  GDO0Isr                            
0000ccb4  memcmp                             
0000ccd6  A110x2500Gdo0Init                  
0000ccf6  PhyAddressIsBroadcast              
0000cd12  A110x2500Gdo0Enable                
0000cd2c  FrameListen                        
0000cd46  _c_int00_noargs_noexit             
0000cd60  A110LR09GetLookup                  
0000cd78  PhySetChannel                      
0000cd8e  A110x2500Gdo0Event                 
0000cda2  A110x2500HwTimerInit               
0000cdb6  CC1101TimeoutEvent                 
0000cdca  __TI_zero_init                     
0000cdde  memset                             
0000cdf2  __mspabi_mpyi                      
0000cdf2  __mspabi_mpyi_sw                   
0000ce06  CC1101SetRegister                  
0000ce18  CC1101Strobe                       
0000ce2a  PhyDisable                         
0000ce3c  PhyEnable                          
0000ce4e  __TI_decompress_none               
0000ce60  memcpy                             
0000ce72  __mspabi_func_epilog_7             
0000ce74  __mspabi_func_epilog_6             
0000ce76  __mspabi_func_epilog_5             
0000ce78  __mspabi_func_epilog_4             
0000ce7a  __mspabi_func_epilog_3             
0000ce7c  __mspabi_func_epilog_2             
0000ce7e  __mspabi_func_epilog_1             
0000ce82  A110LR09ConvertRssiToDbm           
0000ce90  A110x2500Gdo0GetState              
0000ce9e  CC1101SpiInit                      
0000ceac  CC1101WriteTxFifo                  
0000ceba  FrameInit                          
0000cec8  PhyTimerInit                       
0000ced6  main                               
0000cee4  FrameIdle                          
0000ceee  FrameSetDataResponse               
0000ceee  ProtocolLoadDataResponse           
0000cef8  A110x2500Gdo0WaitForAssert         
0000cf00  A110x2500Gdo0WaitForDeassert       
0000cf08  PhyAddressGetLocalInfo             
0000cf0e  PhyGetDataStreamStatus             
0000cf14  __TI_ISR_TRAP                      
0000cf1a  __TI_decompress_rle24              
0000cf20  A110LR09GetPowerLookupSize         
0000cf24  _system_pre_init                   
0000cf28  C$$EXIT                            
0000cf28  abort                              
0000cf2c  USCI0RX_ISR                        
0000cf2e  gA110LR09Lookup                    
0000cf6c  gA1101Spi                          
0000cf72  gA1101Gdo0                         
0000cf86  gA110LR09PowerLookup               
0000cf9c  __TI_Handler_Table_Base            
0000cfa2  __TI_Handler_Table_Limit           
0000cfa6  __TI_CINIT_Base                    
0000cfae  __TI_CINIT_Limit                   
0000ffe0  __TI_int00                         
0000ffe4  __TI_int02                         
0000ffe6  __TI_int03                         
0000ffea  __TI_int05                         
0000ffec  __TI_int06                         
0000ffee  __TI_int07                         
0000fff0  __TI_int08                         
0000fff2  __TI_int09                         
0000fff4  __TI_int10                         
0000fff6  __TI_int11                         
0000fff8  __TI_int12                         
0000fffa  __TI_int13                         
0000fffc  __TI_int14                         
0000fffe  _reset_vector                      
ffffffff  __binit__                          
ffffffff  __c_args__                         
ffffffff  binit                              
UNDEFED   __TI_INITARRAY_Base                
UNDEFED   __TI_INITARRAY_Limit               

[224 symbols]
