<?xml version="1.0"?>
<link_info>
   <banner>MSP430 Linker PC v4.4.3</banner>
   <copyright>Copyright (c) 2003-2015 Texas Instruments Incorporated</copyright>
   <link_time>0x5508eb00</link_time>
   <link_errors>0x0</link_errors>
   <output_file>HalfDuplexTransfer_ENDPOINT.out</output_file>
   <entry_point>
      <name>_c_int00_noargs_noexit</name>
      <address>0xcf7a</address>
   </entry_point>
   <input_file_list>
      <input_file id="fl-2">
         <path>.\Protocol\Physical\PhyBridge\</path>
         <kind>object</kind>
         <file>A110x2500PhyBridge.obj</file>
         <name>A110x2500PhyBridge.obj</name>
      </input_file>
      <input_file id="fl-3">
         <path>.\Protocol\Physical\Module\A110LR09\</path>
         <kind>object</kind>
         <file>A110LR09.obj</file>
         <name>A110LR09.obj</name>
      </input_file>
      <input_file id="fl-4">
         <path>.\Protocol\Physical\Driver\</path>
         <kind>object</kind>
         <file>CC1101.obj</file>
         <name>CC1101.obj</name>
      </input_file>
      <input_file id="fl-5">
         <path>.\Protocol\DataLink\MAC\</path>
         <kind>object</kind>
         <file>Frame.obj</file>
         <name>Frame.obj</name>
      </input_file>
      <input_file id="fl-6">
         <path>.\Protocol\DataLink\MAC\</path>
         <kind>object</kind>
         <file>PhyAddress.obj</file>
         <name>PhyAddress.obj</name>
      </input_file>
      <input_file id="fl-7">
         <path>.\Protocol\API\</path>
         <kind>object</kind>
         <file>API.obj</file>
         <name>API.obj</name>
      </input_file>
      <input_file id="fl-8">
         <path>.\Application\Platform\</path>
         <kind>object</kind>
         <file>BPEXP430G2x53.obj</file>
         <name>BPEXP430G2x53.obj</name>
      </input_file>
      <input_file id="fl-9">
         <path>.\Application\EndPoint\</path>
         <kind>object</kind>
         <file>HalfDuplexTransfer.obj</file>
         <name>HalfDuplexTransfer.obj</name>
      </input_file>
      <input_file id="fl-38">
         <path>c:\ti\ccsv6\tools\compiler\ti-cgt-msp430_4.4.3\lib\</path>
         <kind>archive</kind>
         <file>rts430_eabi.lib</file>
         <name>boot.obj</name>
      </input_file>
      <input_file id="fl-39">
         <path>c:\ti\ccsv6\tools\compiler\ti-cgt-msp430_4.4.3\lib\</path>
         <kind>archive</kind>
         <file>rts430_eabi.lib</file>
         <name>boot_special.obj</name>
      </input_file>
      <input_file id="fl-3a">
         <path>c:\ti\ccsv6\tools\compiler\ti-cgt-msp430_4.4.3\lib\</path>
         <kind>archive</kind>
         <file>rts430_eabi.lib</file>
         <name>copy_decompress_none.obj</name>
      </input_file>
      <input_file id="fl-3b">
         <path>c:\ti\ccsv6\tools\compiler\ti-cgt-msp430_4.4.3\lib\</path>
         <kind>archive</kind>
         <file>rts430_eabi.lib</file>
         <name>copy_decompress_rle.obj</name>
      </input_file>
      <input_file id="fl-3c">
         <path>c:\ti\ccsv6\tools\compiler\ti-cgt-msp430_4.4.3\lib\</path>
         <kind>archive</kind>
         <file>rts430_eabi.lib</file>
         <name>copy_zero_init.obj</name>
      </input_file>
      <input_file id="fl-3d">
         <path>c:\ti\ccsv6\tools\compiler\ti-cgt-msp430_4.4.3\lib\</path>
         <kind>archive</kind>
         <file>rts430_eabi.lib</file>
         <name>div16u.obj</name>
      </input_file>
      <input_file id="fl-3e">
         <path>c:\ti\ccsv6\tools\compiler\ti-cgt-msp430_4.4.3\lib\</path>
         <kind>archive</kind>
         <file>rts430_eabi.lib</file>
         <name>div32u.obj</name>
      </input_file>
      <input_file id="fl-3f">
         <path>c:\ti\ccsv6\tools\compiler\ti-cgt-msp430_4.4.3\lib\</path>
         <kind>archive</kind>
         <file>rts430_eabi.lib</file>
         <name>epilog.obj</name>
      </input_file>
      <input_file id="fl-40">
         <path>c:\ti\ccsv6\tools\compiler\ti-cgt-msp430_4.4.3\lib\</path>
         <kind>archive</kind>
         <file>rts430_eabi.lib</file>
         <name>exit.obj</name>
      </input_file>
      <input_file id="fl-41">
         <path>c:\ti\ccsv6\tools\compiler\ti-cgt-msp430_4.4.3\lib\</path>
         <kind>archive</kind>
         <file>rts430_eabi.lib</file>
         <name>int00.obj</name>
      </input_file>
      <input_file id="fl-42">
         <path>c:\ti\ccsv6\tools\compiler\ti-cgt-msp430_4.4.3\lib\</path>
         <kind>archive</kind>
         <file>rts430_eabi.lib</file>
         <name>int02.obj</name>
      </input_file>
      <input_file id="fl-43">
         <path>c:\ti\ccsv6\tools\compiler\ti-cgt-msp430_4.4.3\lib\</path>
         <kind>archive</kind>
         <file>rts430_eabi.lib</file>
         <name>int05.obj</name>
      </input_file>
      <input_file id="fl-44">
         <path>c:\ti\ccsv6\tools\compiler\ti-cgt-msp430_4.4.3\lib\</path>
         <kind>archive</kind>
         <file>rts430_eabi.lib</file>
         <name>int06.obj</name>
      </input_file>
      <input_file id="fl-45">
         <path>c:\ti\ccsv6\tools\compiler\ti-cgt-msp430_4.4.3\lib\</path>
         <kind>archive</kind>
         <file>rts430_eabi.lib</file>
         <name>int07.obj</name>
      </input_file>
      <input_file id="fl-46">
         <path>c:\ti\ccsv6\tools\compiler\ti-cgt-msp430_4.4.3\lib\</path>
         <kind>archive</kind>
         <file>rts430_eabi.lib</file>
         <name>int08.obj</name>
      </input_file>
      <input_file id="fl-47">
         <path>c:\ti\ccsv6\tools\compiler\ti-cgt-msp430_4.4.3\lib\</path>
         <kind>archive</kind>
         <file>rts430_eabi.lib</file>
         <name>int09.obj</name>
      </input_file>
      <input_file id="fl-48">
         <path>c:\ti\ccsv6\tools\compiler\ti-cgt-msp430_4.4.3\lib\</path>
         <kind>archive</kind>
         <file>rts430_eabi.lib</file>
         <name>int10.obj</name>
      </input_file>
      <input_file id="fl-49">
         <path>c:\ti\ccsv6\tools\compiler\ti-cgt-msp430_4.4.3\lib\</path>
         <kind>archive</kind>
         <file>rts430_eabi.lib</file>
         <name>int11.obj</name>
      </input_file>
      <input_file id="fl-4a">
         <path>c:\ti\ccsv6\tools\compiler\ti-cgt-msp430_4.4.3\lib\</path>
         <kind>archive</kind>
         <file>rts430_eabi.lib</file>
         <name>int12.obj</name>
      </input_file>
      <input_file id="fl-4b">
         <path>c:\ti\ccsv6\tools\compiler\ti-cgt-msp430_4.4.3\lib\</path>
         <kind>archive</kind>
         <file>rts430_eabi.lib</file>
         <name>int14.obj</name>
      </input_file>
      <input_file id="fl-4c">
         <path>c:\ti\ccsv6\tools\compiler\ti-cgt-msp430_4.4.3\lib\</path>
         <kind>archive</kind>
         <file>rts430_eabi.lib</file>
         <name>isr_trap.obj</name>
      </input_file>
      <input_file id="fl-4d">
         <path>c:\ti\ccsv6\tools\compiler\ti-cgt-msp430_4.4.3\lib\</path>
         <kind>archive</kind>
         <file>rts430_eabi.lib</file>
         <name>memcmp.obj</name>
      </input_file>
      <input_file id="fl-4e">
         <path>c:\ti\ccsv6\tools\compiler\ti-cgt-msp430_4.4.3\lib\</path>
         <kind>archive</kind>
         <file>rts430_eabi.lib</file>
         <name>memcpy.obj</name>
      </input_file>
      <input_file id="fl-4f">
         <path>c:\ti\ccsv6\tools\compiler\ti-cgt-msp430_4.4.3\lib\</path>
         <kind>archive</kind>
         <file>rts430_eabi.lib</file>
         <name>memset.obj</name>
      </input_file>
      <input_file id="fl-50">
         <path>c:\ti\ccsv6\tools\compiler\ti-cgt-msp430_4.4.3\lib\</path>
         <kind>archive</kind>
         <file>rts430_eabi.lib</file>
         <name>mpu_init.obj</name>
      </input_file>
      <input_file id="fl-51">
         <path>c:\ti\ccsv6\tools\compiler\ti-cgt-msp430_4.4.3\lib\</path>
         <kind>archive</kind>
         <file>rts430_eabi.lib</file>
         <name>mult16.obj</name>
      </input_file>
      <input_file id="fl-52">
         <path>c:\ti\ccsv6\tools\compiler\ti-cgt-msp430_4.4.3\lib\</path>
         <kind>archive</kind>
         <file>rts430_eabi.lib</file>
         <name>mult32.obj</name>
      </input_file>
      <input_file id="fl-53">
         <path>c:\ti\ccsv6\tools\compiler\ti-cgt-msp430_4.4.3\lib\</path>
         <kind>archive</kind>
         <file>rts430_eabi.lib</file>
         <name>pre_init.obj</name>
      </input_file>
      <input_file id="fl-54">
         <path>c:\ti\ccsv6\tools\compiler\ti-cgt-msp430_4.4.3\lib\</path>
         <kind>archive</kind>
         <file>rts430_eabi.lib</file>
         <name>_lock.obj</name>
      </input_file>
      <input_file id="fl-55">
         <path>c:\ti\ccsv6\tools\compiler\ti-cgt-msp430_4.4.3\lib\</path>
         <kind>archive</kind>
         <file>rts430_eabi.lib</file>
         <name>args_main.obj</name>
      </input_file>
      <input_file id="fl-56">
         <path>c:\ti\ccsv6\tools\compiler\ti-cgt-msp430_4.4.3\lib\</path>
         <kind>archive</kind>
         <file>rts430_eabi.lib</file>
         <name>autoinit.obj</name>
      </input_file>
   </input_file_list>
   <object_component_list>
      <object_component id="oc-1cb">
         <name>.common:gA110Lr09PhyInfo</name>
         <uninitialized>true</uninitialized>
         <run_address>0x232</run_address>
         <size>0xe</size>
      </object_component>
      <object_component id="oc-162">
         <name>.common:gPhyDevice</name>
         <uninitialized>true</uninitialized>
         <run_address>0x200</run_address>
         <size>0x1e</size>
      </object_component>
      <object_component id="oc-1c7">
         <name>.common:gFrameScheduler</name>
         <uninitialized>true</uninitialized>
         <run_address>0x21e</run_address>
         <size>0x14</size>
      </object_component>
      <object_component id="oc-250">
         <name>.common:gPhyAddressInfo</name>
         <uninitialized>true</uninitialized>
         <run_address>0x240</run_address>
         <size>0x6</size>
      </object_component>
      <object_component id="oc-8c">
         <name>.stack</name>
         <uninitialized>true</uninitialized>
         <run_address>0x3b0</run_address>
         <size>0x2</size>
         <input_file_ref idref="fl-38"/>
      </object_component>
      <object_component id="oc-44e">
         <name>.stack</name>
         <uninitialized>true</uninitialized>
         <run_address>0x3b0</run_address>
         <size>0x0</size>
      </object_component>
      <object_component id="oc-3dc">
         <name>.text:A110LR09SetPaTable</name>
         <load_address>0xc000</load_address>
         <run_address>0xc000</run_address>
         <size>0xa8</size>
         <input_file_ref idref="fl-3"/>
      </object_component>
      <object_component id="oc-2ca">
         <name>.text:A110LR09SetChannr</name>
         <load_address>0xc0a8</load_address>
         <run_address>0xc0a8</run_address>
         <size>0x94</size>
         <input_file_ref idref="fl-3"/>
      </object_component>
      <object_component id="oc-114">
         <name>.text:PhySyncEopIsr</name>
         <load_address>0xc13c</load_address>
         <run_address>0xc13c</run_address>
         <size>0x94</size>
         <input_file_ref idref="fl-2"/>
      </object_component>
      <object_component id="oc-25a">
         <name>.text:FrameBuild</name>
         <load_address>0xc1d0</load_address>
         <run_address>0xc1d0</run_address>
         <size>0x86</size>
         <input_file_ref idref="fl-5"/>
      </object_component>
      <object_component id="oc-338">
         <name>.text:A110x2500SpiRead</name>
         <load_address>0xc256</load_address>
         <run_address>0xc256</run_address>
         <size>0x78</size>
         <input_file_ref idref="fl-8"/>
      </object_component>
      <object_component id="oc-21f">
         <name>.text:PhyInit</name>
         <load_address>0xc2ce</load_address>
         <run_address>0xc2ce</run_address>
         <size>0x78</size>
         <input_file_ref idref="fl-2"/>
      </object_component>
      <object_component id="oc-2ab">
         <name>.text:PhyCalculateRxTimeout</name>
         <load_address>0xc346</load_address>
         <run_address>0xc346</run_address>
         <size>0x72</size>
         <input_file_ref idref="fl-2"/>
      </object_component>
      <object_component id="oc-219">
         <name>.text:FrameAssemble</name>
         <load_address>0xc3b8</load_address>
         <run_address>0xc3b8</run_address>
         <size>0x70</size>
         <input_file_ref idref="fl-5"/>
      </object_component>
      <object_component id="oc-298">
         <name>.text:FrameEndPointValidate</name>
         <load_address>0xc428</load_address>
         <run_address>0xc428</run_address>
         <size>0x68</size>
         <input_file_ref idref="fl-5"/>
      </object_component>
      <object_component id="oc-9d">
         <name>.text:__TI_decompress_rle_core</name>
         <load_address>0xc490</load_address>
         <run_address>0xc490</run_address>
         <size>0x64</size>
         <input_file_ref idref="fl-3b"/>
      </object_component>
      <object_component id="oc-378">
         <name>.text:CC1101GetChip</name>
         <load_address>0xc4f4</load_address>
         <run_address>0xc4f4</run_address>
         <size>0x60</size>
         <input_file_ref idref="fl-4"/>
      </object_component>
      <object_component id="oc-392">
         <name>.text:CC1101Wakeup</name>
         <load_address>0xc554</load_address>
         <run_address>0xc554</run_address>
         <size>0x5c</size>
         <input_file_ref idref="fl-4"/>
      </object_component>
      <object_component id="oc-33e">
         <name>.text:A110x2500SpiWrite</name>
         <load_address>0xc5b0</load_address>
         <run_address>0xc5b0</run_address>
         <size>0x5a</size>
         <input_file_ref idref="fl-8"/>
      </object_component>
      <object_component id="oc-384">
         <name>.text:A110LR09Configure</name>
         <load_address>0xc60a</load_address>
         <run_address>0xc60a</run_address>
         <size>0x58</size>
         <input_file_ref idref="fl-3"/>
      </object_component>
      <object_component id="oc-165">
         <name>.text:PhyGetDataStream</name>
         <load_address>0xc662</load_address>
         <run_address>0xc662</run_address>
         <size>0x58</size>
         <input_file_ref idref="fl-2"/>
      </object_component>
      <object_component id="oc-c8">
         <name>.text:_auto_init</name>
         <load_address>0xc6ba</load_address>
         <run_address>0xc6ba</run_address>
         <size>0x58</size>
         <input_file_ref idref="fl-56"/>
      </object_component>
      <object_component id="oc-32c">
         <name>.text</name>
         <load_address>0xc712</load_address>
         <run_address>0xc712</run_address>
         <size>0x58</size>
         <input_file_ref idref="fl-3e"/>
      </object_component>
      <object_component id="oc-2b7">
         <name>.text:A110LR09Init</name>
         <load_address>0xc76a</load_address>
         <run_address>0xc76a</run_address>
         <size>0x54</size>
         <input_file_ref idref="fl-3"/>
      </object_component>
      <object_component id="oc-23d">
         <name>.text:PhyAddressInit</name>
         <load_address>0xc7be</load_address>
         <run_address>0xc7be</run_address>
         <size>0x52</size>
         <input_file_ref idref="fl-6"/>
      </object_component>
      <object_component id="oc-1a8">
         <name>.text:ProtocolInit</name>
         <load_address>0xc810</load_address>
         <run_address>0xc810</run_address>
         <size>0x4e</size>
         <input_file_ref idref="fl-7"/>
      </object_component>
      <object_component id="oc-260">
         <name>.text:PhyTransmit</name>
         <load_address>0xc85e</load_address>
         <run_address>0xc85e</run_address>
         <size>0x4c</size>
         <input_file_ref idref="fl-2"/>
      </object_component>
      <object_component id="oc-372">
         <name>.text:CC1101GdoInit</name>
         <load_address>0xc8aa</load_address>
         <run_address>0xc8aa</run_address>
         <size>0x4a</size>
         <input_file_ref idref="fl-4"/>
      </object_component>
      <object_component id="oc-1f1">
         <name>.text:CC1101GetRegisterWithSpiSyncProblem</name>
         <load_address>0xc8f4</load_address>
         <run_address>0xc8f4</run_address>
         <size>0x4a</size>
         <input_file_ref idref="fl-4"/>
      </object_component>
      <object_component id="oc-1e4">
         <name>.text:CC1101ReadRxFifo</name>
         <load_address>0xc93e</load_address>
         <run_address>0xc93e</run_address>
         <size>0x48</size>
         <input_file_ref idref="fl-4"/>
      </object_component>
      <object_component id="oc-2c4">
         <name>.text:PhyActiveMode</name>
         <load_address>0xc986</load_address>
         <run_address>0xc986</run_address>
         <size>0x44</size>
         <input_file_ref idref="fl-2"/>
      </object_component>
      <object_component id="oc-e2">
         <name>.text:main</name>
         <load_address>0xc9ca</load_address>
         <run_address>0xc9ca</run_address>
         <size>0x44</size>
         <input_file_ref idref="fl-9"/>
      </object_component>
      <object_component id="oc-332">
         <name>.text:A110x2500SpiInit</name>
         <load_address>0xca0e</load_address>
         <run_address>0xca0e</run_address>
         <size>0x42</size>
         <input_file_ref idref="fl-8"/>
      </object_component>
      <object_component id="oc-213">
         <name>.text:FrameDisassemble</name>
         <load_address>0xca50</load_address>
         <run_address>0xca50</run_address>
         <size>0x42</size>
         <input_file_ref idref="fl-5"/>
      </object_component>
      <object_component id="oc-31a">
         <name>.text:PhyAddressLinkEstablish</name>
         <load_address>0xca92</load_address>
         <run_address>0xca92</run_address>
         <size>0x40</size>
         <input_file_ref idref="fl-6"/>
      </object_component>
      <object_component id="oc-2e0">
         <name>.text:PhyEnableAddressFilter</name>
         <load_address>0xcad2</load_address>
         <run_address>0xcad2</run_address>
         <size>0x40</size>
         <input_file_ref idref="fl-2"/>
      </object_component>
      <object_component id="oc-1f7">
         <name>.text:CC1101Read</name>
         <load_address>0xcb12</load_address>
         <run_address>0xcb12</run_address>
         <size>0x3e</size>
         <input_file_ref idref="fl-4"/>
      </object_component>
      <object_component id="oc-1b5">
         <name>.text:FrameSend</name>
         <load_address>0xcb50</load_address>
         <run_address>0xcb50</run_address>
         <size>0x3c</size>
         <input_file_ref idref="fl-5"/>
      </object_component>
      <object_component id="oc-3ad">
         <name>.text:CC1101SetAndVerifyState</name>
         <load_address>0xcb8c</load_address>
         <run_address>0xcb8c</run_address>
         <size>0x38</size>
         <input_file_ref idref="fl-4"/>
      </object_component>
      <object_component id="oc-17e">
         <name>.text:PhyTimerIsr</name>
         <load_address>0xcbc4</load_address>
         <run_address>0xcbc4</run_address>
         <size>0x38</size>
         <input_file_ref idref="fl-2"/>
      </object_component>
      <object_component id="oc-304">
         <name>.text:PhyReceiverOn</name>
         <load_address>0xcbfc</load_address>
         <run_address>0xcbfc</run_address>
         <size>0x36</size>
         <input_file_ref idref="fl-2"/>
      </object_component>
      <object_component id="oc-af">
         <name>.text:GDO0Isr</name>
         <load_address>0xcc32</load_address>
         <run_address>0xcc32</run_address>
         <size>0x32</size>
         <input_file_ref idref="fl-9"/>
      </object_component>
      <object_component id="oc-2ee">
         <name>.text:PhyDataStreamBuild</name>
         <load_address>0xcc64</load_address>
         <run_address>0xcc64</run_address>
         <size>0x32</size>
         <input_file_ref idref="fl-2"/>
      </object_component>
      <object_component id="oc-2da">
         <name>.text:PhyDisableAddressFilter</name>
         <load_address>0xcc96</load_address>
         <run_address>0xcc96</run_address>
         <size>0x32</size>
         <input_file_ref idref="fl-2"/>
      </object_component>
      <object_component id="oc-145">
         <name>.text:ProtocolStatusPhyAddressInfo</name>
         <load_address>0xccc8</load_address>
         <run_address>0xccc8</run_address>
         <size>0x32</size>
         <input_file_ref idref="fl-7"/>
      </object_component>
      <object_component id="oc-16b">
         <name>.text:CC1101GetRegister</name>
         <load_address>0xccfa</load_address>
         <run_address>0xccfa</run_address>
         <size>0x30</size>
         <input_file_ref idref="fl-4"/>
      </object_component>
      <object_component id="oc-30b">
         <name>.text:CC1101Sleep</name>
         <load_address>0xcd2a</load_address>
         <run_address>0xcd2a</run_address>
         <size>0x30</size>
         <input_file_ref idref="fl-4"/>
      </object_component>
      <object_component id="oc-3d0">
         <name>.text:CC1101Configure</name>
         <load_address>0xcd5a</load_address>
         <run_address>0xcd5a</run_address>
         <size>0x2e</size>
         <input_file_ref idref="fl-4"/>
      </object_component>
      <object_component id="oc-139">
         <name>.text:PlatformInit</name>
         <load_address>0xcd88</load_address>
         <run_address>0xcd88</run_address>
         <size>0x2c</size>
         <input_file_ref idref="fl-9"/>
      </object_component>
      <object_component id="oc-14e">
         <name>.text:ProtocolTransfer</name>
         <load_address>0xcdb4</load_address>
         <run_address>0xcdb4</run_address>
         <size>0x2a</size>
         <input_file_ref idref="fl-7"/>
      </object_component>
      <object_component id="oc-38b">
         <name>.text:CC1101Write</name>
         <load_address>0xcdde</load_address>
         <run_address>0xcdde</run_address>
         <size>0x28</size>
         <input_file_ref idref="fl-4"/>
      </object_component>
      <object_component id="oc-13f">
         <name>.text:ProtocolConnect</name>
         <load_address>0xce06</load_address>
         <run_address>0xce06</run_address>
         <size>0x28</size>
         <input_file_ref idref="fl-7"/>
      </object_component>
      <object_component id="oc-b5">
         <name>.text:TimerIsr</name>
         <load_address>0xce2e</load_address>
         <run_address>0xce2e</run_address>
         <size>0x26</size>
         <input_file_ref idref="fl-9"/>
      </object_component>
      <object_component id="oc-327">
         <name>.text</name>
         <load_address>0xce54</load_address>
         <run_address>0xce54</run_address>
         <size>0x26</size>
         <input_file_ref idref="fl-52"/>
      </object_component>
      <object_component id="oc-313">
         <name>.text:memcmp</name>
         <load_address>0xce7a</load_address>
         <run_address>0xce7a</run_address>
         <size>0x22</size>
         <input_file_ref idref="fl-4d"/>
      </object_component>
      <object_component id="oc-344">
         <name>.text:A110x2500Gdo0Init</name>
         <load_address>0xce9c</load_address>
         <run_address>0xce9c</run_address>
         <size>0x20</size>
         <input_file_ref idref="fl-8"/>
      </object_component>
      <object_component id="oc-2a4">
         <name>.text:FrameSchedulerData</name>
         <load_address>0xcebc</load_address>
         <run_address>0xcebc</run_address>
         <size>0x1c</size>
         <input_file_ref idref="fl-5"/>
      </object_component>
      <object_component id="oc-253">
         <name>.text:PhyAddressIsBroadcast</name>
         <load_address>0xced8</load_address>
         <run_address>0xced8</run_address>
         <size>0x1c</size>
         <input_file_ref idref="fl-6"/>
      </object_component>
      <object_component id="oc-3e6">
         <name>.text:PhyTimerStart</name>
         <load_address>0xcef4</load_address>
         <run_address>0xcef4</run_address>
         <size>0x1c</size>
         <input_file_ref idref="fl-2"/>
      </object_component>
      <object_component id="oc-27d">
         <name>.text:PhyTimerStop</name>
         <load_address>0xcf10</load_address>
         <run_address>0xcf10</run_address>
         <size>0x1c</size>
         <input_file_ref idref="fl-2"/>
      </object_component>
      <object_component id="oc-362">
         <name>.text:A110x2500Gdo0Enable</name>
         <load_address>0xcf2c</load_address>
         <run_address>0xcf2c</run_address>
         <size>0x1a</size>
         <input_file_ref idref="fl-8"/>
      </object_component>
      <object_component id="oc-285">
         <name>.text:FrameListen</name>
         <load_address>0xcf46</load_address>
         <run_address>0xcf46</run_address>
         <size>0x1a</size>
         <input_file_ref idref="fl-5"/>
      </object_component>
      <object_component id="oc-20b">
         <name>.text:TransferComplete</name>
         <load_address>0xcf60</load_address>
         <run_address>0xcf60</run_address>
         <size>0x1a</size>
         <input_file_ref idref="fl-9"/>
      </object_component>
      <object_component id="oc-68">
         <name>.text:_c_int00_noargs_noexit</name>
         <load_address>0xcf7a</load_address>
         <run_address>0xcf7a</run_address>
         <size>0x1a</size>
         <input_file_ref idref="fl-39"/>
      </object_component>
      <object_component id="oc-37e">
         <name>.text:A110LR09GetLookup</name>
         <load_address>0xcf94</load_address>
         <run_address>0xcf94</run_address>
         <size>0x18</size>
         <input_file_ref idref="fl-3"/>
      </object_component>
      <object_component id="oc-1af">
         <name>.text:PhyAddressLinkExists</name>
         <load_address>0xcfac</load_address>
         <run_address>0xcfac</run_address>
         <size>0x16</size>
         <input_file_ref idref="fl-6"/>
      </object_component>
      <object_component id="oc-28b">
         <name>.text:PhyLowPowerMode</name>
         <load_address>0xcfc2</load_address>
         <run_address>0xcfc2</run_address>
         <size>0x16</size>
         <input_file_ref idref="fl-2"/>
      </object_component>
      <object_component id="oc-225">
         <name>.text:PhySetChannel</name>
         <load_address>0xcfd8</load_address>
         <run_address>0xcfd8</run_address>
         <size>0x16</size>
         <input_file_ref idref="fl-2"/>
      </object_component>
      <object_component id="oc-3a6">
         <name>.text:PhyTimerEnableRxTimeout</name>
         <load_address>0xcfee</load_address>
         <run_address>0xcfee</run_address>
         <size>0x16</size>
         <input_file_ref idref="fl-2"/>
      </object_component>
      <object_component id="oc-322">
         <name>.text</name>
         <load_address>0xd004</load_address>
         <run_address>0xd004</run_address>
         <size>0x16</size>
         <input_file_ref idref="fl-3d"/>
      </object_component>
      <object_component id="oc-34a">
         <name>.text:A110x2500Gdo0Event</name>
         <load_address>0xd01a</load_address>
         <run_address>0xd01a</run_address>
         <size>0x14</size>
         <input_file_ref idref="fl-8"/>
      </object_component>
      <object_component id="oc-2d1">
         <name>.text:A110x2500HwTimerInit</name>
         <load_address>0xd02e</load_address>
         <run_address>0xd02e</run_address>
         <size>0x14</size>
         <input_file_ref idref="fl-8"/>
      </object_component>
      <object_component id="oc-3ed">
         <name>.text:CC1101TimeoutEvent</name>
         <load_address>0xd042</load_address>
         <run_address>0xd042</run_address>
         <size>0x14</size>
         <input_file_ref idref="fl-4"/>
      </object_component>
      <object_component id="oc-4a">
         <name>.text:decompress:ZI:__TI_zero_init</name>
         <load_address>0xd056</load_address>
         <run_address>0xd056</run_address>
         <size>0x14</size>
         <input_file_ref idref="fl-3c"/>
      </object_component>
      <object_component id="oc-3d6">
         <name>.text:memset</name>
         <load_address>0xd06a</load_address>
         <run_address>0xd06a</run_address>
         <size>0x14</size>
         <input_file_ref idref="fl-4f"/>
      </object_component>
      <object_component id="oc-3c7">
         <name>.text</name>
         <load_address>0xd07e</load_address>
         <run_address>0xd07e</run_address>
         <size>0x14</size>
         <input_file_ref idref="fl-51"/>
      </object_component>
      <object_component id="oc-2bd">
         <name>.text:CC1101SetRegister</name>
         <load_address>0xd092</load_address>
         <run_address>0xd092</run_address>
         <size>0x12</size>
         <input_file_ref idref="fl-4"/>
      </object_component>
      <object_component id="oc-2f4">
         <name>.text:CC1101Strobe</name>
         <load_address>0xd0a4</load_address>
         <run_address>0xd0a4</run_address>
         <size>0x12</size>
         <input_file_ref idref="fl-4"/>
      </object_component>
      <object_component id="oc-249">
         <name>.text:PhyEnable</name>
         <load_address>0xd0b6</load_address>
         <run_address>0xd0b6</run_address>
         <size>0x12</size>
         <input_file_ref idref="fl-2"/>
      </object_component>
      <object_component id="oc-237">
         <name>.text:PhySyncTimerInit</name>
         <load_address>0xd0c8</load_address>
         <run_address>0xd0c8</run_address>
         <size>0x12</size>
         <input_file_ref idref="fl-2"/>
      </object_component>
      <object_component id="oc-1ff">
         <name>.text:PhyTimerDisableRxTimeout</name>
         <load_address>0xd0da</load_address>
         <run_address>0xd0da</run_address>
         <size>0x12</size>
         <input_file_ref idref="fl-2"/>
      </object_component>
      <object_component id="oc-31">
         <name>.text:decompress:none:__TI_decompress_none</name>
         <load_address>0xd0ec</load_address>
         <run_address>0xd0ec</run_address>
         <size>0x12</size>
         <input_file_ref idref="fl-3a"/>
      </object_component>
      <object_component id="oc-90">
         <name>.text:memcpy</name>
         <load_address>0xd0fe</load_address>
         <run_address>0xd0fe</run_address>
         <size>0x12</size>
         <input_file_ref idref="fl-4e"/>
      </object_component>
      <object_component id="oc-29e">
         <name>.text:FrameSchedulerLinkRequest</name>
         <load_address>0xd110</load_address>
         <run_address>0xd110</run_address>
         <size>0x10</size>
         <input_file_ref idref="fl-5"/>
      </object_component>
      <object_component id="oc-10b">
         <name>.text</name>
         <load_address>0xd120</load_address>
         <run_address>0xd120</run_address>
         <size>0x10</size>
         <input_file_ref idref="fl-3f"/>
      </object_component>
      <object_component id="oc-1ea">
         <name>.text:A110LR09ConvertRssiToDbm</name>
         <load_address>0xd130</load_address>
         <run_address>0xd130</run_address>
         <size>0xe</size>
         <input_file_ref idref="fl-3"/>
      </object_component>
      <object_component id="oc-35c">
         <name>.text:A110x2500Gdo0GetState</name>
         <load_address>0xd13e</load_address>
         <run_address>0xd13e</run_address>
         <size>0xe</size>
         <input_file_ref idref="fl-8"/>
      </object_component>
      <object_component id="oc-408">
         <name>.text:A110x2500HwTimerStart</name>
         <load_address>0xd14c</load_address>
         <run_address>0xd14c</run_address>
         <size>0xe</size>
         <input_file_ref idref="fl-8"/>
      </object_component>
      <object_component id="oc-36c">
         <name>.text:CC1101SpiInit</name>
         <load_address>0xd15a</load_address>
         <run_address>0xd15a</run_address>
         <size>0xe</size>
         <input_file_ref idref="fl-4"/>
      </object_component>
      <object_component id="oc-39d">
         <name>.text:CC1101WriteTxFifo</name>
         <load_address>0xd168</load_address>
         <run_address>0xd168</run_address>
         <size>0xe</size>
         <input_file_ref idref="fl-4"/>
      </object_component>
      <object_component id="oc-22b">
         <name>.text:PhyTimerInit</name>
         <load_address>0xd176</load_address>
         <run_address>0xd176</run_address>
         <size>0xe</size>
         <input_file_ref idref="fl-2"/>
      </object_component>
      <object_component id="oc-2fd">
         <name>.text:A110x2500HwTimerStop</name>
         <load_address>0xd184</load_address>
         <run_address>0xd184</run_address>
         <size>0xc</size>
         <input_file_ref idref="fl-8"/>
      </object_component>
      <object_component id="oc-231">
         <name>.text:FrameTimeout</name>
         <load_address>0xd190</load_address>
         <run_address>0xd190</run_address>
         <size>0xc</size>
         <input_file_ref idref="fl-5"/>
      </object_component>
      <object_component id="oc-243">
         <name>.text:FrameInit</name>
         <load_address>0xd19c</load_address>
         <run_address>0xd19c</run_address>
         <size>0xa</size>
         <input_file_ref idref="fl-5"/>
      </object_component>
      <object_component id="oc-350">
         <name>.text:A110x2500Gdo0WaitForAssert</name>
         <load_address>0xd1a6</load_address>
         <run_address>0xd1a6</run_address>
         <size>0x8</size>
         <input_file_ref idref="fl-8"/>
      </object_component>
      <object_component id="oc-356">
         <name>.text:A110x2500Gdo0WaitForDeassert</name>
         <load_address>0xd1ae</load_address>
         <run_address>0xd1ae</run_address>
         <size>0x8</size>
         <input_file_ref idref="fl-8"/>
      </object_component>
      <object_component id="oc-154">
         <name>.text:FrameBusy</name>
         <load_address>0xd1b6</load_address>
         <run_address>0xd1b6</run_address>
         <size>0x6</size>
         <input_file_ref idref="fl-5"/>
      </object_component>
      <object_component id="oc-1bd">
         <name>.text:PhyAddressGetLocalInfo</name>
         <load_address>0xd1bc</load_address>
         <run_address>0xd1bc</run_address>
         <size>0x6</size>
         <input_file_ref idref="fl-6"/>
      </object_component>
      <object_component id="oc-292">
         <name>.text:PhyGetDataStreamStatus</name>
         <load_address>0xd1c2</load_address>
         <run_address>0xd1c2</run_address>
         <size>0x6</size>
         <input_file_ref idref="fl-2"/>
      </object_component>
      <object_component id="oc-11c">
         <name>.text:ProtocolEngineTick</name>
         <load_address>0xd1c8</load_address>
         <run_address>0xd1c8</run_address>
         <size>0x6</size>
         <input_file_ref idref="fl-7"/>
      </object_component>
      <object_component id="oc-aa">
         <name>.text:_isr:__TI_ISR_TRAP</name>
         <load_address>0xd1ce</load_address>
         <run_address>0xd1ce</run_address>
         <size>0x6</size>
         <input_file_ref idref="fl-4c"/>
      </object_component>
      <object_component id="oc-37">
         <name>.text:decompress:rle24:__TI_decompress_rle24</name>
         <load_address>0xd1d4</load_address>
         <run_address>0xd1d4</run_address>
         <size>0x6</size>
         <input_file_ref idref="fl-3b"/>
      </object_component>
      <object_component id="oc-3fe">
         <name>.text:A110LR09GetPowerLookupSize</name>
         <load_address>0xd1da</load_address>
         <run_address>0xd1da</run_address>
         <size>0x4</size>
         <input_file_ref idref="fl-3"/>
      </object_component>
      <object_component id="oc-c2">
         <name>.text:_system_pre_init</name>
         <load_address>0xd1de</load_address>
         <run_address>0xd1de</run_address>
         <size>0x4</size>
         <input_file_ref idref="fl-53"/>
      </object_component>
      <object_component id="oc-ea">
         <name>.text:abort</name>
         <load_address>0xd1e2</load_address>
         <run_address>0xd1e2</run_address>
         <size>0x4</size>
         <input_file_ref idref="fl-40"/>
      </object_component>
      <object_component id="oc-44d">
         <name>.cinit..data.load</name>
         <load_address>0xd242</load_address>
         <run_address>0xd242</run_address>
         <size>0x17</size>
      </object_component>
      <object_component id="oc-44a">
         <name>__TI_handler_table</name>
         <load_address>0xd25a</load_address>
         <run_address>0xd25a</run_address>
         <size>0x6</size>
      </object_component>
      <object_component id="oc-44c">
         <name>.cinit..bss.load</name>
         <load_address>0xd260</load_address>
         <run_address>0xd260</run_address>
         <size>0x4</size>
      </object_component>
      <object_component id="oc-44b">
         <name>__TI_cinit_table</name>
         <load_address>0xd264</load_address>
         <run_address>0xd264</run_address>
         <size>0x8</size>
      </object_component>
      <object_component id="oc-3cc">
         <name>.const:gA110LR09Lookup</name>
         <load_address>0xd1e6</load_address>
         <run_address>0xd1e6</run_address>
         <size>0x3e</size>
         <input_file_ref idref="fl-3"/>
      </object_component>
      <object_component id="oc-2b1">
         <name>.const</name>
         <load_address>0xd224</load_address>
         <run_address>0xd224</run_address>
         <size>0x12</size>
         <input_file_ref idref="fl-2"/>
      </object_component>
      <object_component id="oc-1a5">
         <name>.const</name>
         <load_address>0xd236</load_address>
         <run_address>0xd236</run_address>
         <size>0x8</size>
         <input_file_ref idref="fl-9"/>
      </object_component>
      <object_component id="oc-404">
         <name>.const:gA110LR09PowerLookup</name>
         <load_address>0xd23e</load_address>
         <run_address>0xd23e</run_address>
         <size>0x4</size>
         <input_file_ref idref="fl-3"/>
      </object_component>
      <object_component id="oc-3d">
         <name>.int00</name>
         <load_address>0xffe0</load_address>
         <run_address>0xffe0</run_address>
         <size>0x2</size>
         <input_file_ref idref="fl-41"/>
      </object_component>
      <object_component id="oc-3e">
         <name>.int02</name>
         <load_address>0xffe4</load_address>
         <run_address>0xffe4</run_address>
         <size>0x2</size>
         <input_file_ref idref="fl-42"/>
      </object_component>
      <object_component id="oc-3f">
         <name>.int03</name>
         <load_address>0xffe6</load_address>
         <run_address>0xffe6</run_address>
         <size>0x2</size>
         <input_file_ref idref="fl-9"/>
      </object_component>
      <object_component id="oc-40">
         <name>.int05</name>
         <load_address>0xffea</load_address>
         <run_address>0xffea</run_address>
         <size>0x2</size>
         <input_file_ref idref="fl-43"/>
      </object_component>
      <object_component id="oc-41">
         <name>.int06</name>
         <load_address>0xffec</load_address>
         <run_address>0xffec</run_address>
         <size>0x2</size>
         <input_file_ref idref="fl-44"/>
      </object_component>
      <object_component id="oc-42">
         <name>.int07</name>
         <load_address>0xffee</load_address>
         <run_address>0xffee</run_address>
         <size>0x2</size>
         <input_file_ref idref="fl-45"/>
      </object_component>
      <object_component id="oc-43">
         <name>.int08</name>
         <load_address>0xfff0</load_address>
         <run_address>0xfff0</run_address>
         <size>0x2</size>
         <input_file_ref idref="fl-46"/>
      </object_component>
      <object_component id="oc-44">
         <name>.int09</name>
         <load_address>0xfff2</load_address>
         <run_address>0xfff2</run_address>
         <size>0x2</size>
         <input_file_ref idref="fl-47"/>
      </object_component>
      <object_component id="oc-45">
         <name>.int10</name>
         <load_address>0xfff4</load_address>
         <run_address>0xfff4</run_address>
         <size>0x2</size>
         <input_file_ref idref="fl-48"/>
      </object_component>
      <object_component id="oc-46">
         <name>.int11</name>
         <load_address>0xfff6</load_address>
         <run_address>0xfff6</run_address>
         <size>0x2</size>
         <input_file_ref idref="fl-49"/>
      </object_component>
      <object_component id="oc-47">
         <name>.int12</name>
         <load_address>0xfff8</load_address>
         <run_address>0xfff8</run_address>
         <size>0x2</size>
         <input_file_ref idref="fl-4a"/>
      </object_component>
      <object_component id="oc-48">
         <name>.int13</name>
         <load_address>0xfffa</load_address>
         <run_address>0xfffa</run_address>
         <size>0x2</size>
         <input_file_ref idref="fl-9"/>
      </object_component>
      <object_component id="oc-49">
         <name>.int14</name>
         <load_address>0xfffc</load_address>
         <run_address>0xfffc</run_address>
         <size>0x2</size>
         <input_file_ref idref="fl-4b"/>
      </object_component>
      <object_component id="oc-8f">
         <name>.reset</name>
         <load_address>0xfffe</load_address>
         <run_address>0xfffe</run_address>
         <size>0x2</size>
         <input_file_ref idref="fl-38"/>
      </object_component>
      <object_component id="oc-2b4">
         <name>.data:gA1101Gdo</name>
         <load_address>0x256</load_address>
         <run_address>0x256</run_address>
         <size>0x6</size>
         <input_file_ref idref="fl-2"/>
      </object_component>
      <object_component id="oc-15f">
         <name>.data</name>
         <load_address>0x25c</load_address>
         <run_address>0x25c</run_address>
         <size>0x2</size>
         <input_file_ref idref="fl-2"/>
      </object_component>
      <object_component id="oc-2ec">
         <name>.data</name>
         <load_address>0x25e</load_address>
         <run_address>0x25e</run_address>
         <size>0x1</size>
         <input_file_ref idref="fl-5"/>
      </object_component>
      <object_component id="oc-14b">
         <name>.data</name>
         <load_address>0x246</load_address>
         <run_address>0x246</run_address>
         <size>0x10</size>
         <input_file_ref idref="fl-9"/>
      </object_component>
      <object_component id="oc-163">
         <name>.debug_info</name>
         <load_address>0x0</load_address>
         <run_address>0x0</run_address>
         <size>0x937</size>
         <input_file_ref idref="fl-2"/>
      </object_component>
      <object_component id="oc-2b2">
         <name>.debug_info</name>
         <load_address>0x937</load_address>
         <run_address>0x937</run_address>
         <size>0x127</size>
         <input_file_ref idref="fl-2"/>
      </object_component>
      <object_component id="oc-2b5">
         <name>.debug_info</name>
         <load_address>0xa5e</load_address>
         <run_address>0xa5e</run_address>
         <size>0x102</size>
         <input_file_ref idref="fl-2"/>
      </object_component>
      <object_component id="oc-160">
         <name>.debug_info</name>
         <load_address>0xb60</load_address>
         <run_address>0xb60</run_address>
         <size>0xff</size>
         <input_file_ref idref="fl-2"/>
      </object_component>
      <object_component id="oc-2ac">
         <name>.debug_info</name>
         <load_address>0xc5f</load_address>
         <run_address>0xc5f</run_address>
         <size>0x245</size>
         <input_file_ref idref="fl-2"/>
      </object_component>
      <object_component id="oc-3a7">
         <name>.debug_info</name>
         <load_address>0xea4</load_address>
         <run_address>0xea4</run_address>
         <size>0x1b0</size>
         <input_file_ref idref="fl-2"/>
      </object_component>
      <object_component id="oc-200">
         <name>.debug_info</name>
         <load_address>0x1054</load_address>
         <run_address>0x1054</run_address>
         <size>0x1b1</size>
         <input_file_ref idref="fl-2"/>
      </object_component>
      <object_component id="oc-2c5">
         <name>.debug_info</name>
         <load_address>0x1205</load_address>
         <run_address>0x1205</run_address>
         <size>0x1b1</size>
         <input_file_ref idref="fl-2"/>
      </object_component>
      <object_component id="oc-2ef">
         <name>.debug_info</name>
         <load_address>0x13b6</load_address>
         <run_address>0x13b6</run_address>
         <size>0x266</size>
         <input_file_ref idref="fl-2"/>
      </object_component>
      <object_component id="oc-166">
         <name>.debug_info</name>
         <load_address>0x161c</load_address>
         <run_address>0x161c</run_address>
         <size>0x224</size>
         <input_file_ref idref="fl-2"/>
      </object_component>
      <object_component id="oc-220">
         <name>.debug_info</name>
         <load_address>0x1840</load_address>
         <run_address>0x1840</run_address>
         <size>0x289</size>
         <input_file_ref idref="fl-2"/>
      </object_component>
      <object_component id="oc-24a">
         <name>.debug_info</name>
         <load_address>0x1ac9</load_address>
         <run_address>0x1ac9</run_address>
         <size>0x18a</size>
         <input_file_ref idref="fl-2"/>
      </object_component>
      <object_component id="oc-2e1">
         <name>.debug_info</name>
         <load_address>0x1c53</load_address>
         <run_address>0x1c53</run_address>
         <size>0x232</size>
         <input_file_ref idref="fl-2"/>
      </object_component>
      <object_component id="oc-2db">
         <name>.debug_info</name>
         <load_address>0x1e85</load_address>
         <run_address>0x1e85</run_address>
         <size>0x1e2</size>
         <input_file_ref idref="fl-2"/>
      </object_component>
      <object_component id="oc-226">
         <name>.debug_info</name>
         <load_address>0x2067</load_address>
         <run_address>0x2067</run_address>
         <size>0x1e9</size>
         <input_file_ref idref="fl-2"/>
      </object_component>
      <object_component id="oc-293">
         <name>.debug_info</name>
         <load_address>0x2250</load_address>
         <run_address>0x2250</run_address>
         <size>0x1a1</size>
         <input_file_ref idref="fl-2"/>
      </object_component>
      <object_component id="oc-305">
         <name>.debug_info</name>
         <load_address>0x23f1</load_address>
         <run_address>0x23f1</run_address>
         <size>0x237</size>
         <input_file_ref idref="fl-2"/>
      </object_component>
      <object_component id="oc-261">
         <name>.debug_info</name>
         <load_address>0x2628</load_address>
         <run_address>0x2628</run_address>
         <size>0x245</size>
         <input_file_ref idref="fl-2"/>
      </object_component>
      <object_component id="oc-28c">
         <name>.debug_info</name>
         <load_address>0x286d</load_address>
         <run_address>0x286d</run_address>
         <size>0x1b4</size>
         <input_file_ref idref="fl-2"/>
      </object_component>
      <object_component id="oc-22c">
         <name>.debug_info</name>
         <load_address>0x2a21</load_address>
         <run_address>0x2a21</run_address>
         <size>0x1e6</size>
         <input_file_ref idref="fl-2"/>
      </object_component>
      <object_component id="oc-3e7">
         <name>.debug_info</name>
         <load_address>0x2c07</load_address>
         <run_address>0x2c07</run_address>
         <size>0x1ba</size>
         <input_file_ref idref="fl-2"/>
      </object_component>
      <object_component id="oc-27e">
         <name>.debug_info</name>
         <load_address>0x2dc1</load_address>
         <run_address>0x2dc1</run_address>
         <size>0x1b7</size>
         <input_file_ref idref="fl-2"/>
      </object_component>
      <object_component id="oc-238">
         <name>.debug_info</name>
         <load_address>0x2f78</load_address>
         <run_address>0x2f78</run_address>
         <size>0x1c7</size>
         <input_file_ref idref="fl-2"/>
      </object_component>
      <object_component id="oc-115">
         <name>.debug_info</name>
         <load_address>0x313f</load_address>
         <run_address>0x313f</run_address>
         <size>0x232</size>
         <input_file_ref idref="fl-2"/>
      </object_component>
      <object_component id="oc-17f">
         <name>.debug_info</name>
         <load_address>0x3371</load_address>
         <run_address>0x3371</run_address>
         <size>0x1b8</size>
         <input_file_ref idref="fl-2"/>
      </object_component>
      <object_component id="oc-f8">
         <name>.debug_info</name>
         <load_address>0x3529</load_address>
         <run_address>0x3529</run_address>
         <size>0x84</size>
         <input_file_ref idref="fl-2"/>
      </object_component>
      <object_component id="oc-1df">
         <name>.debug_info</name>
         <load_address>0x35ad</load_address>
         <run_address>0x35ad</run_address>
         <size>0x22b</size>
         <input_file_ref idref="fl-2"/>
      </object_component>
      <object_component id="oc-ff">
         <name>.debug_info</name>
         <load_address>0x37d8</load_address>
         <run_address>0x37d8</run_address>
         <size>0x2c</size>
         <input_file_ref idref="fl-2"/>
      </object_component>
      <object_component id="oc-1d0">
         <name>.debug_info</name>
         <load_address>0x3804</load_address>
         <run_address>0x3804</run_address>
         <size>0x1bf</size>
         <input_file_ref idref="fl-2"/>
      </object_component>
      <object_component id="oc-1d5">
         <name>.debug_info</name>
         <load_address>0x39c3</load_address>
         <run_address>0x39c3</run_address>
         <size>0x6ae</size>
         <input_file_ref idref="fl-2"/>
      </object_component>
      <object_component id="oc-1da">
         <name>.debug_info</name>
         <load_address>0x4071</load_address>
         <run_address>0x4071</run_address>
         <size>0x91</size>
         <input_file_ref idref="fl-2"/>
      </object_component>
      <object_component id="oc-278">
         <name>.debug_info</name>
         <load_address>0x4102</load_address>
         <run_address>0x4102</run_address>
         <size>0x49f</size>
         <input_file_ref idref="fl-3"/>
      </object_component>
      <object_component id="oc-3cd">
         <name>.debug_info</name>
         <load_address>0x45a1</load_address>
         <run_address>0x45a1</run_address>
         <size>0x10a</size>
         <input_file_ref idref="fl-3"/>
      </object_component>
      <object_component id="oc-405">
         <name>.debug_info</name>
         <load_address>0x46ab</load_address>
         <run_address>0x46ab</run_address>
         <size>0x115</size>
         <input_file_ref idref="fl-3"/>
      </object_component>
      <object_component id="oc-2b9">
         <name>.debug_info</name>
         <load_address>0x47c0</load_address>
         <run_address>0x47c0</run_address>
         <size>0x26f</size>
         <input_file_ref idref="fl-3"/>
      </object_component>
      <object_component id="oc-37f">
         <name>.debug_info</name>
         <load_address>0x4a2f</load_address>
         <run_address>0x4a2f</run_address>
         <size>0x1c5</size>
         <input_file_ref idref="fl-3"/>
      </object_component>
      <object_component id="oc-400">
         <name>.debug_info</name>
         <load_address>0x4bf4</load_address>
         <run_address>0x4bf4</run_address>
         <size>0x19d</size>
         <input_file_ref idref="fl-3"/>
      </object_component>
      <object_component id="oc-385">
         <name>.debug_info</name>
         <load_address>0x4d91</load_address>
         <run_address>0x4d91</run_address>
         <size>0x237</size>
         <input_file_ref idref="fl-3"/>
      </object_component>
      <object_component id="oc-3dd">
         <name>.debug_info</name>
         <load_address>0x4fc8</load_address>
         <run_address>0x4fc8</run_address>
         <size>0x28d</size>
         <input_file_ref idref="fl-3"/>
      </object_component>
      <object_component id="oc-1ec">
         <name>.debug_info</name>
         <load_address>0x5255</load_address>
         <run_address>0x5255</run_address>
         <size>0x1e9</size>
         <input_file_ref idref="fl-3"/>
      </object_component>
      <object_component id="oc-2cb">
         <name>.debug_info</name>
         <load_address>0x543e</load_address>
         <run_address>0x543e</run_address>
         <size>0x265</size>
         <input_file_ref idref="fl-3"/>
      </object_component>
      <object_component id="oc-1fe">
         <name>.debug_info</name>
         <load_address>0x56a3</load_address>
         <run_address>0x56a3</run_address>
         <size>0x26c</size>
         <input_file_ref idref="fl-4"/>
      </object_component>
      <object_component id="oc-1f8">
         <name>.debug_info</name>
         <load_address>0x590f</load_address>
         <run_address>0x590f</run_address>
         <size>0x208</size>
         <input_file_ref idref="fl-4"/>
      </object_component>
      <object_component id="oc-38c">
         <name>.debug_info</name>
         <load_address>0x5b17</load_address>
         <run_address>0x5b17</run_address>
         <size>0x20a</size>
         <input_file_ref idref="fl-4"/>
      </object_component>
      <object_component id="oc-1f2">
         <name>.debug_info</name>
         <load_address>0x5d21</load_address>
         <run_address>0x5d21</run_address>
         <size>0x21a</size>
         <input_file_ref idref="fl-4"/>
      </object_component>
      <object_component id="oc-3ee">
         <name>.debug_info</name>
         <load_address>0x5f3b</load_address>
         <run_address>0x5f3b</run_address>
         <size>0x18e</size>
         <input_file_ref idref="fl-4"/>
      </object_component>
      <object_component id="oc-3ae">
         <name>.debug_info</name>
         <load_address>0x60c9</load_address>
         <run_address>0x60c9</run_address>
         <size>0x237</size>
         <input_file_ref idref="fl-4"/>
      </object_component>
      <object_component id="oc-36d">
         <name>.debug_info</name>
         <load_address>0x6300</load_address>
         <run_address>0x6300</run_address>
         <size>0x1d2</size>
         <input_file_ref idref="fl-4"/>
      </object_component>
      <object_component id="oc-373">
         <name>.debug_info</name>
         <load_address>0x64d2</load_address>
         <run_address>0x64d2</run_address>
         <size>0x1bc</size>
         <input_file_ref idref="fl-4"/>
      </object_component>
      <object_component id="oc-3d1">
         <name>.debug_info</name>
         <load_address>0x668e</load_address>
         <run_address>0x668e</run_address>
         <size>0x1ee</size>
         <input_file_ref idref="fl-4"/>
      </object_component>
      <object_component id="oc-16c">
         <name>.debug_info</name>
         <load_address>0x687c</load_address>
         <run_address>0x687c</run_address>
         <size>0x1fe</size>
         <input_file_ref idref="fl-4"/>
      </object_component>
      <object_component id="oc-2be">
         <name>.debug_info</name>
         <load_address>0x6a7a</load_address>
         <run_address>0x6a7a</run_address>
         <size>0x1cd</size>
         <input_file_ref idref="fl-4"/>
      </object_component>
      <object_component id="oc-379">
         <name>.debug_info</name>
         <load_address>0x6c47</load_address>
         <run_address>0x6c47</run_address>
         <size>0x1f0</size>
         <input_file_ref idref="fl-4"/>
      </object_component>
      <object_component id="oc-1e5">
         <name>.debug_info</name>
         <load_address>0x6e37</load_address>
         <run_address>0x6e37</run_address>
         <size>0x238</size>
         <input_file_ref idref="fl-4"/>
      </object_component>
      <object_component id="oc-39e">
         <name>.debug_info</name>
         <load_address>0x706f</load_address>
         <run_address>0x706f</run_address>
         <size>0x1df</size>
         <input_file_ref idref="fl-4"/>
      </object_component>
      <object_component id="oc-2f5">
         <name>.debug_info</name>
         <load_address>0x724e</load_address>
         <run_address>0x724e</run_address>
         <size>0x1b3</size>
         <input_file_ref idref="fl-4"/>
      </object_component>
      <object_component id="oc-30c">
         <name>.debug_info</name>
         <load_address>0x7401</load_address>
         <run_address>0x7401</run_address>
         <size>0x1bd</size>
         <input_file_ref idref="fl-4"/>
      </object_component>
      <object_component id="oc-393">
         <name>.debug_info</name>
         <load_address>0x75be</load_address>
         <run_address>0x75be</run_address>
         <size>0x291</size>
         <input_file_ref idref="fl-4"/>
      </object_component>
      <object_component id="oc-1c8">
         <name>.debug_info</name>
         <load_address>0x784f</load_address>
         <run_address>0x784f</run_address>
         <size>0x3d0</size>
         <input_file_ref idref="fl-5"/>
      </object_component>
      <object_component id="oc-25b">
         <name>.debug_info</name>
         <load_address>0x7c1f</load_address>
         <run_address>0x7c1f</run_address>
         <size>0x2ad</size>
         <input_file_ref idref="fl-5"/>
      </object_component>
      <object_component id="oc-299">
         <name>.debug_info</name>
         <load_address>0x7ecc</load_address>
         <run_address>0x7ecc</run_address>
         <size>0x228</size>
         <input_file_ref idref="fl-5"/>
      </object_component>
      <object_component id="oc-2a5">
         <name>.debug_info</name>
         <load_address>0x80f4</load_address>
         <run_address>0x80f4</run_address>
         <size>0x165</size>
         <input_file_ref idref="fl-5"/>
      </object_component>
      <object_component id="oc-2a0">
         <name>.debug_info</name>
         <load_address>0x8259</load_address>
         <run_address>0x8259</run_address>
         <size>0x18c</size>
         <input_file_ref idref="fl-5"/>
      </object_component>
      <object_component id="oc-245">
         <name>.debug_info</name>
         <load_address>0x83e5</load_address>
         <run_address>0x83e5</run_address>
         <size>0x1a0</size>
         <input_file_ref idref="fl-5"/>
      </object_component>
      <object_component id="oc-286">
         <name>.debug_info</name>
         <load_address>0x8585</load_address>
         <run_address>0x8585</run_address>
         <size>0x166</size>
         <input_file_ref idref="fl-5"/>
      </object_component>
      <object_component id="oc-1b6">
         <name>.debug_info</name>
         <load_address>0x86eb</load_address>
         <run_address>0x86eb</run_address>
         <size>0x1e2</size>
         <input_file_ref idref="fl-5"/>
      </object_component>
      <object_component id="oc-155">
         <name>.debug_info</name>
         <load_address>0x88cd</load_address>
         <run_address>0x88cd</run_address>
         <size>0x14e</size>
         <input_file_ref idref="fl-5"/>
      </object_component>
      <object_component id="oc-21a">
         <name>.debug_info</name>
         <load_address>0x8a1b</load_address>
         <run_address>0x8a1b</run_address>
         <size>0x24c</size>
         <input_file_ref idref="fl-5"/>
      </object_component>
      <object_component id="oc-214">
         <name>.debug_info</name>
         <load_address>0x8c67</load_address>
         <run_address>0x8c67</run_address>
         <size>0x1b8</size>
         <input_file_ref idref="fl-5"/>
      </object_component>
      <object_component id="oc-232">
         <name>.debug_info</name>
         <load_address>0x8e1f</load_address>
         <run_address>0x8e1f</run_address>
         <size>0x164</size>
         <input_file_ref idref="fl-5"/>
      </object_component>
      <object_component id="oc-267">
         <name>.debug_info</name>
         <load_address>0x8f83</load_address>
         <run_address>0x8f83</run_address>
         <size>0x1a3</size>
         <input_file_ref idref="fl-5"/>
      </object_component>
      <object_component id="oc-26e">
         <name>.debug_info</name>
         <load_address>0x9126</load_address>
         <run_address>0x9126</run_address>
         <size>0xb3</size>
         <input_file_ref idref="fl-5"/>
      </object_component>
      <object_component id="oc-251">
         <name>.debug_info</name>
         <load_address>0x91d9</load_address>
         <run_address>0x91d9</run_address>
         <size>0x2cc</size>
         <input_file_ref idref="fl-6"/>
      </object_component>
      <object_component id="oc-23f">
         <name>.debug_info</name>
         <load_address>0x94a5</load_address>
         <run_address>0x94a5</run_address>
         <size>0x24f</size>
         <input_file_ref idref="fl-6"/>
      </object_component>
      <object_component id="oc-1be">
         <name>.debug_info</name>
         <load_address>0x96f4</load_address>
         <run_address>0x96f4</run_address>
         <size>0x174</size>
         <input_file_ref idref="fl-6"/>
      </object_component>
      <object_component id="oc-255">
         <name>.debug_info</name>
         <load_address>0x9868</load_address>
         <run_address>0x9868</run_address>
         <size>0x1c1</size>
         <input_file_ref idref="fl-6"/>
      </object_component>
      <object_component id="oc-1b2">
         <name>.debug_info</name>
         <load_address>0x9a29</load_address>
         <run_address>0x9a29</run_address>
         <size>0x18c</size>
         <input_file_ref idref="fl-6"/>
      </object_component>
      <object_component id="oc-31b">
         <name>.debug_info</name>
         <load_address>0x9bb5</load_address>
         <run_address>0x9bb5</run_address>
         <size>0x200</size>
         <input_file_ref idref="fl-6"/>
      </object_component>
      <object_component id="oc-1bc">
         <name>.debug_info</name>
         <load_address>0x9db5</load_address>
         <run_address>0x9db5</run_address>
         <size>0x578</size>
         <input_file_ref idref="fl-7"/>
      </object_component>
      <object_component id="oc-1ac">
         <name>.debug_info</name>
         <load_address>0xa32d</load_address>
         <run_address>0xa32d</run_address>
         <size>0x1d7</size>
         <input_file_ref idref="fl-7"/>
      </object_component>
      <object_component id="oc-149">
         <name>.debug_info</name>
         <load_address>0xa504</load_address>
         <run_address>0xa504</run_address>
         <size>0x1c8</size>
         <input_file_ref idref="fl-7"/>
      </object_component>
      <object_component id="oc-143">
         <name>.debug_info</name>
         <load_address>0xa6cc</load_address>
         <run_address>0xa6cc</run_address>
         <size>0x1b5</size>
         <input_file_ref idref="fl-7"/>
      </object_component>
      <object_component id="oc-152">
         <name>.debug_info</name>
         <load_address>0xa881</load_address>
         <run_address>0xa881</run_address>
         <size>0x1bf</size>
         <input_file_ref idref="fl-7"/>
      </object_component>
      <object_component id="oc-120">
         <name>.debug_info</name>
         <load_address>0xaa40</load_address>
         <run_address>0xaa40</run_address>
         <size>0x14a</size>
         <input_file_ref idref="fl-7"/>
      </object_component>
      <object_component id="oc-179">
         <name>.debug_info</name>
         <load_address>0xab8a</load_address>
         <run_address>0xab8a</run_address>
         <size>0x1c1</size>
         <input_file_ref idref="fl-7"/>
      </object_component>
      <object_component id="oc-3bc">
         <name>.debug_info</name>
         <load_address>0xad4b</load_address>
         <run_address>0xad4b</run_address>
         <size>0x492</size>
         <input_file_ref idref="fl-8"/>
      </object_component>
      <object_component id="oc-333">
         <name>.debug_info</name>
         <load_address>0xb1dd</load_address>
         <run_address>0xb1dd</run_address>
         <size>0x16a</size>
         <input_file_ref idref="fl-8"/>
      </object_component>
      <object_component id="oc-339">
         <name>.debug_info</name>
         <load_address>0xb347</load_address>
         <run_address>0xb347</run_address>
         <size>0x1ff</size>
         <input_file_ref idref="fl-8"/>
      </object_component>
      <object_component id="oc-33f">
         <name>.debug_info</name>
         <load_address>0xb546</load_address>
         <run_address>0xb546</run_address>
         <size>0x1f7</size>
         <input_file_ref idref="fl-8"/>
      </object_component>
      <object_component id="oc-345">
         <name>.debug_info</name>
         <load_address>0xb73d</load_address>
         <run_address>0xb73d</run_address>
         <size>0x16f</size>
         <input_file_ref idref="fl-8"/>
      </object_component>
      <object_component id="oc-34b">
         <name>.debug_info</name>
         <load_address>0xb8ac</load_address>
         <run_address>0xb8ac</run_address>
         <size>0x19b</size>
         <input_file_ref idref="fl-8"/>
      </object_component>
      <object_component id="oc-352">
         <name>.debug_info</name>
         <load_address>0xba47</load_address>
         <run_address>0xba47</run_address>
         <size>0x181</size>
         <input_file_ref idref="fl-8"/>
      </object_component>
      <object_component id="oc-358">
         <name>.debug_info</name>
         <load_address>0xbbc8</load_address>
         <run_address>0xbbc8</run_address>
         <size>0x185</size>
         <input_file_ref idref="fl-8"/>
      </object_component>
      <object_component id="oc-35e">
         <name>.debug_info</name>
         <load_address>0xbd4d</load_address>
         <run_address>0xbd4d</run_address>
         <size>0x17b</size>
         <input_file_ref idref="fl-8"/>
      </object_component>
      <object_component id="oc-363">
         <name>.debug_info</name>
         <load_address>0xbec8</load_address>
         <run_address>0xbec8</run_address>
         <size>0x18d</size>
         <input_file_ref idref="fl-8"/>
      </object_component>
      <object_component id="oc-2d2">
         <name>.debug_info</name>
         <load_address>0xc055</load_address>
         <run_address>0xc055</run_address>
         <size>0x175</size>
         <input_file_ref idref="fl-8"/>
      </object_component>
      <object_component id="oc-409">
         <name>.debug_info</name>
         <load_address>0xc1ca</load_address>
         <run_address>0xc1ca</run_address>
         <size>0x177</size>
         <input_file_ref idref="fl-8"/>
      </object_component>
      <object_component id="oc-2ff">
         <name>.debug_info</name>
         <load_address>0xc341</load_address>
         <run_address>0xc341</run_address>
         <size>0x175</size>
         <input_file_ref idref="fl-8"/>
      </object_component>
      <object_component id="oc-11b">
         <name>.debug_info</name>
         <load_address>0xc4b6</load_address>
         <run_address>0xc4b6</run_address>
         <size>0x539</size>
         <input_file_ref idref="fl-9"/>
      </object_component>
      <object_component id="oc-1a6">
         <name>.debug_info</name>
         <load_address>0xc9ef</load_address>
         <run_address>0xc9ef</run_address>
         <size>0x10c</size>
         <input_file_ref idref="fl-9"/>
      </object_component>
      <object_component id="oc-14c">
         <name>.debug_info</name>
         <load_address>0xcafb</load_address>
         <run_address>0xcafb</run_address>
         <size>0x11c</size>
         <input_file_ref idref="fl-9"/>
      </object_component>
      <object_component id="oc-20e">
         <name>.debug_info</name>
         <load_address>0xcc17</load_address>
         <run_address>0xcc17</run_address>
         <size>0x1d0</size>
         <input_file_ref idref="fl-9"/>
      </object_component>
      <object_component id="oc-13c">
         <name>.debug_info</name>
         <load_address>0xcde7</load_address>
         <run_address>0xcde7</run_address>
         <size>0x188</size>
         <input_file_ref idref="fl-9"/>
      </object_component>
      <object_component id="oc-e4">
         <name>.debug_info</name>
         <load_address>0xcf6f</load_address>
         <run_address>0xcf6f</run_address>
         <size>0x1d5</size>
         <input_file_ref idref="fl-9"/>
      </object_component>
      <object_component id="oc-b0">
         <name>.debug_info</name>
         <load_address>0xd144</load_address>
         <run_address>0xd144</run_address>
         <size>0x192</size>
         <input_file_ref idref="fl-9"/>
      </object_component>
      <object_component id="oc-b6">
         <name>.debug_info</name>
         <load_address>0xd2d6</load_address>
         <run_address>0xd2d6</run_address>
         <size>0x186</size>
         <input_file_ref idref="fl-9"/>
      </object_component>
      <object_component id="oc-174">
         <name>.debug_info</name>
         <load_address>0xd45c</load_address>
         <run_address>0xd45c</run_address>
         <size>0x63</size>
         <input_file_ref idref="fl-9"/>
      </object_component>
      <object_component id="oc-8d">
         <name>.debug_info</name>
         <load_address>0xd4bf</load_address>
         <run_address>0xd4bf</run_address>
         <size>0xd8</size>
         <input_file_ref idref="fl-38"/>
      </object_component>
      <object_component id="oc-6a">
         <name>.debug_info</name>
         <load_address>0xd597</load_address>
         <run_address>0xd597</run_address>
         <size>0x179</size>
         <input_file_ref idref="fl-39"/>
      </object_component>
      <object_component id="oc-9c">
         <name>.debug_info</name>
         <load_address>0xd710</load_address>
         <run_address>0xd710</run_address>
         <size>0x195</size>
         <input_file_ref idref="fl-3a"/>
      </object_component>
      <object_component id="oc-32">
         <name>.debug_info</name>
         <load_address>0xd8a5</load_address>
         <run_address>0xd8a5</run_address>
         <size>0x1c2</size>
         <input_file_ref idref="fl-3a"/>
      </object_component>
      <object_component id="oc-97">
         <name>.debug_info</name>
         <load_address>0xda67</load_address>
         <run_address>0xda67</run_address>
         <size>0x46</size>
         <input_file_ref idref="fl-3a"/>
      </object_component>
      <object_component id="oc-104">
         <name>.debug_info</name>
         <load_address>0xdaad</load_address>
         <run_address>0xdaad</run_address>
         <size>0x2c</size>
         <input_file_ref idref="fl-3a"/>
      </object_component>
      <object_component id="oc-a4">
         <name>.debug_info</name>
         <load_address>0xdad9</load_address>
         <run_address>0xdad9</run_address>
         <size>0x157</size>
         <input_file_ref idref="fl-3b"/>
      </object_component>
      <object_component id="oc-a1">
         <name>.debug_info</name>
         <load_address>0xdc30</load_address>
         <run_address>0xdc30</run_address>
         <size>0x21d</size>
         <input_file_ref idref="fl-3b"/>
      </object_component>
      <object_component id="oc-3b">
         <name>.debug_info</name>
         <load_address>0xde4d</load_address>
         <run_address>0xde4d</run_address>
         <size>0x194</size>
         <input_file_ref idref="fl-3b"/>
      </object_component>
      <object_component id="oc-a5">
         <name>.debug_info</name>
         <load_address>0xdfe1</load_address>
         <run_address>0xdfe1</run_address>
         <size>0x39</size>
         <input_file_ref idref="fl-3b"/>
      </object_component>
      <object_component id="oc-c1">
         <name>.debug_info</name>
         <load_address>0xe01a</load_address>
         <run_address>0xe01a</run_address>
         <size>0x14d</size>
         <input_file_ref idref="fl-3c"/>
      </object_component>
      <object_component id="oc-4c">
         <name>.debug_info</name>
         <load_address>0xe167</load_address>
         <run_address>0xe167</run_address>
         <size>0x198</size>
         <input_file_ref idref="fl-3c"/>
      </object_component>
      <object_component id="oc-bc">
         <name>.debug_info</name>
         <load_address>0xe2ff</load_address>
         <run_address>0xe2ff</run_address>
         <size>0x46</size>
         <input_file_ref idref="fl-3c"/>
      </object_component>
      <object_component id="oc-324">
         <name>.debug_info</name>
         <load_address>0xe345</load_address>
         <run_address>0xe345</run_address>
         <size>0x100</size>
         <input_file_ref idref="fl-3d"/>
      </object_component>
      <object_component id="oc-32d">
         <name>.debug_info</name>
         <load_address>0xe445</load_address>
         <run_address>0xe445</run_address>
         <size>0x102</size>
         <input_file_ref idref="fl-3e"/>
      </object_component>
      <object_component id="oc-10c">
         <name>.debug_info</name>
         <load_address>0xe547</load_address>
         <run_address>0xe547</run_address>
         <size>0x10d</size>
         <input_file_ref idref="fl-3f"/>
      </object_component>
      <object_component id="oc-eb">
         <name>.debug_info</name>
         <load_address>0xe654</load_address>
         <run_address>0xe654</run_address>
         <size>0xfa</size>
         <input_file_ref idref="fl-40"/>
      </object_component>
      <object_component id="oc-ab">
         <name>.debug_info</name>
         <load_address>0xe74e</load_address>
         <run_address>0xe74e</run_address>
         <size>0xee</size>
         <input_file_ref idref="fl-4c"/>
      </object_component>
      <object_component id="oc-3b5">
         <name>.debug_info</name>
         <load_address>0xe83c</load_address>
         <run_address>0xe83c</run_address>
         <size>0x14a</size>
         <input_file_ref idref="fl-4d"/>
      </object_component>
      <object_component id="oc-314">
         <name>.debug_info</name>
         <load_address>0xe986</load_address>
         <run_address>0xe986</run_address>
         <size>0x223</size>
         <input_file_ref idref="fl-4d"/>
      </object_component>
      <object_component id="oc-fe">
         <name>.debug_info</name>
         <load_address>0xeba9</load_address>
         <run_address>0xeba9</run_address>
         <size>0x150</size>
         <input_file_ref idref="fl-4e"/>
      </object_component>
      <object_component id="oc-94">
         <name>.debug_info</name>
         <load_address>0xecf9</load_address>
         <run_address>0xecf9</run_address>
         <size>0x174</size>
         <input_file_ref idref="fl-4e"/>
      </object_component>
      <object_component id="oc-3fd">
         <name>.debug_info</name>
         <load_address>0xee6d</load_address>
         <run_address>0xee6d</run_address>
         <size>0x145</size>
         <input_file_ref idref="fl-4f"/>
      </object_component>
      <object_component id="oc-3d7">
         <name>.debug_info</name>
         <load_address>0xefb2</load_address>
         <run_address>0xefb2</run_address>
         <size>0x20d</size>
         <input_file_ref idref="fl-4f"/>
      </object_component>
      <object_component id="oc-3c8">
         <name>.debug_info</name>
         <load_address>0xf1bf</load_address>
         <run_address>0xf1bf</run_address>
         <size>0x100</size>
         <input_file_ref idref="fl-51"/>
      </object_component>
      <object_component id="oc-328">
         <name>.debug_info</name>
         <load_address>0xf2bf</load_address>
         <run_address>0xf2bf</run_address>
         <size>0x100</size>
         <input_file_ref idref="fl-52"/>
      </object_component>
      <object_component id="oc-c3">
         <name>.debug_info</name>
         <load_address>0xf3bf</load_address>
         <run_address>0xf3bf</run_address>
         <size>0x12b</size>
         <input_file_ref idref="fl-53"/>
      </object_component>
      <object_component id="oc-127">
         <name>.debug_info</name>
         <load_address>0xf4ea</load_address>
         <run_address>0xf4ea</run_address>
         <size>0x2cc</size>
         <input_file_ref idref="fl-56"/>
      </object_component>
      <object_component id="oc-c9">
         <name>.debug_info</name>
         <load_address>0xf7b6</load_address>
         <run_address>0xf7b6</run_address>
         <size>0x17e</size>
         <input_file_ref idref="fl-56"/>
      </object_component>
      <object_component id="oc-187">
         <name>.debug_info</name>
         <load_address>0xf934</load_address>
         <run_address>0xf934</run_address>
         <size>0x39</size>
         <input_file_ref idref="fl-56"/>
      </object_component>
      <object_component id="oc-44f">
         <name>.debug_info</name>
         <load_address>0xf96d</load_address>
         <run_address>0xf96d</run_address>
         <size>0xac</size>
      </object_component>
      <object_component id="oc-1cf">
         <name>.debug_line</name>
         <load_address>0x0</load_address>
         <run_address>0x0</run_address>
         <size>0x19c</size>
         <input_file_ref idref="fl-2"/>
      </object_component>
      <object_component id="oc-369">
         <name>.debug_line</name>
         <load_address>0x19c</load_address>
         <run_address>0x19c</run_address>
         <size>0x57</size>
         <input_file_ref idref="fl-2"/>
      </object_component>
      <object_component id="oc-36b">
         <name>.debug_line</name>
         <load_address>0x1f3</load_address>
         <run_address>0x1f3</run_address>
         <size>0x57</size>
         <input_file_ref idref="fl-2"/>
      </object_component>
      <object_component id="oc-1cd">
         <name>.debug_line</name>
         <load_address>0x24a</load_address>
         <run_address>0x24a</run_address>
         <size>0x57</size>
         <input_file_ref idref="fl-2"/>
      </object_component>
      <object_component id="oc-2af">
         <name>.debug_line</name>
         <load_address>0x2a1</load_address>
         <run_address>0x2a1</run_address>
         <size>0x72</size>
         <input_file_ref idref="fl-2"/>
      </object_component>
      <object_component id="oc-3aa">
         <name>.debug_line</name>
         <load_address>0x313</load_address>
         <run_address>0x313</run_address>
         <size>0x6f</size>
         <input_file_ref idref="fl-2"/>
      </object_component>
      <object_component id="oc-203">
         <name>.debug_line</name>
         <load_address>0x382</load_address>
         <run_address>0x382</run_address>
         <size>0x6f</size>
         <input_file_ref idref="fl-2"/>
      </object_component>
      <object_component id="oc-2c8">
         <name>.debug_line</name>
         <load_address>0x3f1</load_address>
         <run_address>0x3f1</run_address>
         <size>0x6d</size>
         <input_file_ref idref="fl-2"/>
      </object_component>
      <object_component id="oc-2f2">
         <name>.debug_line</name>
         <load_address>0x45e</load_address>
         <run_address>0x45e</run_address>
         <size>0x71</size>
         <input_file_ref idref="fl-2"/>
      </object_component>
      <object_component id="oc-169">
         <name>.debug_line</name>
         <load_address>0x4cf</load_address>
         <run_address>0x4cf</run_address>
[...]
      </symbol>
      <symbol id="sm-178">
         <name>PhySyncEopIsr</name>
         <value>0xc13c</value>
         <object_component_ref idref="oc-114"/>
      </symbol>
      <symbol id="sm-179">
         <name>gA1101Spi</name>
         <value>0xd224</value>
         <object_component_ref idref="oc-2b1"/>
      </symbol>
      <symbol id="sm-17a">
         <name>PhySyncTimerInit</name>
         <value>0xd0c8</value>
         <object_component_ref idref="oc-237"/>
      </symbol>
      <symbol id="sm-17b">
         <name>PhyTimerInit</name>
         <value>0xd176</value>
         <object_component_ref idref="oc-22b"/>
      </symbol>
      <symbol id="sm-17c">
         <name>PhyTransmit</name>
         <value>0xc85e</value>
         <object_component_ref idref="oc-260"/>
      </symbol>
      <symbol id="sm-17d">
         <name>PhyTimerStop</name>
         <value>0xcf10</value>
         <object_component_ref idref="oc-27d"/>
      </symbol>
      <symbol id="sm-17e">
         <name>PhySetChannel</name>
         <value>0xcfd8</value>
         <object_component_ref idref="oc-225"/>
      </symbol>
      <symbol id="sm-17f">
         <name>PhyEnableAddressFilter</name>
         <value>0xcad2</value>
         <object_component_ref idref="oc-2e0"/>
      </symbol>
      <symbol id="sm-180">
         <name>PhyActiveMode</name>
         <value>0xc986</value>
         <object_component_ref idref="oc-2c4"/>
      </symbol>
      <symbol id="sm-181">
         <name>PhyTimerEnableRxTimeout</name>
         <value>0xcfee</value>
         <object_component_ref idref="oc-3a6"/>
      </symbol>
      <symbol id="sm-182">
         <name>PhyDisableAddressFilter</name>
         <value>0xcc96</value>
         <object_component_ref idref="oc-2da"/>
      </symbol>
      <symbol id="sm-183">
         <name>gA1101Gdo</name>
         <value>0x256</value>
         <object_component_ref idref="oc-2b4"/>
      </symbol>
      <symbol id="sm-184">
         <name>PhyLowPowerMode</name>
         <value>0xcfc2</value>
         <object_component_ref idref="oc-28b"/>
      </symbol>
      <symbol id="sm-185">
         <name>PhyTimerStart</name>
         <value>0xcef4</value>
         <object_component_ref idref="oc-3e6"/>
      </symbol>
      <symbol id="sm-186">
         <name>PhyInit</name>
         <value>0xc2ce</value>
         <object_component_ref idref="oc-21f"/>
      </symbol>
      <symbol id="sm-1df">
         <name>A110LR09Configure</name>
         <value>0xc60a</value>
         <object_component_ref idref="oc-384"/>
      </symbol>
      <symbol id="sm-1e0">
         <name>A110LR09Init</name>
         <value>0xc76a</value>
         <object_component_ref idref="oc-2b7"/>
      </symbol>
      <symbol id="sm-1e1">
         <name>A110LR09ConvertRssiToDbm</name>
         <value>0xd130</value>
         <object_component_ref idref="oc-1ea"/>
      </symbol>
      <symbol id="sm-1e2">
         <name>gA110LR09Lookup</name>
         <value>0xd1e6</value>
         <object_component_ref idref="oc-3cc"/>
      </symbol>
      <symbol id="sm-1e3">
         <name>gA110LR09PowerLookup</name>
         <value>0xd23e</value>
         <object_component_ref idref="oc-404"/>
      </symbol>
      <symbol id="sm-1e4">
         <name>A110LR09GetLookup</name>
         <value>0xcf94</value>
         <object_component_ref idref="oc-37e"/>
      </symbol>
      <symbol id="sm-1e5">
         <name>A110LR09SetPaTable</name>
         <value>0xc000</value>
         <object_component_ref idref="oc-3dc"/>
      </symbol>
      <symbol id="sm-1e6">
         <name>A110LR09SetChannr</name>
         <value>0xc0a8</value>
         <object_component_ref idref="oc-2ca"/>
      </symbol>
      <symbol id="sm-1e7">
         <name>A110LR09GetPowerLookupSize</name>
         <value>0xd1da</value>
         <object_component_ref idref="oc-3fe"/>
      </symbol>
      <symbol id="sm-27c">
         <name>CC1101Wakeup</name>
         <value>0xc554</value>
         <object_component_ref idref="oc-392"/>
      </symbol>
      <symbol id="sm-27d">
         <name>CC1101SetAndVerifyState</name>
         <value>0xcb8c</value>
         <object_component_ref idref="oc-3ad"/>
      </symbol>
      <symbol id="sm-27e">
         <name>CC1101GdoInit</name>
         <value>0xc8aa</value>
         <object_component_ref idref="oc-372"/>
      </symbol>
      <symbol id="sm-27f">
         <name>CC1101ReadRxFifo</name>
         <value>0xc93e</value>
         <object_component_ref idref="oc-1e4"/>
      </symbol>
      <symbol id="sm-280">
         <name>CC1101WriteTxFifo</name>
         <value>0xd168</value>
         <object_component_ref idref="oc-39d"/>
      </symbol>
      <symbol id="sm-281">
         <name>CC1101SetRegister</name>
         <value>0xd092</value>
         <object_component_ref idref="oc-2bd"/>
      </symbol>
      <symbol id="sm-282">
         <name>CC1101Configure</name>
         <value>0xcd5a</value>
         <object_component_ref idref="oc-3d0"/>
      </symbol>
      <symbol id="sm-283">
         <name>CC1101Read</name>
         <value>0xcb12</value>
         <object_component_ref idref="oc-1f7"/>
      </symbol>
      <symbol id="sm-284">
         <name>CC1101SpiInit</name>
         <value>0xd15a</value>
         <object_component_ref idref="oc-36c"/>
      </symbol>
      <symbol id="sm-285">
         <name>CC1101Sleep</name>
         <value>0xcd2a</value>
         <object_component_ref idref="oc-30b"/>
      </symbol>
      <symbol id="sm-286">
         <name>CC1101Strobe</name>
         <value>0xd0a4</value>
         <object_component_ref idref="oc-2f4"/>
      </symbol>
      <symbol id="sm-287">
         <name>CC1101WriteRegisters</name>
         <value>0xcdde</value>
         <object_component_ref idref="oc-38b"/>
      </symbol>
      <symbol id="sm-288">
         <name>CC1101GetChip</name>
         <value>0xc4f4</value>
         <object_component_ref idref="oc-378"/>
      </symbol>
      <symbol id="sm-289">
         <name>CC1101GetRegister</name>
         <value>0xccfa</value>
         <object_component_ref idref="oc-16b"/>
      </symbol>
      <symbol id="sm-28a">
         <name>CC1101Write</name>
         <value>0xcdde</value>
         <object_component_ref idref="oc-38b"/>
      </symbol>
      <symbol id="sm-28b">
         <name>CC1101GetRegisterWithSpiSyncProblem</name>
         <value>0xc8f4</value>
         <object_component_ref idref="oc-1f1"/>
      </symbol>
      <symbol id="sm-28c">
         <name>CC1101TimeoutEvent</name>
         <value>0xd042</value>
         <object_component_ref idref="oc-3ed"/>
      </symbol>
      <symbol id="sm-305">
         <name>FrameBusy</name>
         <value>0xd1b6</value>
         <object_component_ref idref="oc-154"/>
      </symbol>
      <symbol id="sm-306">
         <name>FrameAssemble</name>
         <value>0xc3b8</value>
         <object_component_ref idref="oc-219"/>
      </symbol>
      <symbol id="sm-307">
         <name>FrameDisassemble</name>
         <value>0xca50</value>
         <object_component_ref idref="oc-213"/>
      </symbol>
      <symbol id="sm-308">
         <name>FrameInit</name>
         <value>0xd19c</value>
         <object_component_ref idref="oc-243"/>
      </symbol>
      <symbol id="sm-309">
         <name>FrameTimeout</name>
         <value>0xd190</value>
         <object_component_ref idref="oc-231"/>
      </symbol>
      <symbol id="sm-30a">
         <name>FrameSend</name>
         <value>0xcb50</value>
         <object_component_ref idref="oc-1b5"/>
      </symbol>
      <symbol id="sm-30b">
         <name>FrameSchedulerLinkRequest</name>
         <value>0xd110</value>
         <object_component_ref idref="oc-29e"/>
      </symbol>
      <symbol id="sm-30c">
         <name>FrameEndPointValidate</name>
         <value>0xc428</value>
         <object_component_ref idref="oc-298"/>
      </symbol>
      <symbol id="sm-30d">
         <name>FrameListen</name>
         <value>0xcf46</value>
         <object_component_ref idref="oc-285"/>
      </symbol>
      <symbol id="sm-30e">
         <name>FrameBuild</name>
         <value>0xc1d0</value>
         <object_component_ref idref="oc-25a"/>
      </symbol>
      <symbol id="sm-30f">
         <name>FrameSchedulerData</name>
         <value>0xcebc</value>
         <object_component_ref idref="oc-2a4"/>
      </symbol>
      <symbol id="sm-343">
         <name>PhyAddressLinkEstablish</name>
         <value>0xca92</value>
         <object_component_ref idref="oc-31a"/>
      </symbol>
      <symbol id="sm-344">
         <name>PhyAddressLinkExists</name>
         <value>0xcfac</value>
         <object_component_ref idref="oc-1af"/>
      </symbol>
      <symbol id="sm-345">
         <name>PhyAddressGetLocalInfo</name>
         <value>0xd1bc</value>
         <object_component_ref idref="oc-1bd"/>
      </symbol>
      <symbol id="sm-346">
         <name>PhyAddressIsBroadcast</name>
         <value>0xced8</value>
         <object_component_ref idref="oc-253"/>
      </symbol>
      <symbol id="sm-347">
         <name>PhyAddressInit</name>
         <value>0xc7be</value>
         <object_component_ref idref="oc-23d"/>
      </symbol>
      <symbol id="sm-37b">
         <name>ProtocolTransfer</name>
         <value>0xcdb4</value>
         <object_component_ref idref="oc-14e"/>
      </symbol>
      <symbol id="sm-37c">
         <name>ProtocolInit</name>
         <value>0xc810</value>
         <object_component_ref idref="oc-1a8"/>
      </symbol>
      <symbol id="sm-37d">
         <name>ProtocolConnect</name>
         <value>0xce06</value>
         <object_component_ref idref="oc-13f"/>
      </symbol>
      <symbol id="sm-37e">
         <name>ProtocolEngineTick</name>
         <value>0xd1c8</value>
         <object_component_ref idref="oc-11c"/>
      </symbol>
      <symbol id="sm-37f">
         <name>ProtocolStatusPhyAddressInfo</name>
         <value>0xccc8</value>
         <object_component_ref idref="oc-145"/>
      </symbol>
      <symbol id="sm-3e7">
         <name>A110x2500HwTimerInit</name>
         <value>0xd02e</value>
         <object_component_ref idref="oc-2d1"/>
      </symbol>
      <symbol id="sm-3e8">
         <name>A110x2500SpiInit</name>
         <value>0xca0e</value>
         <object_component_ref idref="oc-332"/>
      </symbol>
      <symbol id="sm-3e9">
         <name>A110x2500SpiWrite</name>
         <value>0xc5b0</value>
         <object_component_ref idref="oc-33e"/>
      </symbol>
      <symbol id="sm-3ea">
         <name>A110x2500SpiRead</name>
         <value>0xc256</value>
         <object_component_ref idref="oc-338"/>
      </symbol>
      <symbol id="sm-3eb">
         <name>A110x2500Gdo0WaitForAssert</name>
         <value>0xd1a6</value>
         <object_component_ref idref="oc-350"/>
      </symbol>
      <symbol id="sm-3ec">
         <name>A110x2500Gdo0Init</name>
         <value>0xce9c</value>
         <object_component_ref idref="oc-344"/>
      </symbol>
      <symbol id="sm-3ed">
         <name>A110x2500Gdo0GetState</name>
         <value>0xd13e</value>
         <object_component_ref idref="oc-35c"/>
      </symbol>
      <symbol id="sm-3ee">
         <name>A110x2500Gdo0WaitForDeassert</name>
         <value>0xd1ae</value>
         <object_component_ref idref="oc-356"/>
      </symbol>
      <symbol id="sm-3ef">
         <name>A110x2500Gdo0Enable</name>
         <value>0xcf2c</value>
         <object_component_ref idref="oc-362"/>
      </symbol>
      <symbol id="sm-3f0">
         <name>A110x2500HwTimerStop</name>
         <value>0xd184</value>
         <object_component_ref idref="oc-2fd"/>
      </symbol>
      <symbol id="sm-3f1">
         <name>A110x2500Gdo0Event</name>
         <value>0xd01a</value>
         <object_component_ref idref="oc-34a"/>
      </symbol>
      <symbol id="sm-3f2">
         <name>A110x2500HwTimerStart</name>
         <value>0xd14c</value>
         <object_component_ref idref="oc-408"/>
      </symbol>
      <symbol id="sm-434">
         <name>PlatformInit</name>
         <value>0xcd88</value>
         <object_component_ref idref="oc-139"/>
      </symbol>
      <symbol id="sm-435">
         <name>GDO0Isr</name>
         <value>0xcc32</value>
         <object_component_ref idref="oc-af"/>
      </symbol>
      <symbol id="sm-436">
         <name>__TI_int03</name>
         <value>0xffe6</value>
         <object_component_ref idref="oc-3f"/>
      </symbol>
      <symbol id="sm-437">
         <name>__TI_int13</name>
         <value>0xfffa</value>
         <object_component_ref idref="oc-48"/>
      </symbol>
      <symbol id="sm-438">
         <name>main</name>
         <value>0xc9ca</value>
         <object_component_ref idref="oc-e2"/>
      </symbol>
      <symbol id="sm-439">
         <name>TimerIsr</name>
         <value>0xce2e</value>
         <object_component_ref idref="oc-b5"/>
      </symbol>
      <symbol id="sm-43a">
         <name>TransferComplete</name>
         <value>0xcf60</value>
         <object_component_ref idref="oc-20b"/>
      </symbol>
      <symbol id="sm-443">
         <name>_stack</name>
         <value>0x3b0</value>
         <object_component_ref idref="oc-8c"/>
      </symbol>
      <symbol id="sm-444">
         <name>_reset_vector</name>
         <value>0xfffe</value>
         <object_component_ref idref="oc-8f"/>
      </symbol>
      <symbol id="sm-44f">
         <name>_c_int00_noargs_noexit</name>
         <value>0xcf7a</value>
         <object_component_ref idref="oc-68"/>
      </symbol>
      <symbol id="sm-465">
         <name>__TI_decompress_none</name>
         <value>0xd0ec</value>
         <object_component_ref idref="oc-31"/>
      </symbol>
      <symbol id="sm-487">
         <name>__TI_decompress_rle24</name>
         <value>0xd1d4</value>
         <object_component_ref idref="oc-37"/>
      </symbol>
      <symbol id="sm-49a">
         <name>__TI_zero_init</name>
         <value>0xd056</value>
         <object_component_ref idref="oc-4a"/>
      </symbol>
      <symbol id="sm-4a4">
         <name>__mspabi_remu</name>
         <value>0xd004</value>
         <object_component_ref idref="oc-322"/>
      </symbol>
      <symbol id="sm-4a5">
         <name>__mspabi_divu</name>
         <value>0xd004</value>
         <object_component_ref idref="oc-322"/>
      </symbol>
      <symbol id="sm-4b4">
         <name>__mspabi_remul</name>
         <value>0xc712</value>
         <object_component_ref idref="oc-32c"/>
      </symbol>
      <symbol id="sm-4b5">
         <name>__mspabi_divul</name>
         <value>0xc712</value>
         <object_component_ref idref="oc-32c"/>
      </symbol>
      <symbol id="sm-4be">
         <name>__mspabi_func_epilog_2</name>
         <value>0xd12a</value>
         <object_component_ref idref="oc-10b"/>
      </symbol>
      <symbol id="sm-4bf">
         <name>__mspabi_func_epilog_3</name>
         <value>0xd128</value>
         <object_component_ref idref="oc-10b"/>
      </symbol>
      <symbol id="sm-4c0">
         <name>__mspabi_func_epilog_1</name>
         <value>0xd12c</value>
         <object_component_ref idref="oc-10b"/>
      </symbol>
      <symbol id="sm-4c1">
         <name>__mspabi_func_epilog_6</name>
         <value>0xd122</value>
         <object_component_ref idref="oc-10b"/>
      </symbol>
      <symbol id="sm-4c2">
         <name>__mspabi_func_epilog_7</name>
         <value>0xd120</value>
         <object_component_ref idref="oc-10b"/>
      </symbol>
      <symbol id="sm-4c3">
         <name>__mspabi_func_epilog_4</name>
         <value>0xd126</value>
         <object_component_ref idref="oc-10b"/>
      </symbol>
      <symbol id="sm-4c4">
         <name>__mspabi_func_epilog_5</name>
         <value>0xd124</value>
         <object_component_ref idref="oc-10b"/>
      </symbol>
      <symbol id="sm-4cf">
         <name>C$$EXIT</name>
         <value>0xd1e2</value>
         <object_component_ref idref="oc-ea"/>
      </symbol>
      <symbol id="sm-4d0">
         <name>abort</name>
         <value>0xd1e2</value>
         <object_component_ref idref="oc-ea"/>
      </symbol>
      <symbol id="sm-4d3">
         <name>__TI_int00</name>
         <value>0xffe0</value>
         <object_component_ref idref="oc-3d"/>
      </symbol>
      <symbol id="sm-4d6">
         <name>__TI_int02</name>
         <value>0xffe4</value>
         <object_component_ref idref="oc-3e"/>
      </symbol>
      <symbol id="sm-4d9">
         <name>__TI_int05</name>
         <value>0xffea</value>
         <object_component_ref idref="oc-40"/>
      </symbol>
      <symbol id="sm-4dc">
         <name>__TI_int06</name>
         <value>0xffec</value>
         <object_component_ref idref="oc-41"/>
      </symbol>
      <symbol id="sm-4df">
         <name>__TI_int07</name>
         <value>0xffee</value>
         <object_component_ref idref="oc-42"/>
      </symbol>
      <symbol id="sm-4e2">
         <name>__TI_int08</name>
         <value>0xfff0</value>
         <object_component_ref idref="oc-43"/>
      </symbol>
      <symbol id="sm-4e5">
         <name>__TI_int09</name>
         <value>0xfff2</value>
         <object_component_ref idref="oc-44"/>
      </symbol>
      <symbol id="sm-4e8">
         <name>__TI_int10</name>
         <value>0xfff4</value>
         <object_component_ref idref="oc-45"/>
      </symbol>
      <symbol id="sm-4eb">
         <name>__TI_int11</name>
         <value>0xfff6</value>
         <object_component_ref idref="oc-46"/>
      </symbol>
      <symbol id="sm-4ee">
         <name>__TI_int12</name>
         <value>0xfff8</value>
         <object_component_ref idref="oc-47"/>
      </symbol>
      <symbol id="sm-4f1">
         <name>__TI_int14</name>
         <value>0xfffc</value>
         <object_component_ref idref="oc-49"/>
      </symbol>
      <symbol id="sm-4f9">
         <name>__TI_ISR_TRAP</name>
         <value>0xd1ce</value>
         <object_component_ref idref="oc-aa"/>
      </symbol>
      <symbol id="sm-508">
         <name>memcmp</name>
         <value>0xce7a</value>
         <object_component_ref idref="oc-313"/>
      </symbol>
      <symbol id="sm-516">
         <name>memcpy</name>
         <value>0xd0fe</value>
         <object_component_ref idref="oc-90"/>
      </symbol>
      <symbol id="sm-524">
         <name>memset</name>
         <value>0xd06a</value>
         <object_component_ref idref="oc-3d6"/>
      </symbol>
      <symbol id="sm-52f">
         <name>__mspabi_mpyi_sw</name>
         <value>0xd07e</value>
         <object_component_ref idref="oc-3c7"/>
      </symbol>
      <symbol id="sm-530">
         <name>__mspabi_mpyi</name>
         <value>0xd07e</value>
         <object_component_ref idref="oc-3c7"/>
      </symbol>
      <symbol id="sm-53a">
         <name>__mspabi_mpyl_sw</name>
         <value>0xce54</value>
         <object_component_ref idref="oc-327"/>
      </symbol>
      <symbol id="sm-53b">
         <name>__mspabi_mpyl</name>
         <value>0xce54</value>
         <object_component_ref idref="oc-327"/>
      </symbol>
      <symbol id="sm-544">
         <name>_system_pre_init</name>
         <value>0xd1de</value>
         <object_component_ref idref="oc-c2"/>
      </symbol>
      <symbol id="sm-55e">
         <name>_auto_init</name>
         <value>0xc6ba</value>
         <object_component_ref idref="oc-c8"/>
      </symbol>
      <symbol id="sm-560">
         <name>__TI_INITARRAY_Base</name>
         <value>0x0</value>
      </symbol>
      <symbol id="sm-561">
         <name>__TI_INITARRAY_Limit</name>
         <value>0x0</value>
      </symbol>
      <symbol id="sm-562">
         <name>FrameIdle</name>
         <value>0xcfc2</value>
      </symbol>
      <symbol id="sm-563">
         <name>ProtocolBusy</name>
         <value>0xd1b6</value>
      </symbol>
      <symbol id="sm-564">
         <name>ProtocolEngine</name>
         <value>0xc13c</value>
      </symbol>
   </symbol_table>
   <title>Link successful</title>
</link_info>
