******************************************************************************
                  MSP430 Linker PC v4.4.3                      
******************************************************************************
>> Linked Tue Apr 28 15:09:10 2015

OUTPUT FILE NAME:   <SimplexTransfer_ENDPOINT.out>
ENTRY POINT SYMBOL: "_c_int00_noargs_noexit"  address: 0000ce2e


MEMORY CONFIGURATION

         name            origin    length      used     unused   attr    fill
----------------------  --------  ---------  --------  --------  ----  --------
  SFR                   00000000   00000010  00000000  00000010  RWIX
  PERIPHERALS_8BIT      00000010   000000f0  00000000  000000f0  RWIX
  PERIPHERALS_16BIT     00000100   00000100  00000000  00000100  RWIX
  RAM                   00000200   00000200  000000b7  00000149  RWIX
  INFOD                 00001000   00000040  00000000  00000040  RWIX
  INFOC                 00001040   00000040  00000000  00000040  RWIX
  INFOB                 00001080   00000040  00000000  00000040  RWIX
  INFOA                 000010c0   00000040  00000000  00000040  RWIX
  FLASH                 0000c000   00003fe0  000010c8  00002f18  RWIX
  INT00                 0000ffe0   00000002  00000002  00000000  RWIX
  INT01                 0000ffe2   00000002  00000000  00000002  RWIX
  INT02                 0000ffe4   00000002  00000002  00000000  RWIX
  INT03                 0000ffe6   00000002  00000002  00000000  RWIX
  INT04                 0000ffe8   00000002  00000000  00000002  RWIX
  INT05                 0000ffea   00000002  00000002  00000000  RWIX
  INT06                 0000ffec   00000002  00000002  00000000  RWIX
  INT07                 0000ffee   00000002  00000002  00000000  RWIX
  INT08                 0000fff0   00000002  00000002  00000000  RWIX
  INT09                 0000fff2   00000002  00000002  00000000  RWIX
  INT10                 0000fff4   00000002  00000002  00000000  RWIX
  INT11                 0000fff6   00000002  00000002  00000000  RWIX
  INT12                 0000fff8   00000002  00000002  00000000  RWIX
  INT13                 0000fffa   00000002  00000002  00000000  RWIX
  INT14                 0000fffc   00000002  00000002  00000000  RWIX
  RESET                 0000fffe   00000002  00000002  00000000  RWIX


SECTION ALLOCATION MAP

 output                                  attributes/
section   page    origin      length       input sections
--------  ----  ----------  ----------   ----------------
.bss       0    00000200    0000004b     UNINITIALIZED
                  00000200    00000016     (.common:gFrameScheduler)
                  00000216    00000012     (.common:gPhyDevice)
                  00000228    0000000e     (.common:gA110Lr09PhyInfo)
                  00000236    0000000c     (.common:Time)
                  00000242    00000006     (.common:gPhyAddressInfo)
                  00000248    00000002     (.common:txData)
                  0000024a    00000001     (.common:rxBuffer)

.data      0    0000024c    0000001c     UNINITIALIZED
                  0000024c    00000013     SimplexTransfer.obj (.data)
                  0000025f    00000001     Frame.obj (.data)
                  00000260    00000006     A110x2500PhyBridge.obj (.data:gA1101Gdo)
                  00000266    00000002     A110x2500PhyBridge.obj (.data)

.TI.persistent 
*          0    0000024c    00000000     UNINITIALIZED

.stack     0    000003b0    00000050     UNINITIALIZED
                  000003b0    00000002     rts430_eabi.lib : boot.obj (.stack)
                  000003b2    0000004e     --HOLE--

.text      0    0000c000    0000103e     
                  0000c000    000000a8     A110LR09.obj (.text:A110LR09SetPaTable)
                  0000c0a8    00000094     A110LR09.obj (.text:A110LR09SetChannr)
                  0000c13c    00000094     A110x2500PhyBridge.obj (.text:PhySyncEopIsr)
                  0000c1d0    00000086     Frame.obj (.text:FrameBuild)
                  0000c256    00000078     BPEXP430G2x53.obj (.text:A110x2500SpiRead)
                  0000c2ce    00000070     Frame.obj (.text:FrameAssemble)
                  0000c33e    00000068     Frame.obj (.text:FrameEndPointValidate)
                  0000c3a6    00000068     SimplexTransfer.obj (.text:GDO0Isr)
                  0000c40e    00000064     rts430_eabi.lib : copy_decompress_rle.obj (.text:__TI_decompress_rle_core)
                  0000c472    00000060     CC1101.obj (.text:CC1101GetChip)
                  0000c4d2    0000005c     CC1101.obj (.text:CC1101Wakeup)
                  0000c52e    0000005c     A110x2500PhyBridge.obj (.text:PhyInit)
                  0000c58a    0000005a     BPEXP430G2x53.obj (.text:A110x2500SpiWrite)
                  0000c5e4    0000005a     SimplexTransfer.obj (.text:Timer_A1_ISR)
                  0000c63e    00000058     A110LR09.obj (.text:A110LR09Configure)
                  0000c696    00000058     A110x2500PhyBridge.obj (.text:PhyGetDataStream)
                  0000c6ee    00000058     rts430_eabi.lib : autoinit.obj (.text:_auto_init)
                  0000c746    00000054     A110LR09.obj (.text:A110LR09Init)
                  0000c79a    00000052     PhyAddress.obj (.text:PhyAddressInit)
                  0000c7ec    0000004c     A110x2500PhyBridge.obj (.text:PhyTransmit)
                  0000c838    0000004a     CC1101.obj (.text:CC1101GdoInit)
                  0000c882    0000004a     CC1101.obj (.text:CC1101GetRegisterWithSpiSyncProblem)
                  0000c8cc    00000048     CC1101.obj (.text:CC1101ReadRxFifo)
                  0000c914    00000046     API.obj (.text:ProtocolInit)
                  0000c95a    00000044     A110x2500PhyBridge.obj (.text:PhyActiveMode)
                  0000c99e    00000042     BPEXP430G2x53.obj (.text:A110x2500SpiInit)
                  0000c9e0    00000042     Frame.obj (.text:FrameDisassemble)
                  0000ca22    00000042     SimplexTransfer.obj (.text:main)
                  0000ca64    00000040     PhyAddress.obj (.text:PhyAddressLinkEstablish)
                  0000caa4    00000040     A110x2500PhyBridge.obj (.text:PhyEnableAddressFilter)
                  0000cae4    0000003e     CC1101.obj (.text:CC1101Read)
                  0000cb22    0000003c     Frame.obj (.text:FrameSend)
                  0000cb5e    0000003a     SimplexTransfer.obj (.text:Timer_A0_ISR)
                  0000cb98    00000038     CC1101.obj (.text:CC1101SetAndVerifyState)
                  0000cbd0    00000032     A110x2500PhyBridge.obj (.text:PhyDataStreamBuild)
                  0000cc02    00000032     A110x2500PhyBridge.obj (.text:PhyDisableAddressFilter)
                  0000cc34    00000032     A110x2500PhyBridge.obj (.text:PhyReceiverOn)
                  0000cc66    00000032     SimplexTransfer.obj (.text:Port_1)
                  0000cc98    00000030     CC1101.obj (.text:CC1101GetRegister)
                  0000ccc8    00000030     CC1101.obj (.text:CC1101Sleep)
                  0000ccf8    0000002e     CC1101.obj (.text:CC1101Configure)
                  0000cd26    0000002c     SimplexTransfer.obj (.text:PlatformInit)
                  0000cd52    00000028     CC1101.obj (.text:CC1101Write)
                  0000cd7a    00000024     SimplexTransfer.obj (.text:watchdog_timer)
                  0000cd9e    00000022     rts430_eabi.lib : memcmp.obj (.text:memcmp)
                  0000cdc0    0000001c     Frame.obj (.text:FrameSchedulerData)
                  0000cddc    0000001c     PhyAddress.obj (.text:PhyAddressIsBroadcast)
                  0000cdf8    0000001c     API.obj (.text:ProtocolSimpleTransfer)
                  0000ce14    0000001a     Frame.obj (.text:FrameListen)
                  0000ce2e    0000001a     rts430_eabi.lib : boot_special.obj (.text:_c_int00_noargs_noexit)
                  0000ce48    00000018     A110LR09.obj (.text:A110LR09GetLookup)
                  0000ce60    00000016     BPEXP430G2x53.obj (.text:A110x2500Gdo0Init)
                  0000ce76    00000016     PhyAddress.obj (.text:PhyAddressLinkExists)
                  0000ce8c    00000016     A110x2500PhyBridge.obj (.text:PhyLowPowerMode)
                  0000cea2    00000016     A110x2500PhyBridge.obj (.text:PhySetChannel)
                  0000ceb8    00000014     BPEXP430G2x53.obj (.text:A110x2500Gdo0Enable)
                  0000cecc    00000014     BPEXP430G2x53.obj (.text:A110x2500HwTimerInit)
                  0000cee0    00000014     CC1101.obj (.text:CC1101TimeoutEvent)
                  0000cef4    00000014     rts430_eabi.lib : copy_zero_init.obj (.text:decompress:ZI:__TI_zero_init)
                  0000cf08    00000014                     : memset.obj (.text:memset)
                  0000cf1c    00000014                     : mult16.obj (.text)
                  0000cf30    00000012     CC1101.obj (.text:CC1101SetRegister)
                  0000cf42    00000012     CC1101.obj (.text:CC1101Strobe)
                  0000cf54    00000012     A110x2500PhyBridge.obj (.text:PhyEnable)
                  0000cf66    00000012     rts430_eabi.lib : copy_decompress_none.obj (.text:decompress:none:__TI_decompress_none)
                  0000cf78    00000012                     : memcpy.obj (.text:memcpy)
                  0000cf8a    00000010     BPEXP430G2x53.obj (.text:A110x2500Gdo0Event)
                  0000cf9a    00000010     Frame.obj (.text:FrameSchedulerLinkRequest)
                  0000cfaa    00000010     rts430_eabi.lib : epilog.obj (.text)
                  0000cfba    0000000e     A110LR09.obj (.text:A110LR09ConvertRssiToDbm)
                  0000cfc8    0000000e     CC1101.obj (.text:CC1101SpiInit)
                  0000cfd6    0000000e     CC1101.obj (.text:CC1101WriteTxFifo)
                  0000cfe4    0000000e     A110x2500PhyBridge.obj (.text:PhyTimerInit)
                  0000cff2    0000000c     BPEXP430G2x53.obj (.text:A110x2500Gdo0GetState)
                  0000cffe    0000000a     Frame.obj (.text:FrameInit)
                  0000d008    00000006     BPEXP430G2x53.obj (.text:A110x2500Gdo0WaitForAssert)
                  0000d00e    00000006     BPEXP430G2x53.obj (.text:A110x2500Gdo0WaitForDeassert)
                  0000d014    00000006     Frame.obj (.text:FrameBusy)
                  0000d01a    00000006     PhyAddress.obj (.text:PhyAddressGetLocalInfo)
                  0000d020    00000006     A110x2500PhyBridge.obj (.text:PhyGetDataStreamStatus)
                  0000d026    00000006     rts430_eabi.lib : isr_trap.obj (.text:_isr:__TI_ISR_TRAP)
                  0000d02c    00000006                     : copy_decompress_rle.obj (.text:decompress:rle24:__TI_decompress_rle24)
                  0000d032    00000004     A110LR09.obj (.text:A110LR09GetPowerLookupSize)
                  0000d036    00000004     rts430_eabi.lib : pre_init.obj (.text:_system_pre_init)
                  0000d03a    00000004                     : exit.obj (.text:abort)

.const     0    0000d03e    0000005c     
                  0000d03e    0000003e     A110LR09.obj (.const:gA110LR09Lookup)
                  0000d07c    00000012     A110x2500PhyBridge.obj (.const)
                  0000d08e    00000008     SimplexTransfer.obj (.const)
                  0000d096    00000004     A110LR09.obj (.const:gA110LR09PowerLookup)

.cinit     0    0000d09a    0000002e     
                  0000d09a    0000001b     (.cinit..data.load) [load image, compression = rle]
                  0000d0b5    00000001     --HOLE-- [fill = 0]
                  0000d0b6    00000006     (__TI_handler_table)
                  0000d0bc    00000004     (.cinit..bss.load) [load image, compression = zero_init]
                  0000d0c0    00000008     (__TI_cinit_table)

.init_array 
*          0    0000c000    00000000     UNINITIALIZED

TRAPINT    0    0000ffe0    00000002     
                  0000ffe0    00000002     rts430_eabi.lib : int00.obj (.int00)

PORT1      0    0000ffe4    00000002     
                  0000ffe4    00000002     SimplexTransfer.obj (.int02)

PORT2      0    0000ffe6    00000002     
                  0000ffe6    00000002     SimplexTransfer.obj (.int03)

ADC10      0    0000ffea    00000002     
                  0000ffea    00000002     rts430_eabi.lib : int05.obj (.int05)

USCIAB0TX 
*          0    0000ffec    00000002     
                  0000ffec    00000002     rts430_eabi.lib : int06.obj (.int06)

USCIAB0RX 
*          0    0000ffee    00000002     
                  0000ffee    00000002     rts430_eabi.lib : int07.obj (.int07)

TIMER0_A1 
*          0    0000fff0    00000002     
                  0000fff0    00000002     SimplexTransfer.obj (.int08)

TIMER0_A0 
*          0    0000fff2    00000002     
                  0000fff2    00000002     SimplexTransfer.obj (.int09)

WDT        0    0000fff4    00000002     
                  0000fff4    00000002     SimplexTransfer.obj (.int10)

COMPARATORA 
*          0    0000fff6    00000002     
                  0000fff6    00000002     rts430_eabi.lib : int11.obj (.int11)

TIMER1_A1 
*          0    0000fff8    00000002     
                  0000fff8    00000002     rts430_eabi.lib : int12.obj (.int12)

TIMER1_A0 
*          0    0000fffa    00000002     
                  0000fffa    00000002     rts430_eabi.lib : int13.obj (.int13)

NMI        0    0000fffc    00000002     
                  0000fffc    00000002     rts430_eabi.lib : int14.obj (.int14)

.reset     0    0000fffe    00000002     
                  0000fffe    00000002     rts430_eabi.lib : boot.obj (.reset)


LINKER GENERATED COPY TABLES

__TI_cinit_table @ 0000d0c0 records: 2, size/record: 4, table size: 8
	.data: load addr=0000d09a, load size=0000001b bytes, run addr=0000024c, run size=0000001c bytes, compression=rle
	.bss: load addr=0000d0bc, load size=00000004 bytes, run addr=00000200, run size=0000004b bytes, compression=zero_init


LINKER GENERATED HANDLER TABLE

__TI_handler_table @ 0000d0b6 records: 3, size/record: 2, table size: 6
	index: 0, handler: __TI_zero_init
	index: 1, handler: __TI_decompress_rle24
	index: 2, handler: __TI_decompress_none


GLOBAL SYMBOLS: SORTED ALPHABETICALLY BY Name 

address   name                               
-------   ----                               
0000c63e  A110LR09Configure                  
0000cfba  A110LR09ConvertRssiToDbm           
0000ce48  A110LR09GetLookup                  
0000d032  A110LR09GetPowerLookupSize         
0000c746  A110LR09Init                       
0000c0a8  A110LR09SetChannr                  
0000c000  A110LR09SetPaTable                 
0000ceb8  A110x2500Gdo0Enable                
0000cf8a  A110x2500Gdo0Event                 
0000cff2  A110x2500Gdo0GetState              
0000ce60  A110x2500Gdo0Init                  
0000d008  A110x2500Gdo0WaitForAssert         
0000d00e  A110x2500Gdo0WaitForDeassert       
0000cecc  A110x2500HwTimerInit               
0000c99e  A110x2500SpiInit                   
0000c256  A110x2500SpiRead                   
0000c58a  A110x2500SpiWrite                  
0000004a  ADC10AE0                           
000001b0  ADC10CTL0                          
000001b2  ADC10CTL1                          
00000048  ADC10DTC0                          
00000049  ADC10DTC1                          
000001b4  ADC10MEM                           
000001bc  ADC10SA                            
00000057  BCSCTL1                            
00000058  BCSCTL2                            
00000053  BCSCTL3                            
0000d03a  C$$EXIT                            
00000059  CACTL1                             
0000005a  CACTL2                             
000010fb  CALBC1_12MHZ                       
000010f9  CALBC1_16MHZ                       
000010ff  CALBC1_1MHZ                        
000010fd  CALBC1_8MHZ                        
000010fa  CALDCO_12MHZ                       
000010f8  CALDCO_16MHZ                       
000010fe  CALDCO_1MHZ                        
000010fc  CALDCO_8MHZ                        
0000005b  CAPD                               
0000ccf8  CC1101Configure                    
0000c838  CC1101GdoInit                      
0000c472  CC1101GetChip                      
0000cc98  CC1101GetRegister                  
0000c882  CC1101GetRegisterWithSpiSyncProblem
0000cae4  CC1101Read                         
0000c8cc  CC1101ReadRxFifo                   
0000cb98  CC1101SetAndVerifyState            
0000cf30  CC1101SetRegister                  
0000ccc8  CC1101Sleep                        
0000cfc8  CC1101SpiInit                      
0000cf42  CC1101Strobe                       
0000cee0  CC1101TimeoutEvent                 
0000c4d2  CC1101Wakeup                       
0000cd52  CC1101Write                        
0000cd52  CC1101WriteRegisters               
0000cfd6  CC1101WriteTxFifo                  
00000056  DCOCTL                             
00000128  FCTL1                              
0000012a  FCTL2                              
0000012c  FCTL3                              
0000c2ce  FrameAssemble                      
0000c1d0  FrameBuild                         
0000d014  FrameBusy                          
0000c9e0  FrameDisassemble                   
0000c33e  FrameEndPointValidate              
0000ce8c  FrameIdle                          
0000cffe  FrameInit                          
0000ce14  FrameListen                        
0000cdc0  FrameSchedulerData                 
0000cf9a  FrameSchedulerLinkRequest          
0000cb22  FrameSend                          
0000c3a6  GDO0Isr                            
00000000  IE1                                
00000001  IE2                                
00000002  IFG1                               
00000003  IFG2                               
00000022  P1DIR                              
00000025  P1IE                               
00000024  P1IES                              
00000023  P1IFG                              
00000020  P1IN                               
00000021  P1OUT                              
00000027  P1REN                              
00000026  P1SEL                              
00000041  P1SEL2                             
0000002a  P2DIR                              
0000002d  P2IE                               
0000002c  P2IES                              
0000002b  P2IFG                              
00000028  P2IN                               
00000029  P2OUT                              
0000002f  P2REN                              
0000002e  P2SEL                              
00000042  P2SEL2                             
0000001a  P3DIR                              
00000018  P3IN                               
00000019  P3OUT                              
00000010  P3REN                              
0000001b  P3SEL                              
00000043  P3SEL2                             
0000c95a  PhyActiveMode                      
0000d01a  PhyAddressGetLocalInfo             
0000c79a  PhyAddressInit                     
0000cddc  PhyAddressIsBroadcast              
0000ca64  PhyAddressLinkEstablish            
0000ce76  PhyAddressLinkExists               
0000cbd0  PhyDataStreamBuild                 
0000cc02  PhyDisableAddressFilter            
0000cf54  PhyEnable                          
0000caa4  PhyEnableAddressFilter             
0000c696  PhyGetDataStream                   
0000d020  PhyGetDataStreamStatus             
0000c52e  PhyInit                            
0000ce8c  PhyLowPowerMode                    
0000cc34  PhyReceiverOn                      
0000cea2  PhySetChannel                      
0000c13c  PhySyncEopIsr                      
0000cfe4  PhyTimerInit                       
0000c7ec  PhyTransmit                        
0000cd26  PlatformInit                       
0000cc66  Port_1                             
0000d014  ProtocolBusy                       
0000c13c  ProtocolEngine                     
0000c914  ProtocolInit                       
0000cdf8  ProtocolSimpleTransfer             
00000172  TA0CCR0                            
00000174  TA0CCR1                            
00000176  TA0CCR2                            
00000162  TA0CCTL0                           
00000164  TA0CCTL1                           
00000166  TA0CCTL2                           
00000160  TA0CTL                             
0000012e  TA0IV                              
00000170  TA0R                               
00000192  TA1CCR0                            
00000194  TA1CCR1                            
00000196  TA1CCR2                            
00000182  TA1CCTL0                           
00000184  TA1CCTL1                           
00000186  TA1CCTL2                           
00000180  TA1CTL                             
0000011e  TA1IV                              
00000190  TA1R                               
000010db  TLV_ADC10_1_LEN                    
000010da  TLV_ADC10_1_TAG                    
000010c0  TLV_CHECKSUM                       
000010f7  TLV_DCO_30_LEN                     
000010f6  TLV_DCO_30_TAG                     
00000236  Time                               
0000cb5e  Timer_A0_ISR                       
0000c5e4  Timer_A1_ISR                       
0000005d  UCA0ABCTL                          
00000062  UCA0BR0                            
00000063  UCA0BR1                            
00000060  UCA0CTL0                           
00000061  UCA0CTL1                           
0000005f  UCA0IRRCTL                         
0000005e  UCA0IRTCTL                         
00000064  UCA0MCTL                           
00000066  UCA0RXBUF                          
00000065  UCA0STAT                           
00000067  UCA0TXBUF                          
0000006a  UCB0BR0                            
0000006b  UCB0BR1                            
00000068  UCB0CTL0                           
00000069  UCB0CTL1                           
0000006c  UCB0I2CIE                          
00000118  UCB0I2COA                          
0000011a  UCB0I2CSA                          
0000006e  UCB0RXBUF                          
0000006d  UCB0STAT                           
0000006f  UCB0TXBUF                          
00000120  WDTCTL                             
00000400  __STACK_END                        
00000050  __STACK_SIZE                       
0000d0c0  __TI_CINIT_Base                    
0000d0c8  __TI_CINIT_Limit                   
0000d0b6  __TI_Handler_Table_Base            
0000d0bc  __TI_Handler_Table_Limit           
UNDEFED   __TI_INITARRAY_Base                
UNDEFED   __TI_INITARRAY_Limit               
0000d026  __TI_ISR_TRAP                      
0000cf66  __TI_decompress_none               
0000d02c  __TI_decompress_rle24              
0000ffe0  __TI_int00                         
0000ffe4  __TI_int02                         
0000ffe6  __TI_int03                         
0000ffea  __TI_int05                         
0000ffec  __TI_int06                         
0000ffee  __TI_int07                         
0000fff0  __TI_int08                         
0000fff2  __TI_int09                         
0000fff4  __TI_int10                         
0000fff6  __TI_int11                         
0000fff8  __TI_int12                         
0000fffa  __TI_int13                         
0000fffc  __TI_int14                         
0000cef4  __TI_zero_init                     
ffffffff  __binit__                          
ffffffff  __c_args__                         
0000cfb6  __mspabi_func_epilog_1             
0000cfb4  __mspabi_func_epilog_2             
0000cfb2  __mspabi_func_epilog_3             
0000cfb0  __mspabi_func_epilog_4             
0000cfae  __mspabi_func_epilog_5             
0000cfac  __mspabi_func_epilog_6             
0000cfaa  __mspabi_func_epilog_7             
0000cf1c  __mspabi_mpyi                      
0000cf1c  __mspabi_mpyi_sw                   
0000c6ee  _auto_init                         
0000ce2e  _c_int00_noargs_noexit             
0000fffe  _reset_vector                      
000003b0  _stack                             
0000d036  _system_pre_init                   
0000d03a  abort                              
ffffffff  binit                              
00000260  gA1101Gdo                          
0000d082  gA1101Gdo0                         
0000d07c  gA1101Spi                          
0000d03e  gA110LR09Lookup                    
0000d096  gA110LR09PowerLookup               
00000258  i                                  
0000ca22  main                               
0000cd9e  memcmp                             
0000cf78  memcpy                             
0000cf08  memset                             
0000024a  rxBuffer                           
00000248  txData                             
0000cd7a  watchdog_timer                     
0000025a  wdtCounter                         


GLOBAL SYMBOLS: SORTED BY Symbol Address 

address   name                               
-------   ----                               
00000000  IE1                                
00000001  IE2                                
00000002  IFG1                               
00000003  IFG2                               
00000010  P3REN                              
00000018  P3IN                               
00000019  P3OUT                              
0000001a  P3DIR                              
0000001b  P3SEL                              
00000020  P1IN                               
00000021  P1OUT                              
00000022  P1DIR                              
00000023  P1IFG                              
00000024  P1IES                              
00000025  P1IE                               
00000026  P1SEL                              
00000027  P1REN                              
00000028  P2IN                               
00000029  P2OUT                              
0000002a  P2DIR                              
0000002b  P2IFG                              
0000002c  P2IES                              
0000002d  P2IE                               
0000002e  P2SEL                              
0000002f  P2REN                              
00000041  P1SEL2                             
00000042  P2SEL2                             
00000043  P3SEL2                             
00000048  ADC10DTC0                          
00000049  ADC10DTC1                          
0000004a  ADC10AE0                           
00000050  __STACK_SIZE                       
00000053  BCSCTL3                            
00000056  DCOCTL                             
00000057  BCSCTL1                            
00000058  BCSCTL2                            
00000059  CACTL1                             
0000005a  CACTL2                             
0000005b  CAPD                               
0000005d  UCA0ABCTL                          
0000005e  UCA0IRTCTL                         
0000005f  UCA0IRRCTL                         
00000060  UCA0CTL0                           
00000061  UCA0CTL1                           
00000062  UCA0BR0                            
00000063  UCA0BR1                            
00000064  UCA0MCTL                           
00000065  UCA0STAT                           
00000066  UCA0RXBUF                          
00000067  UCA0TXBUF                          
00000068  UCB0CTL0                           
00000069  UCB0CTL1                           
0000006a  UCB0BR0                            
0000006b  UCB0BR1                            
0000006c  UCB0I2CIE                          
0000006d  UCB0STAT                           
0000006e  UCB0RXBUF                          
0000006f  UCB0TXBUF                          
00000118  UCB0I2COA                          
0000011a  UCB0I2CSA                          
0000011e  TA1IV                              
00000120  WDTCTL                             
00000128  FCTL1                              
0000012a  FCTL2                              
0000012c  FCTL3                              
0000012e  TA0IV                              
00000160  TA0CTL                             
00000162  TA0CCTL0                           
00000164  TA0CCTL1                           
00000166  TA0CCTL2                           
00000170  TA0R                               
00000172  TA0CCR0                            
00000174  TA0CCR1                            
00000176  TA0CCR2                            
00000180  TA1CTL                             
00000182  TA1CCTL0                           
00000184  TA1CCTL1                           
00000186  TA1CCTL2                           
00000190  TA1R                               
00000192  TA1CCR0                            
00000194  TA1CCR1                            
00000196  TA1CCR2                            
000001b0  ADC10CTL0                          
000001b2  ADC10CTL1                          
000001b4  ADC10MEM                           
000001bc  ADC10SA                            
00000236  Time                               
00000248  txData                             
0000024a  rxBuffer                           
00000258  i                                  
0000025a  wdtCounter                         
00000260  gA1101Gdo                          
000003b0  _stack                             
00000400  __STACK_END                        
000010c0  TLV_CHECKSUM                       
000010da  TLV_ADC10_1_TAG                    
000010db  TLV_ADC10_1_LEN                    
000010f6  TLV_DCO_30_TAG                     
000010f7  TLV_DCO_30_LEN                     
000010f8  CALDCO_16MHZ                       
000010f9  CALBC1_16MHZ                       
000010fa  CALDCO_12MHZ                       
000010fb  CALBC1_12MHZ                       
000010fc  CALDCO_8MHZ                        
000010fd  CALBC1_8MHZ                        
000010fe  CALDCO_1MHZ                        
000010ff  CALBC1_1MHZ                        
0000c000  A110LR09SetPaTable                 
0000c0a8  A110LR09SetChannr                  
0000c13c  PhySyncEopIsr                      
0000c13c  ProtocolEngine                     
0000c1d0  FrameBuild                         
0000c256  A110x2500SpiRead                   
0000c2ce  FrameAssemble                      
0000c33e  FrameEndPointValidate              
0000c3a6  GDO0Isr                            
0000c472  CC1101GetChip                      
0000c4d2  CC1101Wakeup                       
0000c52e  PhyInit                            
0000c58a  A110x2500SpiWrite                  
0000c5e4  Timer_A1_ISR                       
0000c63e  A110LR09Configure                  
0000c696  PhyGetDataStream                   
0000c6ee  _auto_init                         
0000c746  A110LR09Init                       
0000c79a  PhyAddressInit                     
0000c7ec  PhyTransmit                        
0000c838  CC1101GdoInit                      
0000c882  CC1101GetRegisterWithSpiSyncProblem
0000c8cc  CC1101ReadRxFifo                   
0000c914  ProtocolInit                       
0000c95a  PhyActiveMode                      
0000c99e  A110x2500SpiInit                   
0000c9e0  FrameDisassemble                   
0000ca22  main                               
0000ca64  PhyAddressLinkEstablish            
0000caa4  PhyEnableAddressFilter             
0000cae4  CC1101Read                         
0000cb22  FrameSend                          
0000cb5e  Timer_A0_ISR                       
0000cb98  CC1101SetAndVerifyState            
0000cbd0  PhyDataStreamBuild                 
0000cc02  PhyDisableAddressFilter            
0000cc34  PhyReceiverOn                      
0000cc66  Port_1                             
0000cc98  CC1101GetRegister                  
0000ccc8  CC1101Sleep                        
0000ccf8  CC1101Configure                    
0000cd26  PlatformInit                       
0000cd52  CC1101Write                        
0000cd52  CC1101WriteRegisters               
0000cd7a  watchdog_timer                     
0000cd9e  memcmp                             
0000cdc0  FrameSchedulerData                 
0000cddc  PhyAddressIsBroadcast              
0000cdf8  ProtocolSimpleTransfer             
0000ce14  FrameListen                        
0000ce2e  _c_int00_noargs_noexit             
0000ce48  A110LR09GetLookup                  
0000ce60  A110x2500Gdo0Init                  
0000ce76  PhyAddressLinkExists               
0000ce8c  FrameIdle                          
0000ce8c  PhyLowPowerMode                    
0000cea2  PhySetChannel                      
0000ceb8  A110x2500Gdo0Enable                
0000cecc  A110x2500HwTimerInit               
0000cee0  CC1101TimeoutEvent                 
0000cef4  __TI_zero_init                     
0000cf08  memset                             
0000cf1c  __mspabi_mpyi                      
0000cf1c  __mspabi_mpyi_sw                   
0000cf30  CC1101SetRegister                  
0000cf42  CC1101Strobe                       
0000cf54  PhyEnable                          
0000cf66  __TI_decompress_none               
0000cf78  memcpy                             
0000cf8a  A110x2500Gdo0Event                 
0000cf9a  FrameSchedulerLinkRequest          
0000cfaa  __mspabi_func_epilog_7             
0000cfac  __mspabi_func_epilog_6             
0000cfae  __mspabi_func_epilog_5             
0000cfb0  __mspabi_func_epilog_4             
0000cfb2  __mspabi_func_epilog_3             
0000cfb4  __mspabi_func_epilog_2             
0000cfb6  __mspabi_func_epilog_1             
0000cfba  A110LR09ConvertRssiToDbm           
0000cfc8  CC1101SpiInit                      
0000cfd6  CC1101WriteTxFifo                  
0000cfe4  PhyTimerInit                       
0000cff2  A110x2500Gdo0GetState              
0000cffe  FrameInit                          
0000d008  A110x2500Gdo0WaitForAssert         
0000d00e  A110x2500Gdo0WaitForDeassert       
0000d014  FrameBusy                          
0000d014  ProtocolBusy                       
0000d01a  PhyAddressGetLocalInfo             
0000d020  PhyGetDataStreamStatus             
0000d026  __TI_ISR_TRAP                      
0000d02c  __TI_decompress_rle24              
0000d032  A110LR09GetPowerLookupSize         
0000d036  _system_pre_init                   
0000d03a  C$$EXIT                            
0000d03a  abort                              
0000d03e  gA110LR09Lookup                    
0000d07c  gA1101Spi                          
0000d082  gA1101Gdo0                         
0000d096  gA110LR09PowerLookup               
0000d0b6  __TI_Handler_Table_Base            
0000d0bc  __TI_Handler_Table_Limit           
0000d0c0  __TI_CINIT_Base                    
0000d0c8  __TI_CINIT_Limit                   
0000ffe0  __TI_int00                         
0000ffe4  __TI_int02                         
0000ffe6  __TI_int03                         
0000ffea  __TI_int05                         
0000ffec  __TI_int06                         
0000ffee  __TI_int07                         
0000fff0  __TI_int08                         
0000fff2  __TI_int09                         
0000fff4  __TI_int10                         
0000fff6  __TI_int11                         
0000fff8  __TI_int12                         
0000fffa  __TI_int13                         
0000fffc  __TI_int14                         
0000fffe  _reset_vector                      
ffffffff  __binit__                          
ffffffff  __c_args__                         
ffffffff  binit                              
UNDEFED   __TI_INITARRAY_Base                
UNDEFED   __TI_INITARRAY_Limit               

[230 symbols]
