<?xml version="1.0"?>
<link_info>
   <banner>MSP430 Linker PC v4.4.3</banner>
   <copyright>Copyright (c) 2003-2015 Texas Instruments Incorporated</copyright>
   <link_time>0x553fe8e6</link_time>
   <link_errors>0x0</link_errors>
   <output_file>SimplexTransfer_ENDPOINT.out</output_file>
   <entry_point>
      <name>_c_int00_noargs_noexit</name>
      <address>0xce2e</address>
   </entry_point>
   <input_file_list>
      <input_file id="fl-2">
         <path>.\Protocol\Physical\PhyBridge\</path>
         <kind>object</kind>
         <file>A110x2500PhyBridge.obj</file>
         <name>A110x2500PhyBridge.obj</name>
      </input_file>
      <input_file id="fl-3">
         <path>.\Protocol\Physical\Module\A110LR09\</path>
         <kind>object</kind>
         <file>A110LR09.obj</file>
         <name>A110LR09.obj</name>
      </input_file>
      <input_file id="fl-4">
         <path>.\Protocol\Physical\Driver\</path>
         <kind>object</kind>
         <file>CC1101.obj</file>
         <name>CC1101.obj</name>
      </input_file>
      <input_file id="fl-5">
         <path>.\Protocol\DataLink\MAC\</path>
         <kind>object</kind>
         <file>Frame.obj</file>
         <name>Frame.obj</name>
      </input_file>
      <input_file id="fl-6">
         <path>.\Protocol\DataLink\MAC\</path>
         <kind>object</kind>
         <file>PhyAddress.obj</file>
         <name>PhyAddress.obj</name>
      </input_file>
      <input_file id="fl-7">
         <path>.\Protocol\API\</path>
         <kind>object</kind>
         <file>API.obj</file>
         <name>API.obj</name>
      </input_file>
      <input_file id="fl-8">
         <path>.\Application\Platform\</path>
         <kind>object</kind>
         <file>BPEXP430G2x53.obj</file>
         <name>BPEXP430G2x53.obj</name>
      </input_file>
      <input_file id="fl-9">
         <path>.\Application\EndPoint\</path>
         <kind>object</kind>
         <file>SimplexTransfer.obj</file>
         <name>SimplexTransfer.obj</name>
      </input_file>
      <input_file id="fl-38">
         <path>c:\ti\ccsv6\tools\compiler\ti-cgt-msp430_4.4.3\lib\</path>
         <kind>archive</kind>
         <file>rts430_eabi.lib</file>
         <name>boot.obj</name>
      </input_file>
      <input_file id="fl-39">
         <path>c:\ti\ccsv6\tools\compiler\ti-cgt-msp430_4.4.3\lib\</path>
         <kind>archive</kind>
         <file>rts430_eabi.lib</file>
         <name>boot_special.obj</name>
      </input_file>
      <input_file id="fl-3a">
         <path>c:\ti\ccsv6\tools\compiler\ti-cgt-msp430_4.4.3\lib\</path>
         <kind>archive</kind>
         <file>rts430_eabi.lib</file>
         <name>copy_decompress_none.obj</name>
      </input_file>
      <input_file id="fl-3b">
         <path>c:\ti\ccsv6\tools\compiler\ti-cgt-msp430_4.4.3\lib\</path>
         <kind>archive</kind>
         <file>rts430_eabi.lib</file>
         <name>copy_decompress_rle.obj</name>
      </input_file>
      <input_file id="fl-3c">
         <path>c:\ti\ccsv6\tools\compiler\ti-cgt-msp430_4.4.3\lib\</path>
         <kind>archive</kind>
         <file>rts430_eabi.lib</file>
         <name>copy_zero_init.obj</name>
      </input_file>
      <input_file id="fl-3d">
         <path>c:\ti\ccsv6\tools\compiler\ti-cgt-msp430_4.4.3\lib\</path>
         <kind>archive</kind>
         <file>rts430_eabi.lib</file>
         <name>epilog.obj</name>
      </input_file>
      <input_file id="fl-3e">
         <path>c:\ti\ccsv6\tools\compiler\ti-cgt-msp430_4.4.3\lib\</path>
         <kind>archive</kind>
         <file>rts430_eabi.lib</file>
         <name>exit.obj</name>
      </input_file>
      <input_file id="fl-3f">
         <path>c:\ti\ccsv6\tools\compiler\ti-cgt-msp430_4.4.3\lib\</path>
         <kind>archive</kind>
         <file>rts430_eabi.lib</file>
         <name>fs_div.obj</name>
      </input_file>
      <input_file id="fl-40">
         <path>c:\ti\ccsv6\tools\compiler\ti-cgt-msp430_4.4.3\lib\</path>
         <kind>archive</kind>
         <file>rts430_eabi.lib</file>
         <name>fs_ltof.obj</name>
      </input_file>
      <input_file id="fl-41">
         <path>c:\ti\ccsv6\tools\compiler\ti-cgt-msp430_4.4.3\lib\</path>
         <kind>archive</kind>
         <file>rts430_eabi.lib</file>
         <name>int00.obj</name>
      </input_file>
      <input_file id="fl-42">
         <path>c:\ti\ccsv6\tools\compiler\ti-cgt-msp430_4.4.3\lib\</path>
         <kind>archive</kind>
         <file>rts430_eabi.lib</file>
         <name>int05.obj</name>
      </input_file>
      <input_file id="fl-43">
         <path>c:\ti\ccsv6\tools\compiler\ti-cgt-msp430_4.4.3\lib\</path>
         <kind>archive</kind>
         <file>rts430_eabi.lib</file>
         <name>int06.obj</name>
      </input_file>
      <input_file id="fl-44">
         <path>c:\ti\ccsv6\tools\compiler\ti-cgt-msp430_4.4.3\lib\</path>
         <kind>archive</kind>
         <file>rts430_eabi.lib</file>
         <name>int07.obj</name>
      </input_file>
      <input_file id="fl-45">
         <path>c:\ti\ccsv6\tools\compiler\ti-cgt-msp430_4.4.3\lib\</path>
         <kind>archive</kind>
         <file>rts430_eabi.lib</file>
         <name>int11.obj</name>
      </input_file>
      <input_file id="fl-46">
         <path>c:\ti\ccsv6\tools\compiler\ti-cgt-msp430_4.4.3\lib\</path>
         <kind>archive</kind>
         <file>rts430_eabi.lib</file>
         <name>int12.obj</name>
      </input_file>
      <input_file id="fl-47">
         <path>c:\ti\ccsv6\tools\compiler\ti-cgt-msp430_4.4.3\lib\</path>
         <kind>archive</kind>
         <file>rts430_eabi.lib</file>
         <name>int13.obj</name>
      </input_file>
      <input_file id="fl-48">
         <path>c:\ti\ccsv6\tools\compiler\ti-cgt-msp430_4.4.3\lib\</path>
         <kind>archive</kind>
         <file>rts430_eabi.lib</file>
         <name>int14.obj</name>
      </input_file>
      <input_file id="fl-49">
         <path>c:\ti\ccsv6\tools\compiler\ti-cgt-msp430_4.4.3\lib\</path>
         <kind>archive</kind>
         <file>rts430_eabi.lib</file>
         <name>isr_trap.obj</name>
      </input_file>
      <input_file id="fl-4a">
         <path>c:\ti\ccsv6\tools\compiler\ti-cgt-msp430_4.4.3\lib\</path>
         <kind>archive</kind>
         <file>rts430_eabi.lib</file>
         <name>memcmp.obj</name>
      </input_file>
      <input_file id="fl-4b">
         <path>c:\ti\ccsv6\tools\compiler\ti-cgt-msp430_4.4.3\lib\</path>
         <kind>archive</kind>
         <file>rts430_eabi.lib</file>
         <name>memcpy.obj</name>
      </input_file>
      <input_file id="fl-4c">
         <path>c:\ti\ccsv6\tools\compiler\ti-cgt-msp430_4.4.3\lib\</path>
         <kind>archive</kind>
         <file>rts430_eabi.lib</file>
         <name>memset.obj</name>
      </input_file>
      <input_file id="fl-4d">
         <path>c:\ti\ccsv6\tools\compiler\ti-cgt-msp430_4.4.3\lib\</path>
         <kind>archive</kind>
         <file>rts430_eabi.lib</file>
         <name>mpu_init.obj</name>
      </input_file>
      <input_file id="fl-4e">
         <path>c:\ti\ccsv6\tools\compiler\ti-cgt-msp430_4.4.3\lib\</path>
         <kind>archive</kind>
         <file>rts430_eabi.lib</file>
         <name>mult16.obj</name>
      </input_file>
      <input_file id="fl-4f">
         <path>c:\ti\ccsv6\tools\compiler\ti-cgt-msp430_4.4.3\lib\</path>
         <kind>archive</kind>
         <file>rts430_eabi.lib</file>
         <name>mult32.obj</name>
      </input_file>
      <input_file id="fl-50">
         <path>c:\ti\ccsv6\tools\compiler\ti-cgt-msp430_4.4.3\lib\</path>
         <kind>archive</kind>
         <file>rts430_eabi.lib</file>
         <name>pre_init.obj</name>
      </input_file>
      <input_file id="fl-51">
         <path>c:\ti\ccsv6\tools\compiler\ti-cgt-msp430_4.4.3\lib\</path>
         <kind>archive</kind>
         <file>rts430_eabi.lib</file>
         <name>_lock.obj</name>
      </input_file>
      <input_file id="fl-52">
         <path>c:\ti\ccsv6\tools\compiler\ti-cgt-msp430_4.4.3\lib\</path>
         <kind>archive</kind>
         <file>rts430_eabi.lib</file>
         <name>args_main.obj</name>
      </input_file>
      <input_file id="fl-53">
         <path>c:\ti\ccsv6\tools\compiler\ti-cgt-msp430_4.4.3\lib\</path>
         <kind>archive</kind>
         <file>rts430_eabi.lib</file>
         <name>autoinit.obj</name>
      </input_file>
   </input_file_list>
   <object_component_list>
      <object_component id="oc-1bd">
         <name>.common:gA110Lr09PhyInfo</name>
         <uninitialized>true</uninitialized>
         <run_address>0x228</run_address>
         <size>0xe</size>
      </object_component>
      <object_component id="oc-169">
         <name>.common:gPhyDevice</name>
         <uninitialized>true</uninitialized>
         <run_address>0x216</run_address>
         <size>0x12</size>
      </object_component>
      <object_component id="oc-1b9">
         <name>.common:gFrameScheduler</name>
         <uninitialized>true</uninitialized>
         <run_address>0x200</run_address>
         <size>0x16</size>
      </object_component>
      <object_component id="oc-298">
         <name>.common:gPhyAddressInfo</name>
         <uninitialized>true</uninitialized>
         <run_address>0x242</run_address>
         <size>0x6</size>
      </object_component>
      <object_component id="oc-132">
         <name>.common:Time</name>
         <uninitialized>true</uninitialized>
         <run_address>0x236</run_address>
         <size>0xc</size>
      </object_component>
      <object_component id="oc-136">
         <name>.common:txData</name>
         <uninitialized>true</uninitialized>
         <run_address>0x248</run_address>
         <size>0x2</size>
      </object_component>
      <object_component id="oc-134">
         <name>.common:rxBuffer</name>
         <uninitialized>true</uninitialized>
         <run_address>0x24a</run_address>
         <size>0x1</size>
      </object_component>
      <object_component id="oc-8c">
         <name>.stack</name>
         <uninitialized>true</uninitialized>
         <run_address>0x3b0</run_address>
         <size>0x2</size>
         <input_file_ref idref="fl-38"/>
      </object_component>
      <object_component id="oc-3f3">
         <name>.stack</name>
         <uninitialized>true</uninitialized>
         <run_address>0x3b0</run_address>
         <size>0x0</size>
      </object_component>
      <object_component id="oc-390">
         <name>.text:A110LR09SetPaTable</name>
         <load_address>0xc000</load_address>
         <run_address>0xc000</run_address>
         <size>0xa8</size>
         <input_file_ref idref="fl-3"/>
      </object_component>
      <object_component id="oc-28a">
         <name>.text:A110LR09SetChannr</name>
         <load_address>0xc0a8</load_address>
         <run_address>0xc0a8</run_address>
         <size>0x94</size>
         <input_file_ref idref="fl-3"/>
      </object_component>
      <object_component id="oc-126">
         <name>.text:PhySyncEopIsr</name>
         <load_address>0xc13c</load_address>
         <run_address>0xc13c</run_address>
         <size>0x94</size>
         <input_file_ref idref="fl-2"/>
      </object_component>
      <object_component id="oc-229">
         <name>.text:FrameBuild</name>
         <load_address>0xc1d0</load_address>
         <run_address>0xc1d0</run_address>
         <size>0x86</size>
         <input_file_ref idref="fl-5"/>
      </object_component>
      <object_component id="oc-2f1">
         <name>.text:A110x2500SpiRead</name>
         <load_address>0xc256</load_address>
         <run_address>0xc256</run_address>
         <size>0x78</size>
         <input_file_ref idref="fl-8"/>
      </object_component>
      <object_component id="oc-1fe">
         <name>.text:FrameAssemble</name>
         <load_address>0xc2ce</load_address>
         <run_address>0xc2ce</run_address>
         <size>0x70</size>
         <input_file_ref idref="fl-5"/>
      </object_component>
      <object_component id="oc-25e">
         <name>.text:FrameEndPointValidate</name>
         <load_address>0xc33e</load_address>
         <run_address>0xc33e</run_address>
         <size>0x68</size>
         <input_file_ref idref="fl-5"/>
      </object_component>
      <object_component id="oc-b5">
         <name>.text:GDO0Isr</name>
         <load_address>0xc3a6</load_address>
         <run_address>0xc3a6</run_address>
         <size>0x68</size>
         <input_file_ref idref="fl-9"/>
      </object_component>
      <object_component id="oc-9d">
         <name>.text:__TI_decompress_rle_core</name>
         <load_address>0xc40e</load_address>
         <run_address>0xc40e</run_address>
         <size>0x64</size>
         <input_file_ref idref="fl-3b"/>
      </object_component>
      <object_component id="oc-331">
         <name>.text:CC1101GetChip</name>
         <load_address>0xc472</load_address>
         <run_address>0xc472</run_address>
         <size>0x60</size>
         <input_file_ref idref="fl-4"/>
      </object_component>
      <object_component id="oc-34b">
         <name>.text:CC1101Wakeup</name>
         <load_address>0xc4d2</load_address>
         <run_address>0xc4d2</run_address>
         <size>0x5c</size>
         <input_file_ref idref="fl-4"/>
      </object_component>
      <object_component id="oc-204">
         <name>.text:PhyInit</name>
         <load_address>0xc52e</load_address>
         <run_address>0xc52e</run_address>
         <size>0x5c</size>
         <input_file_ref idref="fl-2"/>
      </object_component>
      <object_component id="oc-2f7">
         <name>.text:A110x2500SpiWrite</name>
         <load_address>0xc58a</load_address>
         <run_address>0xc58a</run_address>
         <size>0x5a</size>
         <input_file_ref idref="fl-8"/>
      </object_component>
      <object_component id="oc-bb">
         <name>.text:Timer_A1_ISR</name>
         <load_address>0xc5e4</load_address>
         <run_address>0xc5e4</run_address>
         <size>0x5a</size>
         <input_file_ref idref="fl-9"/>
      </object_component>
      <object_component id="oc-33d">
         <name>.text:A110LR09Configure</name>
         <load_address>0xc63e</load_address>
         <run_address>0xc63e</run_address>
         <size>0x58</size>
         <input_file_ref idref="fl-3"/>
      </object_component>
      <object_component id="oc-16c">
         <name>.text:PhyGetDataStream</name>
         <load_address>0xc696</load_address>
         <run_address>0xc696</run_address>
         <size>0x58</size>
         <input_file_ref idref="fl-2"/>
      </object_component>
      <object_component id="oc-da">
         <name>.text:_auto_init</name>
         <load_address>0xc6ee</load_address>
         <run_address>0xc6ee</run_address>
         <size>0x58</size>
         <input_file_ref idref="fl-53"/>
      </object_component>
      <object_component id="oc-277">
         <name>.text:A110LR09Init</name>
         <load_address>0xc746</load_address>
         <run_address>0xc746</run_address>
         <size>0x54</size>
         <input_file_ref idref="fl-3"/>
      </object_component>
      <object_component id="oc-216">
         <name>.text:PhyAddressInit</name>
         <load_address>0xc79a</load_address>
         <run_address>0xc79a</run_address>
         <size>0x52</size>
         <input_file_ref idref="fl-6"/>
      </object_component>
      <object_component id="oc-22f">
         <name>.text:PhyTransmit</name>
         <load_address>0xc7ec</load_address>
         <run_address>0xc7ec</run_address>
         <size>0x4c</size>
         <input_file_ref idref="fl-2"/>
      </object_component>
      <object_component id="oc-32b">
         <name>.text:CC1101GdoInit</name>
         <load_address>0xc838</load_address>
         <run_address>0xc838</run_address>
         <size>0x4a</size>
         <input_file_ref idref="fl-4"/>
      </object_component>
      <object_component id="oc-1e3">
         <name>.text:CC1101GetRegisterWithSpiSyncProblem</name>
         <load_address>0xc882</load_address>
         <run_address>0xc882</run_address>
         <size>0x4a</size>
         <input_file_ref idref="fl-4"/>
      </object_component>
      <object_component id="oc-1d6">
         <name>.text:CC1101ReadRxFifo</name>
         <load_address>0xc8cc</load_address>
         <run_address>0xc8cc</run_address>
         <size>0x48</size>
         <input_file_ref idref="fl-4"/>
      </object_component>
      <object_component id="oc-1aa">
         <name>.text:ProtocolInit</name>
         <load_address>0xc914</load_address>
         <run_address>0xc914</run_address>
         <size>0x46</size>
         <input_file_ref idref="fl-7"/>
      </object_component>
      <object_component id="oc-284">
         <name>.text:PhyActiveMode</name>
         <load_address>0xc95a</load_address>
         <run_address>0xc95a</run_address>
         <size>0x44</size>
         <input_file_ref idref="fl-2"/>
      </object_component>
      <object_component id="oc-2eb">
         <name>.text:A110x2500SpiInit</name>
         <load_address>0xc99e</load_address>
         <run_address>0xc99e</run_address>
         <size>0x42</size>
         <input_file_ref idref="fl-8"/>
      </object_component>
      <object_component id="oc-1f8">
         <name>.text:FrameDisassemble</name>
         <load_address>0xc9e0</load_address>
         <run_address>0xc9e0</run_address>
         <size>0x42</size>
         <input_file_ref idref="fl-5"/>
      </object_component>
      <object_component id="oc-f4">
         <name>.text:main</name>
         <load_address>0xca22</load_address>
         <run_address>0xca22</run_address>
         <size>0x42</size>
         <input_file_ref idref="fl-9"/>
      </object_component>
      <object_component id="oc-2e3">
         <name>.text:PhyAddressLinkEstablish</name>
         <load_address>0xca64</load_address>
         <run_address>0xca64</run_address>
         <size>0x40</size>
         <input_file_ref idref="fl-6"/>
      </object_component>
      <object_component id="oc-2a7">
         <name>.text:PhyEnableAddressFilter</name>
         <load_address>0xcaa4</load_address>
         <run_address>0xcaa4</run_address>
         <size>0x40</size>
         <input_file_ref idref="fl-2"/>
      </object_component>
      <object_component id="oc-1e9">
         <name>.text:CC1101Read</name>
         <load_address>0xcae4</load_address>
         <run_address>0xcae4</run_address>
         <size>0x3e</size>
         <input_file_ref idref="fl-4"/>
      </object_component>
      <object_component id="oc-1b1">
         <name>.text:FrameSend</name>
         <load_address>0xcb22</load_address>
         <run_address>0xcb22</run_address>
         <size>0x3c</size>
         <input_file_ref idref="fl-5"/>
      </object_component>
      <object_component id="oc-c1">
         <name>.text:Timer_A0_ISR</name>
         <load_address>0xcb5e</load_address>
         <run_address>0xcb5e</run_address>
         <size>0x3a</size>
         <input_file_ref idref="fl-9"/>
      </object_component>
      <object_component id="oc-363">
         <name>.text:CC1101SetAndVerifyState</name>
         <load_address>0xcb98</load_address>
         <run_address>0xcb98</run_address>
         <size>0x38</size>
         <input_file_ref idref="fl-4"/>
      </object_component>
      <object_component id="oc-2b8">
         <name>.text:PhyDataStreamBuild</name>
         <load_address>0xcbd0</load_address>
         <run_address>0xcbd0</run_address>
         <size>0x32</size>
         <input_file_ref idref="fl-2"/>
      </object_component>
      <object_component id="oc-2a1">
         <name>.text:PhyDisableAddressFilter</name>
         <load_address>0xcc02</load_address>
         <run_address>0xcc02</run_address>
         <size>0x32</size>
         <input_file_ref idref="fl-2"/>
      </object_component>
      <object_component id="oc-2c7">
         <name>.text:PhyReceiverOn</name>
         <load_address>0xcc34</load_address>
         <run_address>0xcc34</run_address>
         <size>0x32</size>
         <input_file_ref idref="fl-2"/>
      </object_component>
      <object_component id="oc-af">
         <name>.text:Port_1</name>
         <load_address>0xcc66</load_address>
         <run_address>0xcc66</run_address>
         <size>0x32</size>
         <input_file_ref idref="fl-9"/>
      </object_component>
      <object_component id="oc-172">
         <name>.text:CC1101GetRegister</name>
         <load_address>0xcc98</load_address>
         <run_address>0xcc98</run_address>
         <size>0x30</size>
         <input_file_ref idref="fl-4"/>
      </object_component>
      <object_component id="oc-2ce">
         <name>.text:CC1101Sleep</name>
         <load_address>0xccc8</load_address>
         <run_address>0xccc8</run_address>
         <size>0x30</size>
         <input_file_ref idref="fl-4"/>
      </object_component>
      <object_component id="oc-384">
         <name>.text:CC1101Configure</name>
         <load_address>0xccf8</load_address>
         <run_address>0xccf8</run_address>
         <size>0x2e</size>
         <input_file_ref idref="fl-4"/>
      </object_component>
      <object_component id="oc-14f">
         <name>.text:PlatformInit</name>
         <load_address>0xcd26</load_address>
         <run_address>0xcd26</run_address>
         <size>0x2c</size>
         <input_file_ref idref="fl-9"/>
      </object_component>
      <object_component id="oc-344">
         <name>.text:CC1101Write</name>
         <load_address>0xcd52</load_address>
         <run_address>0xcd52</run_address>
         <size>0x28</size>
         <input_file_ref idref="fl-4"/>
      </object_component>
      <object_component id="oc-c7">
         <name>.text:watchdog_timer</name>
         <load_address>0xcd7a</load_address>
         <run_address>0xcd7a</run_address>
         <size>0x24</size>
         <input_file_ref idref="fl-9"/>
      </object_component>
      <object_component id="oc-2d6">
         <name>.text:memcmp</name>
         <load_address>0xcd9e</load_address>
         <run_address>0xcd9e</run_address>
         <size>0x22</size>
         <input_file_ref idref="fl-4a"/>
      </object_component>
      <object_component id="oc-26a">
         <name>.text:FrameSchedulerData</name>
         <load_address>0xcdc0</load_address>
         <run_address>0xcdc0</run_address>
         <size>0x1c</size>
         <input_file_ref idref="fl-5"/>
      </object_component>
      <object_component id="oc-29b">
         <name>.text:PhyAddressIsBroadcast</name>
         <load_address>0xcddc</load_address>
         <run_address>0xcddc</run_address>
         <size>0x1c</size>
         <input_file_ref idref="fl-6"/>
      </object_component>
      <object_component id="oc-155">
         <name>.text:ProtocolSimpleTransfer</name>
         <load_address>0xcdf8</load_address>
         <run_address>0xcdf8</run_address>
         <size>0x1c</size>
         <input_file_ref idref="fl-7"/>
      </object_component>
      <object_component id="oc-24b">
         <name>.text:FrameListen</name>
         <load_address>0xce14</load_address>
         <run_address>0xce14</run_address>
         <size>0x1a</size>
         <input_file_ref idref="fl-5"/>
      </object_component>
      <object_component id="oc-68">
         <name>.text:_c_int00_noargs_noexit</name>
         <load_address>0xce2e</load_address>
         <run_address>0xce2e</run_address>
         <size>0x1a</size>
         <input_file_ref idref="fl-39"/>
      </object_component>
      <object_component id="oc-337">
         <name>.text:A110LR09GetLookup</name>
         <load_address>0xce48</load_address>
         <run_address>0xce48</run_address>
         <size>0x18</size>
         <input_file_ref idref="fl-3"/>
      </object_component>
      <object_component id="oc-2fd">
         <name>.text:A110x2500Gdo0Init</name>
         <load_address>0xce60</load_address>
         <run_address>0xce60</run_address>
         <size>0x16</size>
         <input_file_ref idref="fl-8"/>
      </object_component>
      <object_component id="oc-2dc">
         <name>.text:PhyAddressLinkExists</name>
         <load_address>0xce76</load_address>
         <run_address>0xce76</run_address>
         <size>0x16</size>
         <input_file_ref idref="fl-6"/>
      </object_component>
      <object_component id="oc-251">
         <name>.text:PhyLowPowerMode</name>
         <load_address>0xce8c</load_address>
         <run_address>0xce8c</run_address>
         <size>0x16</size>
         <input_file_ref idref="fl-2"/>
      </object_component>
      <object_component id="oc-20a">
         <name>.text:PhySetChannel</name>
         <load_address>0xcea2</load_address>
         <run_address>0xcea2</run_address>
         <size>0x16</size>
         <input_file_ref idref="fl-2"/>
      </object_component>
      <object_component id="oc-31b">
         <name>.text:A110x2500Gdo0Enable</name>
         <load_address>0xceb8</load_address>
         <run_address>0xceb8</run_address>
         <size>0x14</size>
         <input_file_ref idref="fl-8"/>
      </object_component>
      <object_component id="oc-291">
         <name>.text:A110x2500HwTimerInit</name>
         <load_address>0xcecc</load_address>
         <run_address>0xcecc</run_address>
         <size>0x14</size>
         <input_file_ref idref="fl-8"/>
      </object_component>
      <object_component id="oc-39a">
         <name>.text:CC1101TimeoutEvent</name>
         <load_address>0xcee0</load_address>
         <run_address>0xcee0</run_address>
         <size>0x14</size>
         <input_file_ref idref="fl-4"/>
      </object_component>
      <object_component id="oc-4a">
         <name>.text:decompress:ZI:__TI_zero_init</name>
         <load_address>0xcef4</load_address>
         <run_address>0xcef4</run_address>
         <size>0x14</size>
         <input_file_ref idref="fl-3c"/>
      </object_component>
      <object_component id="oc-38a">
         <name>.text:memset</name>
         <load_address>0xcf08</load_address>
         <run_address>0xcf08</run_address>
         <size>0x14</size>
         <input_file_ref idref="fl-4c"/>
      </object_component>
      <object_component id="oc-37b">
         <name>.text</name>
         <load_address>0xcf1c</load_address>
         <run_address>0xcf1c</run_address>
         <size>0x14</size>
         <input_file_ref idref="fl-4e"/>
      </object_component>
      <object_component id="oc-27d">
         <name>.text:CC1101SetRegister</name>
         <load_address>0xcf30</load_address>
         <run_address>0xcf30</run_address>
         <size>0x12</size>
         <input_file_ref idref="fl-4"/>
      </object_component>
      <object_component id="oc-2be">
         <name>.text:CC1101Strobe</name>
         <load_address>0xcf42</load_address>
         <run_address>0xcf42</run_address>
         <size>0x12</size>
         <input_file_ref idref="fl-4"/>
      </object_component>
      <object_component id="oc-222">
         <name>.text:PhyEnable</name>
         <load_address>0xcf54</load_address>
         <run_address>0xcf54</run_address>
         <size>0x12</size>
         <input_file_ref idref="fl-2"/>
      </object_component>
      <object_component id="oc-31">
         <name>.text:decompress:none:__TI_decompress_none</name>
         <load_address>0xcf66</load_address>
         <run_address>0xcf66</run_address>
         <size>0x12</size>
         <input_file_ref idref="fl-3a"/>
      </object_component>
      <object_component id="oc-90">
         <name>.text:memcpy</name>
         <load_address>0xcf78</load_address>
         <run_address>0xcf78</run_address>
         <size>0x12</size>
         <input_file_ref idref="fl-4b"/>
      </object_component>
      <object_component id="oc-303">
         <name>.text:A110x2500Gdo0Event</name>
         <load_address>0xcf8a</load_address>
         <run_address>0xcf8a</run_address>
         <size>0x10</size>
         <input_file_ref idref="fl-8"/>
      </object_component>
      <object_component id="oc-264">
         <name>.text:FrameSchedulerLinkRequest</name>
         <load_address>0xcf9a</load_address>
         <run_address>0xcf9a</run_address>
         <size>0x10</size>
         <input_file_ref idref="fl-5"/>
      </object_component>
      <object_component id="oc-11d">
         <name>.text</name>
         <load_address>0xcfaa</load_address>
         <run_address>0xcfaa</run_address>
         <size>0x10</size>
         <input_file_ref idref="fl-3d"/>
      </object_component>
      <object_component id="oc-1dc">
         <name>.text:A110LR09ConvertRssiToDbm</name>
         <load_address>0xcfba</load_address>
         <run_address>0xcfba</run_address>
         <size>0xe</size>
         <input_file_ref idref="fl-3"/>
      </object_component>
      <object_component id="oc-325">
         <name>.text:CC1101SpiInit</name>
         <load_address>0xcfc8</load_address>
         <run_address>0xcfc8</run_address>
         <size>0xe</size>
         <input_file_ref idref="fl-4"/>
      </object_component>
      <object_component id="oc-35a">
         <name>.text:CC1101WriteTxFifo</name>
         <load_address>0xcfd6</load_address>
         <run_address>0xcfd6</run_address>
         <size>0xe</size>
         <input_file_ref idref="fl-4"/>
      </object_component>
      <object_component id="oc-210">
         <name>.text:PhyTimerInit</name>
         <load_address>0xcfe4</load_address>
         <run_address>0xcfe4</run_address>
         <size>0xe</size>
         <input_file_ref idref="fl-2"/>
      </object_component>
      <object_component id="oc-315">
         <name>.text:A110x2500Gdo0GetState</name>
         <load_address>0xcff2</load_address>
         <run_address>0xcff2</run_address>
         <size>0xc</size>
         <input_file_ref idref="fl-8"/>
      </object_component>
      <object_component id="oc-21c">
         <name>.text:FrameInit</name>
         <load_address>0xcffe</load_address>
         <run_address>0xcffe</run_address>
         <size>0xa</size>
         <input_file_ref idref="fl-5"/>
      </object_component>
      <object_component id="oc-309">
         <name>.text:A110x2500Gdo0WaitForAssert</name>
         <load_address>0xd008</load_address>
         <run_address>0xd008</run_address>
         <size>0x6</size>
         <input_file_ref idref="fl-8"/>
      </object_component>
      <object_component id="oc-30f">
         <name>.text:A110x2500Gdo0WaitForDeassert</name>
         <load_address>0xd00e</load_address>
         <run_address>0xd00e</run_address>
         <size>0x6</size>
         <input_file_ref idref="fl-8"/>
      </object_component>
      <object_component id="oc-15b">
         <name>.text:FrameBusy</name>
         <load_address>0xd014</load_address>
         <run_address>0xd014</run_address>
         <size>0x6</size>
         <input_file_ref idref="fl-5"/>
      </object_component>
      <object_component id="oc-2b0">
         <name>.text:PhyAddressGetLocalInfo</name>
         <load_address>0xd01a</load_address>
         <run_address>0xd01a</run_address>
         <size>0x6</size>
         <input_file_ref idref="fl-6"/>
      </object_component>
      <object_component id="oc-258">
         <name>.text:PhyGetDataStreamStatus</name>
         <load_address>0xd020</load_address>
         <run_address>0xd020</run_address>
         <size>0x6</size>
         <input_file_ref idref="fl-2"/>
      </object_component>
      <object_component id="oc-aa">
         <name>.text:_isr:__TI_ISR_TRAP</name>
         <load_address>0xd026</load_address>
         <run_address>0xd026</run_address>
         <size>0x6</size>
         <input_file_ref idref="fl-49"/>
      </object_component>
      <object_component id="oc-37">
         <name>.text:decompress:rle24:__TI_decompress_rle24</name>
         <load_address>0xd02c</load_address>
         <run_address>0xd02c</run_address>
         <size>0x6</size>
         <input_file_ref idref="fl-3b"/>
      </object_component>
      <object_component id="oc-3ab">
         <name>.text:A110LR09GetPowerLookupSize</name>
         <load_address>0xd032</load_address>
         <run_address>0xd032</run_address>
         <size>0x4</size>
         <input_file_ref idref="fl-3"/>
      </object_component>
      <object_component id="oc-d4">
         <name>.text:_system_pre_init</name>
         <load_address>0xd036</load_address>
         <run_address>0xd036</run_address>
         <size>0x4</size>
         <input_file_ref idref="fl-50"/>
      </object_component>
      <object_component id="oc-fc">
         <name>.text:abort</name>
         <load_address>0xd03a</load_address>
         <run_address>0xd03a</run_address>
         <size>0x4</size>
         <input_file_ref idref="fl-3e"/>
      </object_component>
      <object_component id="oc-3f2">
         <name>.cinit..data.load</name>
         <load_address>0xd09a</load_address>
         <run_address>0xd09a</run_address>
         <size>0x1b</size>
      </object_component>
      <object_component id="oc-3ef">
         <name>__TI_handler_table</name>
         <load_address>0xd0b6</load_address>
         <run_address>0xd0b6</run_address>
         <size>0x6</size>
      </object_component>
      <object_component id="oc-3f1">
         <name>.cinit..bss.load</name>
         <load_address>0xd0bc</load_address>
         <run_address>0xd0bc</run_address>
         <size>0x4</size>
      </object_component>
      <object_component id="oc-3f0">
         <name>__TI_cinit_table</name>
         <load_address>0xd0c0</load_address>
         <run_address>0xd0c0</run_address>
         <size>0x8</size>
      </object_component>
      <object_component id="oc-380">
         <name>.const:gA110LR09Lookup</name>
         <load_address>0xd03e</load_address>
         <run_address>0xd03e</run_address>
         <size>0x3e</size>
         <input_file_ref idref="fl-3"/>
      </object_component>
      <object_component id="oc-271">
         <name>.const</name>
         <load_address>0xd07c</load_address>
         <run_address>0xd07c</run_address>
         <size>0x12</size>
         <input_file_ref idref="fl-2"/>
      </object_component>
      <object_component id="oc-1a7">
         <name>.const</name>
         <load_address>0xd08e</load_address>
         <run_address>0xd08e</run_address>
         <size>0x8</size>
         <input_file_ref idref="fl-9"/>
      </object_component>
      <object_component id="oc-3b1">
         <name>.const:gA110LR09PowerLookup</name>
         <load_address>0xd096</load_address>
         <run_address>0xd096</run_address>
         <size>0x4</size>
         <input_file_ref idref="fl-3"/>
      </object_component>
      <object_component id="oc-3d">
         <name>.int00</name>
         <load_address>0xffe0</load_address>
         <run_address>0xffe0</run_address>
         <size>0x2</size>
         <input_file_ref idref="fl-41"/>
      </object_component>
      <object_component id="oc-3e">
         <name>.int02</name>
         <load_address>0xffe4</load_address>
         <run_address>0xffe4</run_address>
         <size>0x2</size>
         <input_file_ref idref="fl-9"/>
      </object_component>
      <object_component id="oc-3f">
         <name>.int03</name>
         <load_address>0xffe6</load_address>
         <run_address>0xffe6</run_address>
         <size>0x2</size>
         <input_file_ref idref="fl-9"/>
      </object_component>
      <object_component id="oc-40">
         <name>.int05</name>
         <load_address>0xffea</load_address>
         <run_address>0xffea</run_address>
         <size>0x2</size>
         <input_file_ref idref="fl-42"/>
      </object_component>
      <object_component id="oc-41">
         <name>.int06</name>
         <load_address>0xffec</load_address>
         <run_address>0xffec</run_address>
         <size>0x2</size>
         <input_file_ref idref="fl-43"/>
      </object_component>
      <object_component id="oc-42">
         <name>.int07</name>
         <load_address>0xffee</load_address>
         <run_address>0xffee</run_address>
         <size>0x2</size>
         <input_file_ref idref="fl-44"/>
      </object_component>
      <object_component id="oc-43">
         <name>.int08</name>
         <load_address>0xfff0</load_address>
         <run_address>0xfff0</run_address>
         <size>0x2</size>
         <input_file_ref idref="fl-9"/>
      </object_component>
      <object_component id="oc-44">
         <name>.int09</name>
         <load_address>0xfff2</load_address>
         <run_address>0xfff2</run_address>
         <size>0x2</size>
         <input_file_ref idref="fl-9"/>
      </object_component>
      <object_component id="oc-45">
         <name>.int10</name>
         <load_address>0xfff4</load_address>
         <run_address>0xfff4</run_address>
         <size>0x2</size>
         <input_file_ref idref="fl-9"/>
      </object_component>
      <object_component id="oc-46">
         <name>.int11</name>
         <load_address>0xfff6</load_address>
         <run_address>0xfff6</run_address>
         <size>0x2</size>
         <input_file_ref idref="fl-45"/>
      </object_component>
      <object_component id="oc-47">
         <name>.int12</name>
         <load_address>0xfff8</load_address>
         <run_address>0xfff8</run_address>
         <size>0x2</size>
         <input_file_ref idref="fl-46"/>
      </object_component>
      <object_component id="oc-48">
         <name>.int13</name>
         <load_address>0xfffa</load_address>
         <run_address>0xfffa</run_address>
         <size>0x2</size>
         <input_file_ref idref="fl-47"/>
      </object_component>
      <object_component id="oc-49">
         <name>.int14</name>
         <load_address>0xfffc</load_address>
         <run_address>0xfffc</run_address>
         <size>0x2</size>
         <input_file_ref idref="fl-48"/>
      </object_component>
      <object_component id="oc-8f">
         <name>.reset</name>
         <load_address>0xfffe</load_address>
         <run_address>0xfffe</run_address>
         <size>0x2</size>
         <input_file_ref idref="fl-38"/>
      </object_component>
      <object_component id="oc-274">
         <name>.data:gA1101Gdo</name>
         <load_address>0x260</load_address>
         <run_address>0x260</run_address>
         <size>0x6</size>
         <input_file_ref idref="fl-2"/>
      </object_component>
      <object_component id="oc-166">
         <name>.data</name>
         <load_address>0x266</load_address>
         <run_address>0x266</run_address>
         <size>0x2</size>
         <input_file_ref idref="fl-2"/>
      </object_component>
      <object_component id="oc-2b6">
         <name>.data</name>
         <load_address>0x25f</load_address>
         <run_address>0x25f</run_address>
         <size>0x1</size>
         <input_file_ref idref="fl-5"/>
      </object_component>
      <object_component id="oc-12f">
         <name>.data</name>
         <load_address>0x24c</load_address>
         <run_address>0x24c</run_address>
         <size>0x13</size>
         <input_file_ref idref="fl-9"/>
      </object_component>
      <object_component id="oc-16a">
         <name>.debug_info</name>
         <load_address>0x0</load_address>
         <run_address>0x0</run_address>
         <size>0x934</size>
         <input_file_ref idref="fl-2"/>
      </object_component>
      <object_component id="oc-272">
         <name>.debug_info</name>
         <load_address>0x934</load_address>
         <run_address>0x934</run_address>
         <size>0x124</size>
         <input_file_ref idref="fl-2"/>
      </object_component>
      <object_component id="oc-275">
         <name>.debug_info</name>
         <load_address>0xa58</load_address>
         <run_address>0xa58</run_address>
         <size>0xff</size>
         <input_file_ref idref="fl-2"/>
      </object_component>
      <object_component id="oc-167">
         <name>.debug_info</name>
         <load_address>0xb57</load_address>
         <run_address>0xb57</run_address>
         <size>0xfc</size>
         <input_file_ref idref="fl-2"/>
      </object_component>
      <object_component id="oc-285">
         <name>.debug_info</name>
         <load_address>0xc53</load_address>
         <run_address>0xc53</run_address>
         <size>0x1ae</size>
         <input_file_ref idref="fl-2"/>
      </object_component>
      <object_component id="oc-2b9">
         <name>.debug_info</name>
         <load_address>0xe01</load_address>
         <run_address>0xe01</run_address>
         <size>0x263</size>
         <input_file_ref idref="fl-2"/>
      </object_component>
      <object_component id="oc-16d">
         <name>.debug_info</name>
         <load_address>0x1064</load_address>
         <run_address>0x1064</run_address>
         <size>0x221</size>
         <input_file_ref idref="fl-2"/>
      </object_component>
      <object_component id="oc-205">
         <name>.debug_info</name>
         <load_address>0x1285</load_address>
         <run_address>0x1285</run_address>
         <size>0x26a</size>
         <input_file_ref idref="fl-2"/>
      </object_component>
      <object_component id="oc-223">
         <name>.debug_info</name>
         <load_address>0x14ef</load_address>
         <run_address>0x14ef</run_address>
         <size>0x187</size>
         <input_file_ref idref="fl-2"/>
      </object_component>
      <object_component id="oc-2a8">
         <name>.debug_info</name>
         <load_address>0x1676</load_address>
         <run_address>0x1676</run_address>
         <size>0x22f</size>
         <input_file_ref idref="fl-2"/>
      </object_component>
      <object_component id="oc-2a2">
         <name>.debug_info</name>
         <load_address>0x18a5</load_address>
         <run_address>0x18a5</run_address>
         <size>0x1df</size>
         <input_file_ref idref="fl-2"/>
      </object_component>
      <object_component id="oc-20b">
         <name>.debug_info</name>
         <load_address>0x1a84</load_address>
         <run_address>0x1a84</run_address>
         <size>0x1e6</size>
         <input_file_ref idref="fl-2"/>
      </object_component>
      <object_component id="oc-259">
         <name>.debug_info</name>
         <load_address>0x1c6a</load_address>
         <run_address>0x1c6a</run_address>
         <size>0x19e</size>
         <input_file_ref idref="fl-2"/>
      </object_component>
      <object_component id="oc-2c8">
         <name>.debug_info</name>
         <load_address>0x1e08</load_address>
         <run_address>0x1e08</run_address>
         <size>0x216</size>
         <input_file_ref idref="fl-2"/>
      </object_component>
      <object_component id="oc-230">
         <name>.debug_info</name>
         <load_address>0x201e</load_address>
         <run_address>0x201e</run_address>
         <size>0x242</size>
         <input_file_ref idref="fl-2"/>
      </object_component>
      <object_component id="oc-252">
         <name>.debug_info</name>
         <load_address>0x2260</load_address>
         <run_address>0x2260</run_address>
         <size>0x1b1</size>
         <input_file_ref idref="fl-2"/>
      </object_component>
      <object_component id="oc-211">
         <name>.debug_info</name>
         <load_address>0x2411</load_address>
         <run_address>0x2411</run_address>
         <size>0x1e3</size>
         <input_file_ref idref="fl-2"/>
      </object_component>
      <object_component id="oc-127">
         <name>.debug_info</name>
         <load_address>0x25f4</load_address>
         <run_address>0x25f4</run_address>
         <size>0x22f</size>
         <input_file_ref idref="fl-2"/>
      </object_component>
      <object_component id="oc-10a">
         <name>.debug_info</name>
         <load_address>0x2823</load_address>
         <run_address>0x2823</run_address>
         <size>0x84</size>
         <input_file_ref idref="fl-2"/>
      </object_component>
      <object_component id="oc-1d1">
         <name>.debug_info</name>
         <load_address>0x28a7</load_address>
         <run_address>0x28a7</run_address>
         <size>0x1b9</size>
         <input_file_ref idref="fl-2"/>
      </object_component>
      <object_component id="oc-111">
         <name>.debug_info</name>
         <load_address>0x2a60</load_address>
         <run_address>0x2a60</run_address>
         <size>0x2c</size>
         <input_file_ref idref="fl-2"/>
      </object_component>
      <object_component id="oc-1c2">
         <name>.debug_info</name>
         <load_address>0x2a8c</load_address>
         <run_address>0x2a8c</run_address>
         <size>0x1bf</size>
         <input_file_ref idref="fl-2"/>
      </object_component>
      <object_component id="oc-1c7">
         <name>.debug_info</name>
         <load_address>0x2c4b</load_address>
         <run_address>0x2c4b</run_address>
         <size>0x6ae</size>
         <input_file_ref idref="fl-2"/>
      </object_component>
      <object_component id="oc-1cc">
         <name>.debug_info</name>
         <load_address>0x32f9</load_address>
         <run_address>0x32f9</run_address>
         <size>0x91</size>
         <input_file_ref idref="fl-2"/>
      </object_component>
      <object_component id="oc-246">
         <name>.debug_info</name>
         <load_address>0x338a</load_address>
         <run_address>0x338a</run_address>
         <size>0x49c</size>
         <input_file_ref idref="fl-3"/>
      </object_component>
      <object_component id="oc-381">
         <name>.debug_info</name>
         <load_address>0x3826</load_address>
         <run_address>0x3826</run_address>
         <size>0x107</size>
         <input_file_ref idref="fl-3"/>
      </object_component>
      <object_component id="oc-3b2">
         <name>.debug_info</name>
         <load_address>0x392d</load_address>
         <run_address>0x392d</run_address>
         <size>0x112</size>
         <input_file_ref idref="fl-3"/>
      </object_component>
      <object_component id="oc-278">
         <name>.debug_info</name>
         <load_address>0x3a3f</load_address>
         <run_address>0x3a3f</run_address>
         <size>0x26c</size>
         <input_file_ref idref="fl-3"/>
      </object_component>
      <object_component id="oc-338">
         <name>.debug_info</name>
         <load_address>0x3cab</load_address>
         <run_address>0x3cab</run_address>
         <size>0x1c2</size>
         <input_file_ref idref="fl-3"/>
      </object_component>
      <object_component id="oc-3ac">
         <name>.debug_info</name>
         <load_address>0x3e6d</load_address>
         <run_address>0x3e6d</run_address>
         <size>0x19a</size>
         <input_file_ref idref="fl-3"/>
      </object_component>
      <object_component id="oc-33e">
         <name>.debug_info</name>
         <load_address>0x4007</load_address>
         <run_address>0x4007</run_address>
         <size>0x234</size>
         <input_file_ref idref="fl-3"/>
      </object_component>
      <object_component id="oc-391">
         <name>.debug_info</name>
         <load_address>0x423b</load_address>
         <run_address>0x423b</run_address>
         <size>0x28a</size>
         <input_file_ref idref="fl-3"/>
      </object_component>
      <object_component id="oc-1dd">
         <name>.debug_info</name>
         <load_address>0x44c5</load_address>
         <run_address>0x44c5</run_address>
         <size>0x1e6</size>
         <input_file_ref idref="fl-3"/>
      </object_component>
      <object_component id="oc-28b">
         <name>.debug_info</name>
         <load_address>0x46ab</load_address>
         <run_address>0x46ab</run_address>
         <size>0x262</size>
         <input_file_ref idref="fl-3"/>
      </object_component>
      <object_component id="oc-1f0">
         <name>.debug_info</name>
         <load_address>0x490d</load_address>
         <run_address>0x490d</run_address>
         <size>0x269</size>
         <input_file_ref idref="fl-4"/>
      </object_component>
      <object_component id="oc-1ea">
         <name>.debug_info</name>
         <load_address>0x4b76</load_address>
         <run_address>0x4b76</run_address>
         <size>0x205</size>
         <input_file_ref idref="fl-4"/>
      </object_component>
      <object_component id="oc-345">
         <name>.debug_info</name>
         <load_address>0x4d7b</load_address>
         <run_address>0x4d7b</run_address>
         <size>0x207</size>
         <input_file_ref idref="fl-4"/>
      </object_component>
      <object_component id="oc-1e4">
         <name>.debug_info</name>
         <load_address>0x4f82</load_address>
         <run_address>0x4f82</run_address>
         <size>0x217</size>
         <input_file_ref idref="fl-4"/>
      </object_component>
      <object_component id="oc-39b">
         <name>.debug_info</name>
         <load_address>0x5199</load_address>
         <run_address>0x5199</run_address>
         <size>0x18b</size>
         <input_file_ref idref="fl-4"/>
      </object_component>
      <object_component id="oc-364">
         <name>.debug_info</name>
         <load_address>0x5324</load_address>
         <run_address>0x5324</run_address>
         <size>0x234</size>
         <input_file_ref idref="fl-4"/>
      </object_component>
      <object_component id="oc-326">
         <name>.debug_info</name>
         <load_address>0x5558</load_address>
         <run_address>0x5558</run_address>
         <size>0x1cf</size>
         <input_file_ref idref="fl-4"/>
      </object_component>
      <object_component id="oc-32c">
         <name>.debug_info</name>
         <load_address>0x5727</load_address>
         <run_address>0x5727</run_address>
         <size>0x1b9</size>
         <input_file_ref idref="fl-4"/>
      </object_component>
      <object_component id="oc-385">
         <name>.debug_info</name>
         <load_address>0x58e0</load_address>
         <run_address>0x58e0</run_address>
         <size>0x1eb</size>
         <input_file_ref idref="fl-4"/>
      </object_component>
      <object_component id="oc-173">
         <name>.debug_info</name>
         <load_address>0x5acb</load_address>
         <run_address>0x5acb</run_address>
         <size>0x1fb</size>
         <input_file_ref idref="fl-4"/>
      </object_component>
      <object_component id="oc-27e">
         <name>.debug_info</name>
         <load_address>0x5cc6</load_address>
         <run_address>0x5cc6</run_address>
         <size>0x1ca</size>
         <input_file_ref idref="fl-4"/>
      </object_component>
      <object_component id="oc-333">
         <name>.debug_info</name>
         <load_address>0x5e90</load_address>
         <run_address>0x5e90</run_address>
         <size>0x1ed</size>
         <input_file_ref idref="fl-4"/>
      </object_component>
      <object_component id="oc-1d7">
         <name>.debug_info</name>
         <load_address>0x607d</load_address>
         <run_address>0x607d</run_address>
         <size>0x235</size>
         <input_file_ref idref="fl-4"/>
      </object_component>
      <object_component id="oc-35c">
         <name>.debug_info</name>
         <load_address>0x62b2</load_address>
         <run_address>0x62b2</run_address>
         <size>0x1dc</size>
         <input_file_ref idref="fl-4"/>
      </object_component>
      <object_component id="oc-2bf">
         <name>.debug_info</name>
         <load_address>0x648e</load_address>
         <run_address>0x648e</run_address>
         <size>0x1b0</size>
         <input_file_ref idref="fl-4"/>
      </object_component>
      <object_component id="oc-2d0">
         <name>.debug_info</name>
         <load_address>0x663e</load_address>
         <run_address>0x663e</run_address>
         <size>0x1ba</size>
         <input_file_ref idref="fl-4"/>
      </object_component>
      <object_component id="oc-34c">
         <name>.debug_info</name>
         <load_address>0x67f8</load_address>
         <run_address>0x67f8</run_address>
         <size>0x28e</size>
         <input_file_ref idref="fl-4"/>
      </object_component>
      <object_component id="oc-1ba">
         <name>.debug_info</name>
         <load_address>0x6a86</load_address>
         <run_address>0x6a86</run_address>
         <size>0x3cd</size>
         <input_file_ref idref="fl-5"/>
      </object_component>
      <object_component id="oc-22a">
         <name>.debug_info</name>
         <load_address>0x6e53</load_address>
         <run_address>0x6e53</run_address>
         <size>0x2aa</size>
         <input_file_ref idref="fl-5"/>
      </object_component>
      <object_component id="oc-25f">
         <name>.debug_info</name>
         <load_address>0x70fd</load_address>
         <run_address>0x70fd</run_address>
         <size>0x225</size>
         <input_file_ref idref="fl-5"/>
      </object_component>
      <object_component id="oc-26b">
         <name>.debug_info</name>
         <load_address>0x7322</load_address>
         <run_address>0x7322</run_address>
         <size>0x162</size>
         <input_file_ref idref="fl-5"/>
      </object_component>
      <object_component id="oc-265">
         <name>.debug_info</name>
         <load_address>0x7484</load_address>
         <run_address>0x7484</run_address>
         <size>0x189</size>
         <input_file_ref idref="fl-5"/>
      </object_component>
      <object_component id="oc-21d">
         <name>.debug_info</name>
         <load_address>0x760d</load_address>
         <run_address>0x760d</run_address>
         <size>0x19d</size>
         <input_file_ref idref="fl-5"/>
      </object_component>
      <object_component id="oc-24c">
         <name>.debug_info</name>
         <load_address>0x77aa</load_address>
         <run_address>0x77aa</run_address>
         <size>0x163</size>
         <input_file_ref idref="fl-5"/>
      </object_component>
      <object_component id="oc-1b2">
         <name>.debug_info</name>
         <load_address>0x790d</load_address>
         <run_address>0x790d</run_address>
         <size>0x1df</size>
         <input_file_ref idref="fl-5"/>
      </object_component>
      <object_component id="oc-15c">
         <name>.debug_info</name>
         <load_address>0x7aec</load_address>
         <run_address>0x7aec</run_address>
         <size>0x14b</size>
         <input_file_ref idref="fl-5"/>
      </object_component>
      <object_component id="oc-1ff">
         <name>.debug_info</name>
         <load_address>0x7c37</load_address>
         <run_address>0x7c37</run_address>
         <size>0x249</size>
         <input_file_ref idref="fl-5"/>
      </object_component>
      <object_component id="oc-1f9">
         <name>.debug_info</name>
         <load_address>0x7e80</load_address>
         <run_address>0x7e80</run_address>
         <size>0x1b5</size>
         <input_file_ref idref="fl-5"/>
      </object_component>
      <object_component id="oc-236">
         <name>.debug_info</name>
         <load_address>0x8035</load_address>
         <run_address>0x8035</run_address>
         <size>0x1a3</size>
         <input_file_ref idref="fl-5"/>
      </object_component>
      <object_component id="oc-23d">
         <name>.debug_info</name>
         <load_address>0x81d8</load_address>
         <run_address>0x81d8</run_address>
         <size>0xb3</size>
         <input_file_ref idref="fl-5"/>
      </object_component>
      <object_component id="oc-299">
         <name>.debug_info</name>
         <load_address>0x828b</load_address>
         <run_address>0x828b</run_address>
         <size>0x2c9</size>
         <input_file_ref idref="fl-6"/>
      </object_component>
      <object_component id="oc-217">
         <name>.debug_info</name>
         <load_address>0x8554</load_address>
         <run_address>0x8554</run_address>
         <size>0x24c</size>
         <input_file_ref idref="fl-6"/>
      </object_component>
      <object_component id="oc-2b2">
         <name>.debug_info</name>
         <load_address>0x87a0</load_address>
         <run_address>0x87a0</run_address>
         <size>0x171</size>
         <input_file_ref idref="fl-6"/>
      </object_component>
      <object_component id="oc-29c">
         <name>.debug_info</name>
         <load_address>0x8911</load_address>
         <run_address>0x8911</run_address>
         <size>0x1be</size>
         <input_file_ref idref="fl-6"/>
      </object_component>
      <object_component id="oc-2dd">
         <name>.debug_info</name>
         <load_address>0x8acf</load_address>
         <run_address>0x8acf</run_address>
         <size>0x189</size>
         <input_file_ref idref="fl-6"/>
      </object_component>
      <object_component id="oc-2e5">
         <name>.debug_info</name>
         <load_address>0x8c58</load_address>
         <run_address>0x8c58</run_address>
         <size>0x1fd</size>
         <input_file_ref idref="fl-6"/>
      </object_component>
      <object_component id="oc-1b8">
         <name>.debug_info</name>
         <load_address>0x8e55</load_address>
         <run_address>0x8e55</run_address>
         <size>0x51d</size>
         <input_file_ref idref="fl-7"/>
      </object_component>
      <object_component id="oc-1ab">
         <name>.debug_info</name>
         <load_address>0x9372</load_address>
         <run_address>0x9372</run_address>
         <size>0x1bd</size>
         <input_file_ref idref="fl-7"/>
      </object_component>
      <object_component id="oc-156">
         <name>.debug_info</name>
         <load_address>0x952f</load_address>
         <run_address>0x952f</run_address>
         <size>0x1a5</size>
         <input_file_ref idref="fl-7"/>
      </object_component>
      <object_component id="oc-17b">
         <name>.debug_info</name>
         <load_address>0x96d4</load_address>
         <run_address>0x96d4</run_address>
         <size>0x1c1</size>
         <input_file_ref idref="fl-7"/>
      </object_component>
      <object_component id="oc-370">
         <name>.debug_info</name>
         <load_address>0x9895</load_address>
         <run_address>0x9895</run_address>
         <size>0x45f</size>
         <input_file_ref idref="fl-8"/>
      </object_component>
      <object_component id="oc-2ed">
         <name>.debug_info</name>
         <load_address>0x9cf4</load_address>
         <run_address>0x9cf4</run_address>
         <size>0x167</size>
         <input_file_ref idref="fl-8"/>
      </object_component>
      <object_component id="oc-2f3">
         <name>.debug_info</name>
         <load_address>0x9e5b</load_address>
         <run_address>0x9e5b</run_address>
         <size>0x1fc</size>
         <input_file_ref idref="fl-8"/>
      </object_component>
      <object_component id="oc-2f9">
         <name>.debug_info</name>
         <load_address>0xa057</load_address>
         <run_address>0xa057</run_address>
         <size>0x1f4</size>
         <input_file_ref idref="fl-8"/>
      </object_component>
      <object_component id="oc-300">
         <name>.debug_info</name>
         <load_address>0xa24b</load_address>
         <run_address>0xa24b</run_address>
         <size>0x16c</size>
         <input_file_ref idref="fl-8"/>
      </object_component>
      <object_component id="oc-306">
         <name>.debug_info</name>
         <load_address>0xa3b7</load_address>
         <run_address>0xa3b7</run_address>
         <size>0x198</size>
         <input_file_ref idref="fl-8"/>
      </object_component>
      <object_component id="oc-30c">
         <name>.debug_info</name>
         <load_address>0xa54f</load_address>
         <run_address>0xa54f</run_address>
         <size>0x17e</size>
         <input_file_ref idref="fl-8"/>
      </object_component>
      <object_component id="oc-311">
         <name>.debug_info</name>
         <load_address>0xa6cd</load_address>
         <run_address>0xa6cd</run_address>
         <size>0x182</size>
         <input_file_ref idref="fl-8"/>
      </object_component>
      <object_component id="oc-317">
         <name>.debug_info</name>
         <load_address>0xa84f</load_address>
         <run_address>0xa84f</run_address>
         <size>0x178</size>
         <input_file_ref idref="fl-8"/>
      </object_component>
      <object_component id="oc-31d">
         <name>.debug_info</name>
         <load_address>0xa9c7</load_address>
         <run_address>0xa9c7</run_address>
         <size>0x18a</size>
         <input_file_ref idref="fl-8"/>
      </object_component>
      <object_component id="oc-293">
         <name>.debug_info</name>
         <load_address>0xab51</load_address>
         <run_address>0xab51</run_address>
         <size>0x172</size>
         <input_file_ref idref="fl-8"/>
      </object_component>
      <object_component id="oc-12d">
         <name>.debug_info</name>
         <load_address>0xacc3</load_address>
         <run_address>0xacc3</run_address>
         <size>0x70b</size>
         <input_file_ref idref="fl-9"/>
      </object_component>
      <object_component id="oc-1a8">
         <name>.debug_info</name>
         <load_address>0xb3ce</load_address>
         <run_address>0xb3ce</run_address>
         <size>0x106</size>
         <input_file_ref idref="fl-9"/>
      </object_component>
      <object_component id="oc-130">
         <name>.debug_info</name>
         <load_address>0xb4d4</load_address>
         <run_address>0xb4d4</run_address>
         <size>0x128</size>
         <input_file_ref idref="fl-9"/>
      </object_component>
      <object_component id="oc-150">
         <name>.debug_info</name>
         <load_address>0xb5fc</load_address>
         <run_address>0xb5fc</run_address>
         <size>0x17c</size>
         <input_file_ref idref="fl-9"/>
      </object_component>
      <object_component id="oc-f5">
         <name>.debug_info</name>
         <load_address>0xb778</load_address>
         <run_address>0xb778</run_address>
         <size>0x199</size>
         <input_file_ref idref="fl-9"/>
      </object_component>
      <object_component id="oc-b6">
         <name>.debug_info</name>
         <load_address>0xb911</load_address>
         <run_address>0xb911</run_address>
         <size>0x188</size>
         <input_file_ref idref="fl-9"/>
      </object_component>
      <object_component id="oc-c8">
         <name>.debug_info</name>
         <load_address>0xba99</load_address>
         <run_address>0xba99</run_address>
         <size>0x16d</size>
         <input_file_ref idref="fl-9"/>
      </object_component>
      <object_component id="oc-b0">
         <name>.debug_info</name>
         <load_address>0xbc06</load_address>
         <run_address>0xbc06</run_address>
         <size>0x186</size>
         <input_file_ref idref="fl-9"/>
      </object_component>
      <object_component id="oc-c2">
         <name>.debug_info</name>
         <load_address>0xbd8c</load_address>
         <run_address>0xbd8c</run_address>
         <size>0x188</size>
         <input_file_ref idref="fl-9"/>
      </object_component>
      <object_component id="oc-bc">
         <name>.debug_info</name>
         <load_address>0xbf14</load_address>
         <run_address>0xbf14</run_address>
         <size>0x1a3</size>
         <input_file_ref idref="fl-9"/>
      </object_component>
      <object_component id="oc-182">
         <name>.debug_info</name>
         <load_address>0xc0b7</load_address>
         <run_address>0xc0b7</run_address>
         <size>0x63</size>
         <input_file_ref idref="fl-9"/>
      </object_component>
      <object_component id="oc-8d">
         <name>.debug_info</name>
         <load_address>0xc11a</load_address>
         <run_address>0xc11a</run_address>
         <size>0xd8</size>
         <input_file_ref idref="fl-38"/>
      </object_component>
      <object_component id="oc-6a">
         <name>.debug_info</name>
         <load_address>0xc1f2</load_address>
         <run_address>0xc1f2</run_address>
         <size>0x179</size>
         <input_file_ref idref="fl-39"/>
      </object_component>
      <object_component id="oc-9c">
         <name>.debug_info</name>
         <load_address>0xc36b</load_address>
         <run_address>0xc36b</run_address>
         <size>0x195</size>
         <input_file_ref idref="fl-3a"/>
      </object_component>
      <object_component id="oc-33">
         <name>.debug_info</name>
         <load_address>0xc500</load_address>
         <run_address>0xc500</run_address>
         <size>0x1c2</size>
         <input_file_ref idref="fl-3a"/>
      </object_component>
      <object_component id="oc-97">
         <name>.debug_info</name>
         <load_address>0xc6c2</load_address>
         <run_address>0xc6c2</run_address>
         <size>0x46</size>
         <input_file_ref idref="fl-3a"/>
      </object_component>
      <object_component id="oc-116">
         <name>.debug_info</name>
         <load_address>0xc708</load_address>
         <run_address>0xc708</run_address>
         <size>0x2c</size>
         <input_file_ref idref="fl-3a"/>
      </object_component>
      <object_component id="oc-a4">
         <name>.debug_info</name>
         <load_address>0xc734</load_address>
         <run_address>0xc734</run_address>
         <size>0x157</size>
         <input_file_ref idref="fl-3b"/>
      </object_component>
      <object_component id="oc-9f">
         <name>.debug_info</name>
         <load_address>0xc88b</load_address>
         <run_address>0xc88b</run_address>
         <size>0x21d</size>
         <input_file_ref idref="fl-3b"/>
      </object_component>
      <object_component id="oc-38">
         <name>.debug_info</name>
         <load_address>0xcaa8</load_address>
         <run_address>0xcaa8</run_address>
         <size>0x194</size>
         <input_file_ref idref="fl-3b"/>
      </object_component>
      <object_component id="oc-a5">
         <name>.debug_info</name>
         <load_address>0xcc3c</load_address>
         <run_address>0xcc3c</run_address>
         <size>0x39</size>
         <input_file_ref idref="fl-3b"/>
      </object_component>
      <object_component id="oc-d3">
         <name>.debug_info</name>
         <load_address>0xcc75</load_address>
         <run_address>0xcc75</run_address>
         <size>0x14d</size>
         <input_file_ref idref="fl-3c"/>
      </object_component>
      <object_component id="oc-4b">
         <name>.debug_info</name>
         <load_address>0xcdc2</load_address>
         <run_address>0xcdc2</run_address>
         <size>0x198</size>
         <input_file_ref idref="fl-3c"/>
      </object_component>
      <object_component id="oc-ce">
         <name>.debug_info</name>
         <load_address>0xcf5a</load_address>
         <run_address>0xcf5a</run_address>
         <size>0x46</size>
         <input_file_ref idref="fl-3c"/>
      </object_component>
      <object_component id="oc-11e">
         <name>.debug_info</name>
         <load_address>0xcfa0</load_address>
         <run_address>0xcfa0</run_address>
         <size>0x10d</size>
         <input_file_ref idref="fl-3d"/>
      </object_component>
      <object_component id="oc-fe">
         <name>.debug_info</name>
         <load_address>0xd0ad</load_address>
         <run_address>0xd0ad</run_address>
         <size>0xfa</size>
         <input_file_ref idref="fl-3e"/>
      </object_component>
      <object_component id="oc-ac">
         <name>.debug_info</name>
         <load_address>0xd1a7</load_address>
         <run_address>0xd1a7</run_address>
         <size>0xee</size>
         <input_file_ref idref="fl-49"/>
      </object_component>
      <object_component id="oc-36b">
         <name>.debug_info</name>
         <load_address>0xd295</load_address>
         <run_address>0xd295</run_address>
         <size>0x14a</size>
         <input_file_ref idref="fl-4a"/>
      </object_component>
      <object_component id="oc-2d9">
         <name>.debug_info</name>
         <load_address>0xd3df</load_address>
         <run_address>0xd3df</run_address>
         <size>0x223</size>
         <input_file_ref idref="fl-4a"/>
      </object_component>
      <object_component id="oc-110">
         <name>.debug_info</name>
         <load_address>0xd602</load_address>
         <run_address>0xd602</run_address>
         <size>0x150</size>
         <input_file_ref idref="fl-4b"/>
      </object_component>
      <object_component id="oc-92">
         <name>.debug_info</name>
         <load_address>0xd752</load_address>
         <run_address>0xd752</run_address>
         <size>0x174</size>
         <input_file_ref idref="fl-4b"/>
      </object_component>
      <object_component id="oc-3aa">
         <name>.debug_info</name>
         <load_address>0xd8c6</load_address>
         <run_address>0xd8c6</run_address>
         <size>0x145</size>
         <input_file_ref idref="fl-4c"/>
      </object_component>
      <object_component id="oc-38c">
         <name>.debug_info</name>
         <load_address>0xda0b</load_address>
         <run_address>0xda0b</run_address>
         <size>0x20d</size>
         <input_file_ref idref="fl-4c"/>
      </object_component>
      <object_component id="oc-37c">
         <name>.debug_info</name>
         <load_address>0xdc18</load_address>
         <run_address>0xdc18</run_address>
         <size>0x100</size>
         <input_file_ref idref="fl-4e"/>
      </object_component>
      <object_component id="oc-d6">
         <name>.debug_info</name>
         <load_address>0xdd18</load_address>
         <run_address>0xdd18</run_address>
         <size>0x12b</size>
         <input_file_ref idref="fl-50"/>
      </object_component>
      <object_component id="oc-13d">
         <name>.debug_info</name>
         <load_address>0xde43</load_address>
         <run_address>0xde43</run_address>
         <size>0x2cc</size>
         <input_file_ref idref="fl-53"/>
      </object_component>
      <object_component id="oc-db">
         <name>.debug_info</name>
         <load_address>0xe10f</load_address>
         <run_address>0xe10f</run_address>
         <size>0x17e</size>
         <input_file_ref idref="fl-53"/>
      </object_component>
      <object_component id="oc-189">
         <name>.debug_info</name>
         <load_address>0xe28d</load_address>
         <run_address>0xe28d</run_address>
         <size>0x39</size>
         <input_file_ref idref="fl-53"/>
      </object_component>
      <object_component id="oc-3f4">
         <name>.debug_info</name>
         <load_address>0xe2c6</load_address>
         <run_address>0xe2c6</run_address>
         <size>0xa9</size>
      </object_component>
      <object_component id="oc-1c1">
         <name>.debug_line</name>
         <load_address>0x0</load_address>
         <run_address>0x0</run_address>
         <size>0x196</size>
         <input_file_ref idref="fl-2"/>
      </object_component>
      <object_component id="oc-322">
         <name>.debug_line</name>
         <load_address>0x196</load_address>
         <run_address>0x196</run_address>
         <size>0x57</size>
         <input_file_ref idref="fl-2"/>
      </object_component>
      <object_component id="oc-324">
         <name>.debug_line</name>
         <load_address>0x1ed</load_address>
         <run_address>0x1ed</run_address>
         <size>0x57</size>
         <input_file_ref idref="fl-2"/>
      </object_component>
      <object_component id="oc-1bf">
         <name>.debug_line</name>
         <load_address>0x244</load_address>
         <run_address>0x244</run_address>
         <size>0x57</size>
         <input_file_ref idref="fl-2"/>
      </object_component>
      <object_component id="oc-288">
         <name>.debug_line</name>
         <load_address>0x29b</load_address>
         <run_address>0x29b</run_address>
         <size>0x6d</size>
         <input_file_ref idref="fl-2"/>
      </object_component>
      <object_component id="oc-2bc">
         <name>.debug_line</name>
         <load_address>0x308</load_address>
         <run_address>0x308</run_address>
         <size>0x71</size>
         <input_file_ref idref="fl-2"/>
      </object_component>
      <object_component id="oc-170">
         <name>.debug_line</name>
         <load_address>0x379</load_address>
         <run_address>0x379</run_address>
         <size>0x82</size>
         <input_file_ref idref="fl-2"/>
      </object_component>
      <object_component id="oc-208">
         <name>.debug_line</name>
         <load_address>0x3fb</load_address>
         <run_address>0x3fb</run_address>
         <size>0x86</size>
         <input_file_ref idref="fl-2"/>
      </object_component>
      <object_component id="oc-226">
         <name>.debug_line</name>
         <load_address>0x481</load_address>
         <run_address>0x481</run_address>
         <size>0x6d</size>
         <input_file_ref idref="fl-2"/>
      </object_component>
      <object_component id="oc-2ab">
         <name>.debug_line</name>
         <load_address>0x4ee</load_address>
         <run_address>0x4ee</run_address>
         <size>0x72</size>
         <input_file_ref idref="fl-2"/>
      </object_component>
      <object_component id="oc-2a5">
         <name>.debug_line</name>
         <load_address>0x560</load_address>
         <run_address>0x560</run_address>
         <size>0x71</size>
         <input_file_ref idref="fl-2"/>
      </object_component>
      <object_component id="oc-20e">
         <name>.debug_line</name>
         <load_address>0x5d1</load_address>
         <run_address>0x5d1</run_address>
         <size>0x6e</size>
         <input_file_ref idref="fl-2"/>
      </object_component>
      <object_component id="oc-25c">
         <name>.debug_line</name>
         <load_address>0x63f</load_address>
         <run_address>0x63f</run_address>
         <size>0x6d</size>
         <input_file_ref idref="fl-2"/>
      </object_component>
      <object_component id="oc-2cb">
         <name>.debug_line</name>
         <load_address>0x6ac</load_address>
         <run_address>0x6ac</run_address>
         <size>0x74</size>
         <input_file_ref idref="fl-2"/>
      </object_component>
      <object_component id="oc-233">
         <name>.debug_line</name>
         <load_address>0x720</load_address>
         <run_address>0x720</run_address>
         <size>0x83</size>
         <input_file_ref idref="fl-2"/>
      </object_component>
      <object_component id="oc-255">
         <name>.debug_line</name>
         <load_address>0x7a3</load_address>
         <run_address>0x7a3</run_address>
         <size>0x6d</size>
         <input_file_ref idref="fl-2"/>
      </object_component>
      <object_component id="oc-215">
         <name>.debug_line</name>
         <load_address>0x810</load_address>
         <run_address>0x810</run_address>
         <size>0x6f</size>
         <input_file_ref idref="fl-2"/>
      </object_component>
      <object_component id="oc-12b">
         <name>.debug_line</name>
         <load_address>0x87f</load_address>
         <run_address>0x87f</run_address>
         <size>0x91</size>
         <input_file_ref idref="fl-2"/>
      </object_component>
      <object_component id="oc-10d">
         <name>.debug_line</name>
         <load_address>0x910</load_address>
         <run_address>0x910</run_address>
         <size>0x20</size>
         <input_file_ref idref="fl-2"/>
      </object_component>
      <object_component id="oc-1d4">
         <name>.debug_line</name>
         <load_address>0x930</load_address>
         <run_address>0x930</run_address>
         <size>0x81</size>
         <input_file_ref idref="fl-2"/>
      </object_component>
      <object_component id="oc-114">
         <name>.debug_line</name>
         <load_address>0x9b1</load_address>
         <run_address>0x9b1</run_address>
         <size>0x63</size>
         <input_file_ref idref="fl-2"/>
      </object_component>
      <object_component id="oc-1c5">
         <name>.debug_line</name>
         <load_address>0xa14</load_address>
         <run_address>0xa14</run_address>
         <size>0x7e</size>
         <input_file_ref idref="fl-2"/>
      </object_component>
      <object_component id="oc-1ca">
         <name>.debug_line</name>
         <load_address>0xa92</load_address>
         <run_address>0xa92</run_address>
         <size>0x7b</size>
         <input_file_ref idref="fl-2"/>
      </object_component>
      <object_component id="oc-1cf">
         <name>.debug_line</name>
         <load_address>0xb0d</load_address>
         <run_address>0xb0d</run_address>
         <size>0x86</size>
         <input_file_ref idref="fl-2"/>
      </object_component>
      <object_component id="oc-2c6">
         <name>.debug_line</name>
         <load_address>0xb93</load_address>
         <run_address>0xb93</run_address>
         <size>0xbe</size>
         <input_file_ref idref="fl-3"/>
      </object_component>
      <object_component id="oc-3a7">
         <name>.debug_line</name>
         <load_address>0xc51</load_address>
         <run_address>0xc51</run_address>
         <size>0x53</size>
         <input_file_ref idref="fl-3"/>
      </object_component>
      <object_component id="oc-3ba">
         <name>.debug_line</name>
         <load_address>0xca4</load_address>
         <run_address>0xca4</run_address>
         <size>0x53</size>
         <input_file_ref idref="fl-3"/>
      </object_component>
      <object_component id="oc-27c">
         <name>.debug_line</name>
         <load_address>0xcf7</load_address>
         <run_address>0xcf7</run_address>
         <size>0x75</size>
         <input_file_ref idref="fl-3"/>
      </object_component>
      <object_component id="oc-33c">
         <name>.debug_line</name>
         <load_address>0xd6c</load_address>
         <run_address>0xd6c</run_address>
         <size>0x69</size>
         <input_file_ref idref="fl-3"/>
      </object_component>
      <object_component id="oc-3b0">
         <name>.debug_line</name>
         <load_address>0xdd5</load_address>
         <run_address>0xdd5</run_address>
         <size>0x69</size>
         <input_file_ref idref="fl-3"/>
      </object_component>
      <object_component id="oc-341">
         <name>.debug_line</name>
         <load_address>0xe3e</load_address>
         <run_address>0xe3e</run_address>
         <size>0x7a</size>
         <input_file_ref idref="fl-3"/>
      </object_component>
      <object_component id="oc-395">
         <name>.debug_line</name>
         <load_address>0xeb8</load_address>
         <run_address>0xeb8</run_address>
         <size>0x8e</size>
         <input_file_ref idref="fl-3"/>
      </object_component>
      <object_component id="oc-1e1">
         <name>.debug_line</name>
         <load_address>0xf46</load_address>
         <run_address>0xf46</run_address>
         <size>0x69</size>
         <input_file_ref idref="fl-3"/>
      </object_component>
      <object_component id="oc-28e">
         <name>.debug_line</name>
         <load_address>0xfaf</load_address>
         <run_address>0xfaf</run_address>
         <size>0xa2</size>
         <input_file_ref idref="fl-3"/>
      </object_component>
      <object_component id="oc-24a">
         <name>.debug_line</name>
         <load_address>0x1051</load_address>
         <run_address>0x1051</run_address>
         <size>0x20</size>
         <input_file_ref idref="fl-4"/>
      </object_component>
      <object_component id="oc-1ed">
         <name>.debug_line</name>
         <load_address>0x1071</load_address>
         <run_address>0x1071</run_address>
         <size>0x6e</size>
         <input_file_ref idref="fl-4"/>
      </object_component>
      <object_component id="oc-348">
         <name>.debug_line</name>
         <load_address>0x10df</load_address>
         <run_address>0x10df</run_address>
         <size>0x67</size>
         <input_file_ref idref="fl-4"/>
      </object_component>
      <object_component id="oc-1e7">
         <name>.debug_line</name>
         <load_address>0x1146</load_address>
         <run_address>0x1146</run_address>
         <size>0x6a</size>
         <input_file_ref idref="fl-4"/>
      </object_component>
      <object_component id="oc-39e">
         <name>.debug_line</name>
         <load_address>0x11b0</load_address>
         <run_address>0x11b0</run_address>
[...]
         <value>0xd0b6</value>
      </symbol>
      <symbol id="sm-66">
         <name>__TI_Handler_Table_Limit</name>
         <value>0xd0bc</value>
      </symbol>
      <symbol id="sm-67">
         <name>binit</name>
         <value>0xffffffff</value>
      </symbol>
      <symbol id="sm-68">
         <name>__binit__</name>
         <value>0xffffffff</value>
      </symbol>
      <symbol id="sm-69">
         <name>__STACK_SIZE</name>
         <value>0x50</value>
      </symbol>
      <symbol id="sm-6a">
         <name>__STACK_END</name>
         <value>0x400</value>
      </symbol>
      <symbol id="sm-6b">
         <name>__c_args__</name>
         <value>0xffffffff</value>
      </symbol>
      <symbol id="sm-139">
         <name>PhyGetDataStreamStatus</name>
         <value>0xd020</value>
         <object_component_ref idref="oc-258"/>
      </symbol>
      <symbol id="sm-13a">
         <name>gA1101Gdo0</name>
         <value>0xd082</value>
         <object_component_ref idref="oc-271"/>
      </symbol>
      <symbol id="sm-13b">
         <name>PhyEnable</name>
         <value>0xcf54</value>
         <object_component_ref idref="oc-222"/>
      </symbol>
      <symbol id="sm-13c">
         <name>PhyReceiverOn</name>
         <value>0xcc34</value>
         <object_component_ref idref="oc-2c7"/>
      </symbol>
      <symbol id="sm-13d">
         <name>PhyDataStreamBuild</name>
         <value>0xcbd0</value>
         <object_component_ref idref="oc-2b8"/>
      </symbol>
      <symbol id="sm-13e">
         <name>PhyGetDataStream</name>
         <value>0xc696</value>
         <object_component_ref idref="oc-16c"/>
      </symbol>
      <symbol id="sm-13f">
         <name>PhySyncEopIsr</name>
         <value>0xc13c</value>
         <object_component_ref idref="oc-126"/>
      </symbol>
      <symbol id="sm-140">
         <name>gA1101Spi</name>
         <value>0xd07c</value>
         <object_component_ref idref="oc-271"/>
      </symbol>
      <symbol id="sm-141">
         <name>PhyTimerInit</name>
         <value>0xcfe4</value>
         <object_component_ref idref="oc-210"/>
      </symbol>
      <symbol id="sm-142">
         <name>PhyTransmit</name>
         <value>0xc7ec</value>
         <object_component_ref idref="oc-22f"/>
      </symbol>
      <symbol id="sm-143">
         <name>PhySetChannel</name>
         <value>0xcea2</value>
         <object_component_ref idref="oc-20a"/>
      </symbol>
      <symbol id="sm-144">
         <name>PhyEnableAddressFilter</name>
         <value>0xcaa4</value>
         <object_component_ref idref="oc-2a7"/>
      </symbol>
      <symbol id="sm-145">
         <name>PhyActiveMode</name>
         <value>0xc95a</value>
         <object_component_ref idref="oc-284"/>
      </symbol>
      <symbol id="sm-146">
         <name>PhyDisableAddressFilter</name>
         <value>0xcc02</value>
         <object_component_ref idref="oc-2a1"/>
      </symbol>
      <symbol id="sm-147">
         <name>gA1101Gdo</name>
         <value>0x260</value>
         <object_component_ref idref="oc-274"/>
      </symbol>
      <symbol id="sm-148">
         <name>PhyLowPowerMode</name>
         <value>0xce8c</value>
         <object_component_ref idref="oc-251"/>
      </symbol>
      <symbol id="sm-149">
         <name>PhyInit</name>
         <value>0xc52e</value>
         <object_component_ref idref="oc-204"/>
      </symbol>
      <symbol id="sm-1a2">
         <name>A110LR09Configure</name>
         <value>0xc63e</value>
         <object_component_ref idref="oc-33d"/>
      </symbol>
      <symbol id="sm-1a3">
         <name>A110LR09Init</name>
         <value>0xc746</value>
         <object_component_ref idref="oc-277"/>
      </symbol>
      <symbol id="sm-1a4">
         <name>A110LR09ConvertRssiToDbm</name>
         <value>0xcfba</value>
         <object_component_ref idref="oc-1dc"/>
      </symbol>
      <symbol id="sm-1a5">
         <name>gA110LR09Lookup</name>
         <value>0xd03e</value>
         <object_component_ref idref="oc-380"/>
      </symbol>
      <symbol id="sm-1a6">
         <name>gA110LR09PowerLookup</name>
         <value>0xd096</value>
         <object_component_ref idref="oc-3b1"/>
      </symbol>
      <symbol id="sm-1a7">
         <name>A110LR09GetLookup</name>
         <value>0xce48</value>
         <object_component_ref idref="oc-337"/>
      </symbol>
      <symbol id="sm-1a8">
         <name>A110LR09SetPaTable</name>
         <value>0xc000</value>
         <object_component_ref idref="oc-390"/>
      </symbol>
      <symbol id="sm-1a9">
         <name>A110LR09SetChannr</name>
         <value>0xc0a8</value>
         <object_component_ref idref="oc-28a"/>
      </symbol>
      <symbol id="sm-1aa">
         <name>A110LR09GetPowerLookupSize</name>
         <value>0xd032</value>
         <object_component_ref idref="oc-3ab"/>
      </symbol>
      <symbol id="sm-23f">
         <name>CC1101Wakeup</name>
         <value>0xc4d2</value>
         <object_component_ref idref="oc-34b"/>
      </symbol>
      <symbol id="sm-240">
         <name>CC1101SetAndVerifyState</name>
         <value>0xcb98</value>
         <object_component_ref idref="oc-363"/>
      </symbol>
      <symbol id="sm-241">
         <name>CC1101GdoInit</name>
         <value>0xc838</value>
         <object_component_ref idref="oc-32b"/>
      </symbol>
      <symbol id="sm-242">
         <name>CC1101ReadRxFifo</name>
         <value>0xc8cc</value>
         <object_component_ref idref="oc-1d6"/>
      </symbol>
      <symbol id="sm-243">
         <name>CC1101WriteTxFifo</name>
         <value>0xcfd6</value>
         <object_component_ref idref="oc-35a"/>
      </symbol>
      <symbol id="sm-244">
         <name>CC1101SetRegister</name>
         <value>0xcf30</value>
         <object_component_ref idref="oc-27d"/>
      </symbol>
      <symbol id="sm-245">
         <name>CC1101Configure</name>
         <value>0xccf8</value>
         <object_component_ref idref="oc-384"/>
      </symbol>
      <symbol id="sm-246">
         <name>CC1101Read</name>
         <value>0xcae4</value>
         <object_component_ref idref="oc-1e9"/>
      </symbol>
      <symbol id="sm-247">
         <name>CC1101SpiInit</name>
         <value>0xcfc8</value>
         <object_component_ref idref="oc-325"/>
      </symbol>
      <symbol id="sm-248">
         <name>CC1101Sleep</name>
         <value>0xccc8</value>
         <object_component_ref idref="oc-2ce"/>
      </symbol>
      <symbol id="sm-249">
         <name>CC1101Strobe</name>
         <value>0xcf42</value>
         <object_component_ref idref="oc-2be"/>
      </symbol>
      <symbol id="sm-24a">
         <name>CC1101WriteRegisters</name>
         <value>0xcd52</value>
         <object_component_ref idref="oc-344"/>
      </symbol>
      <symbol id="sm-24b">
         <name>CC1101GetChip</name>
         <value>0xc472</value>
         <object_component_ref idref="oc-331"/>
      </symbol>
      <symbol id="sm-24c">
         <name>CC1101GetRegister</name>
         <value>0xcc98</value>
         <object_component_ref idref="oc-172"/>
      </symbol>
      <symbol id="sm-24d">
         <name>CC1101Write</name>
         <value>0xcd52</value>
         <object_component_ref idref="oc-344"/>
      </symbol>
      <symbol id="sm-24e">
         <name>CC1101GetRegisterWithSpiSyncProblem</name>
         <value>0xc882</value>
         <object_component_ref idref="oc-1e3"/>
      </symbol>
      <symbol id="sm-24f">
         <name>CC1101TimeoutEvent</name>
         <value>0xcee0</value>
         <object_component_ref idref="oc-39a"/>
      </symbol>
      <symbol id="sm-2c1">
         <name>FrameBusy</name>
         <value>0xd014</value>
         <object_component_ref idref="oc-15b"/>
      </symbol>
      <symbol id="sm-2c2">
         <name>FrameAssemble</name>
         <value>0xc2ce</value>
         <object_component_ref idref="oc-1fe"/>
      </symbol>
      <symbol id="sm-2c3">
         <name>FrameDisassemble</name>
         <value>0xc9e0</value>
         <object_component_ref idref="oc-1f8"/>
      </symbol>
      <symbol id="sm-2c4">
         <name>FrameInit</name>
         <value>0xcffe</value>
         <object_component_ref idref="oc-21c"/>
      </symbol>
      <symbol id="sm-2c5">
         <name>FrameSend</name>
         <value>0xcb22</value>
         <object_component_ref idref="oc-1b1"/>
      </symbol>
      <symbol id="sm-2c6">
         <name>FrameSchedulerLinkRequest</name>
         <value>0xcf9a</value>
         <object_component_ref idref="oc-264"/>
      </symbol>
      <symbol id="sm-2c7">
         <name>FrameEndPointValidate</name>
         <value>0xc33e</value>
         <object_component_ref idref="oc-25e"/>
      </symbol>
      <symbol id="sm-2c8">
         <name>FrameListen</name>
         <value>0xce14</value>
         <object_component_ref idref="oc-24b"/>
      </symbol>
      <symbol id="sm-2c9">
         <name>FrameBuild</name>
         <value>0xc1d0</value>
         <object_component_ref idref="oc-229"/>
      </symbol>
      <symbol id="sm-2ca">
         <name>FrameSchedulerData</name>
         <value>0xcdc0</value>
         <object_component_ref idref="oc-26a"/>
      </symbol>
      <symbol id="sm-2fe">
         <name>PhyAddressLinkEstablish</name>
         <value>0xca64</value>
         <object_component_ref idref="oc-2e3"/>
      </symbol>
      <symbol id="sm-2ff">
         <name>PhyAddressLinkExists</name>
         <value>0xce76</value>
         <object_component_ref idref="oc-2dc"/>
      </symbol>
      <symbol id="sm-300">
         <name>PhyAddressGetLocalInfo</name>
         <value>0xd01a</value>
         <object_component_ref idref="oc-2b0"/>
      </symbol>
      <symbol id="sm-301">
         <name>PhyAddressIsBroadcast</name>
         <value>0xcddc</value>
         <object_component_ref idref="oc-29b"/>
      </symbol>
      <symbol id="sm-302">
         <name>PhyAddressInit</name>
         <value>0xc79a</value>
         <object_component_ref idref="oc-216"/>
      </symbol>
      <symbol id="sm-31d">
         <name>ProtocolInit</name>
         <value>0xc914</value>
         <object_component_ref idref="oc-1aa"/>
      </symbol>
      <symbol id="sm-31e">
         <name>ProtocolSimpleTransfer</name>
         <value>0xcdf8</value>
         <object_component_ref idref="oc-155"/>
      </symbol>
      <symbol id="sm-378">
         <name>A110x2500HwTimerInit</name>
         <value>0xcecc</value>
         <object_component_ref idref="oc-291"/>
      </symbol>
      <symbol id="sm-379">
         <name>A110x2500SpiInit</name>
         <value>0xc99e</value>
         <object_component_ref idref="oc-2eb"/>
      </symbol>
      <symbol id="sm-37a">
         <name>A110x2500SpiWrite</name>
         <value>0xc58a</value>
         <object_component_ref idref="oc-2f7"/>
      </symbol>
      <symbol id="sm-37b">
         <name>A110x2500SpiRead</name>
         <value>0xc256</value>
         <object_component_ref idref="oc-2f1"/>
      </symbol>
      <symbol id="sm-37c">
         <name>A110x2500Gdo0WaitForAssert</name>
         <value>0xd008</value>
         <object_component_ref idref="oc-309"/>
      </symbol>
      <symbol id="sm-37d">
         <name>A110x2500Gdo0Init</name>
         <value>0xce60</value>
         <object_component_ref idref="oc-2fd"/>
      </symbol>
      <symbol id="sm-37e">
         <name>A110x2500Gdo0GetState</name>
         <value>0xcff2</value>
         <object_component_ref idref="oc-315"/>
      </symbol>
      <symbol id="sm-37f">
         <name>A110x2500Gdo0WaitForDeassert</name>
         <value>0xd00e</value>
         <object_component_ref idref="oc-30f"/>
      </symbol>
      <symbol id="sm-380">
         <name>A110x2500Gdo0Enable</name>
         <value>0xceb8</value>
         <object_component_ref idref="oc-31b"/>
      </symbol>
      <symbol id="sm-381">
         <name>A110x2500Gdo0Event</name>
         <value>0xcf8a</value>
         <object_component_ref idref="oc-303"/>
      </symbol>
      <symbol id="sm-3e1">
         <name>Time</name>
         <value>0x236</value>
      </symbol>
      <symbol id="sm-3e2">
         <name>txData</name>
         <value>0x248</value>
      </symbol>
      <symbol id="sm-3e3">
         <name>rxBuffer</name>
         <value>0x24a</value>
      </symbol>
      <symbol id="sm-3e4">
         <name>PlatformInit</name>
         <value>0xcd26</value>
         <object_component_ref idref="oc-14f"/>
      </symbol>
      <symbol id="sm-3e5">
         <name>GDO0Isr</name>
         <value>0xc3a6</value>
         <object_component_ref idref="oc-b5"/>
      </symbol>
      <symbol id="sm-3e6">
         <name>__TI_int08</name>
         <value>0xfff0</value>
         <object_component_ref idref="oc-43"/>
      </symbol>
      <symbol id="sm-3e7">
         <name>__TI_int09</name>
         <value>0xfff2</value>
         <object_component_ref idref="oc-44"/>
      </symbol>
      <symbol id="sm-3e8">
         <name>__TI_int02</name>
         <value>0xffe4</value>
         <object_component_ref idref="oc-3e"/>
      </symbol>
      <symbol id="sm-3e9">
         <name>__TI_int03</name>
         <value>0xffe6</value>
         <object_component_ref idref="oc-3f"/>
      </symbol>
      <symbol id="sm-3ea">
         <name>__TI_int10</name>
         <value>0xfff4</value>
         <object_component_ref idref="oc-45"/>
      </symbol>
      <symbol id="sm-3eb">
         <name>wdtCounter</name>
         <value>0x25a</value>
         <object_component_ref idref="oc-12f"/>
      </symbol>
      <symbol id="sm-3ec">
         <name>Port_1</name>
         <value>0xcc66</value>
         <object_component_ref idref="oc-af"/>
      </symbol>
      <symbol id="sm-3ed">
         <name>i</name>
         <value>0x258</value>
         <object_component_ref idref="oc-12f"/>
      </symbol>
      <symbol id="sm-3ee">
         <name>watchdog_timer</name>
         <value>0xcd7a</value>
         <object_component_ref idref="oc-c7"/>
      </symbol>
      <symbol id="sm-3ef">
         <name>main</name>
         <value>0xca22</value>
         <object_component_ref idref="oc-f4"/>
      </symbol>
      <symbol id="sm-3f0">
         <name>Timer_A0_ISR</name>
         <value>0xcb5e</value>
         <object_component_ref idref="oc-c1"/>
      </symbol>
      <symbol id="sm-3f1">
         <name>Timer_A1_ISR</name>
         <value>0xc5e4</value>
         <object_component_ref idref="oc-bb"/>
      </symbol>
      <symbol id="sm-3fa">
         <name>_stack</name>
         <value>0x3b0</value>
         <object_component_ref idref="oc-8c"/>
      </symbol>
      <symbol id="sm-3fb">
         <name>_reset_vector</name>
         <value>0xfffe</value>
         <object_component_ref idref="oc-8f"/>
      </symbol>
      <symbol id="sm-406">
         <name>_c_int00_noargs_noexit</name>
         <value>0xce2e</value>
         <object_component_ref idref="oc-68"/>
      </symbol>
      <symbol id="sm-41c">
         <name>__TI_decompress_none</name>
         <value>0xcf66</value>
         <object_component_ref idref="oc-31"/>
      </symbol>
      <symbol id="sm-43e">
         <name>__TI_decompress_rle24</name>
         <value>0xd02c</value>
         <object_component_ref idref="oc-37"/>
      </symbol>
      <symbol id="sm-451">
         <name>__TI_zero_init</name>
         <value>0xcef4</value>
         <object_component_ref idref="oc-4a"/>
      </symbol>
      <symbol id="sm-45a">
         <name>__mspabi_func_epilog_2</name>
         <value>0xcfb4</value>
         <object_component_ref idref="oc-11d"/>
      </symbol>
      <symbol id="sm-45b">
         <name>__mspabi_func_epilog_3</name>
         <value>0xcfb2</value>
         <object_component_ref idref="oc-11d"/>
      </symbol>
      <symbol id="sm-45c">
         <name>__mspabi_func_epilog_1</name>
         <value>0xcfb6</value>
         <object_component_ref idref="oc-11d"/>
      </symbol>
      <symbol id="sm-45d">
         <name>__mspabi_func_epilog_6</name>
         <value>0xcfac</value>
         <object_component_ref idref="oc-11d"/>
      </symbol>
      <symbol id="sm-45e">
         <name>__mspabi_func_epilog_7</name>
         <value>0xcfaa</value>
         <object_component_ref idref="oc-11d"/>
      </symbol>
      <symbol id="sm-45f">
         <name>__mspabi_func_epilog_4</name>
         <value>0xcfb0</value>
         <object_component_ref idref="oc-11d"/>
      </symbol>
      <symbol id="sm-460">
         <name>__mspabi_func_epilog_5</name>
         <value>0xcfae</value>
         <object_component_ref idref="oc-11d"/>
      </symbol>
      <symbol id="sm-46b">
         <name>C$$EXIT</name>
         <value>0xd03a</value>
         <object_component_ref idref="oc-fc"/>
      </symbol>
      <symbol id="sm-46c">
         <name>abort</name>
         <value>0xd03a</value>
         <object_component_ref idref="oc-fc"/>
      </symbol>
      <symbol id="sm-486">
         <name>__TI_int00</name>
         <value>0xffe0</value>
         <object_component_ref idref="oc-3d"/>
      </symbol>
      <symbol id="sm-489">
         <name>__TI_int05</name>
         <value>0xffea</value>
         <object_component_ref idref="oc-40"/>
      </symbol>
      <symbol id="sm-48c">
         <name>__TI_int06</name>
         <value>0xffec</value>
         <object_component_ref idref="oc-41"/>
      </symbol>
      <symbol id="sm-48f">
         <name>__TI_int07</name>
         <value>0xffee</value>
         <object_component_ref idref="oc-42"/>
      </symbol>
      <symbol id="sm-492">
         <name>__TI_int11</name>
         <value>0xfff6</value>
         <object_component_ref idref="oc-46"/>
      </symbol>
      <symbol id="sm-495">
         <name>__TI_int12</name>
         <value>0xfff8</value>
         <object_component_ref idref="oc-47"/>
      </symbol>
      <symbol id="sm-498">
         <name>__TI_int13</name>
         <value>0xfffa</value>
         <object_component_ref idref="oc-48"/>
      </symbol>
      <symbol id="sm-49b">
         <name>__TI_int14</name>
         <value>0xfffc</value>
         <object_component_ref idref="oc-49"/>
      </symbol>
      <symbol id="sm-4a3">
         <name>__TI_ISR_TRAP</name>
         <value>0xd026</value>
         <object_component_ref idref="oc-aa"/>
      </symbol>
      <symbol id="sm-4b2">
         <name>memcmp</name>
         <value>0xcd9e</value>
         <object_component_ref idref="oc-2d6"/>
      </symbol>
      <symbol id="sm-4c0">
         <name>memcpy</name>
         <value>0xcf78</value>
         <object_component_ref idref="oc-90"/>
      </symbol>
      <symbol id="sm-4ce">
         <name>memset</name>
         <value>0xcf08</value>
         <object_component_ref idref="oc-38a"/>
      </symbol>
      <symbol id="sm-4d9">
         <name>__mspabi_mpyi_sw</name>
         <value>0xcf1c</value>
         <object_component_ref idref="oc-37b"/>
      </symbol>
      <symbol id="sm-4da">
         <name>__mspabi_mpyi</name>
         <value>0xcf1c</value>
         <object_component_ref idref="oc-37b"/>
      </symbol>
      <symbol id="sm-4e4">
         <name>_system_pre_init</name>
         <value>0xd036</value>
         <object_component_ref idref="oc-d4"/>
      </symbol>
      <symbol id="sm-4fe">
         <name>_auto_init</name>
         <value>0xc6ee</value>
         <object_component_ref idref="oc-da"/>
      </symbol>
      <symbol id="sm-500">
         <name>__TI_INITARRAY_Base</name>
         <value>0x0</value>
      </symbol>
      <symbol id="sm-501">
         <name>__TI_INITARRAY_Limit</name>
         <value>0x0</value>
      </symbol>
      <symbol id="sm-502">
         <name>FrameIdle</name>
         <value>0xce8c</value>
      </symbol>
      <symbol id="sm-503">
         <name>ProtocolBusy</name>
         <value>0xd014</value>
      </symbol>
      <symbol id="sm-504">
         <name>ProtocolEngine</name>
         <value>0xc13c</value>
      </symbol>
   </symbol_table>
   <title>Link successful</title>
</link_info>
