<?xml version="1.0"?>
<link_info>
   <banner>MSP430 Linker PC v4.4.3</banner>
   <copyright>Copyright (c) 2003-2015 Texas Instruments Incorporated</copyright>
   <link_time>0x5508a6ff</link_time>
   <link_errors>0x0</link_errors>
   <output_file>HalfDuplexTransfer.out</output_file>
   <entry_point>
      <name>_c_int00_noargs_noexit</name>
      <address>0xcd14</address>
   </entry_point>
   <input_file_list>
      <input_file id="fl-2">
         <path>.\Protocol\Physical\PhyBridge\</path>
         <kind>object</kind>
         <file>A110x2500PhyBridge.obj</file>
         <name>A110x2500PhyBridge.obj</name>
      </input_file>
      <input_file id="fl-3">
         <path>.\Protocol\Physical\Module\A110LR09\</path>
         <kind>object</kind>
         <file>A110LR09.obj</file>
         <name>A110LR09.obj</name>
      </input_file>
      <input_file id="fl-4">
         <path>.\Protocol\Physical\Driver\</path>
         <kind>object</kind>
         <file>CC1101.obj</file>
         <name>CC1101.obj</name>
      </input_file>
      <input_file id="fl-5">
         <path>.\Protocol\DataLink\MAC\</path>
         <kind>object</kind>
         <file>Frame.obj</file>
         <name>Frame.obj</name>
      </input_file>
      <input_file id="fl-6">
         <path>.\Protocol\DataLink\MAC\</path>
         <kind>object</kind>
         <file>PhyAddress.obj</file>
         <name>PhyAddress.obj</name>
      </input_file>
      <input_file id="fl-7">
         <path>.\Protocol\API\</path>
         <kind>object</kind>
         <file>API.obj</file>
         <name>API.obj</name>
      </input_file>
      <input_file id="fl-8">
         <path>.\Application\Platform\</path>
         <kind>object</kind>
         <file>BPEXP430G2x53.obj</file>
         <name>BPEXP430G2x53.obj</name>
      </input_file>
      <input_file id="fl-9">
         <path>.\Application\Gateway\</path>
         <kind>object</kind>
         <file>HalfDuplexTransfer.obj</file>
         <name>HalfDuplexTransfer.obj</name>
      </input_file>
      <input_file id="fl-38">
         <path>c:\ti\ccsv6\tools\compiler\ti-cgt-msp430_4.4.3\lib\</path>
         <kind>archive</kind>
         <file>rts430_eabi.lib</file>
         <name>boot.obj</name>
      </input_file>
      <input_file id="fl-39">
         <path>c:\ti\ccsv6\tools\compiler\ti-cgt-msp430_4.4.3\lib\</path>
         <kind>archive</kind>
         <file>rts430_eabi.lib</file>
         <name>boot_special.obj</name>
      </input_file>
      <input_file id="fl-3a">
         <path>c:\ti\ccsv6\tools\compiler\ti-cgt-msp430_4.4.3\lib\</path>
         <kind>archive</kind>
         <file>rts430_eabi.lib</file>
         <name>copy_decompress_none.obj</name>
      </input_file>
      <input_file id="fl-3b">
         <path>c:\ti\ccsv6\tools\compiler\ti-cgt-msp430_4.4.3\lib\</path>
         <kind>archive</kind>
         <file>rts430_eabi.lib</file>
         <name>copy_decompress_rle.obj</name>
      </input_file>
      <input_file id="fl-3c">
         <path>c:\ti\ccsv6\tools\compiler\ti-cgt-msp430_4.4.3\lib\</path>
         <kind>archive</kind>
         <file>rts430_eabi.lib</file>
         <name>copy_zero_init.obj</name>
      </input_file>
      <input_file id="fl-3d">
         <path>c:\ti\ccsv6\tools\compiler\ti-cgt-msp430_4.4.3\lib\</path>
         <kind>archive</kind>
         <file>rts430_eabi.lib</file>
         <name>epilog.obj</name>
      </input_file>
      <input_file id="fl-3e">
         <path>c:\ti\ccsv6\tools\compiler\ti-cgt-msp430_4.4.3\lib\</path>
         <kind>archive</kind>
         <file>rts430_eabi.lib</file>
         <name>exit.obj</name>
      </input_file>
      <input_file id="fl-3f">
         <path>c:\ti\ccsv6\tools\compiler\ti-cgt-msp430_4.4.3\lib\</path>
         <kind>archive</kind>
         <file>rts430_eabi.lib</file>
         <name>int00.obj</name>
      </input_file>
      <input_file id="fl-40">
         <path>c:\ti\ccsv6\tools\compiler\ti-cgt-msp430_4.4.3\lib\</path>
         <kind>archive</kind>
         <file>rts430_eabi.lib</file>
         <name>int02.obj</name>
      </input_file>
      <input_file id="fl-41">
         <path>c:\ti\ccsv6\tools\compiler\ti-cgt-msp430_4.4.3\lib\</path>
         <kind>archive</kind>
         <file>rts430_eabi.lib</file>
         <name>int05.obj</name>
      </input_file>
      <input_file id="fl-42">
         <path>c:\ti\ccsv6\tools\compiler\ti-cgt-msp430_4.4.3\lib\</path>
         <kind>archive</kind>
         <file>rts430_eabi.lib</file>
         <name>int06.obj</name>
      </input_file>
      <input_file id="fl-43">
         <path>c:\ti\ccsv6\tools\compiler\ti-cgt-msp430_4.4.3\lib\</path>
         <kind>archive</kind>
         <file>rts430_eabi.lib</file>
         <name>int07.obj</name>
      </input_file>
      <input_file id="fl-44">
         <path>c:\ti\ccsv6\tools\compiler\ti-cgt-msp430_4.4.3\lib\</path>
         <kind>archive</kind>
         <file>rts430_eabi.lib</file>
         <name>int08.obj</name>
      </input_file>
      <input_file id="fl-45">
         <path>c:\ti\ccsv6\tools\compiler\ti-cgt-msp430_4.4.3\lib\</path>
         <kind>archive</kind>
         <file>rts430_eabi.lib</file>
         <name>int09.obj</name>
      </input_file>
      <input_file id="fl-46">
         <path>c:\ti\ccsv6\tools\compiler\ti-cgt-msp430_4.4.3\lib\</path>
         <kind>archive</kind>
         <file>rts430_eabi.lib</file>
         <name>int10.obj</name>
      </input_file>
      <input_file id="fl-47">
         <path>c:\ti\ccsv6\tools\compiler\ti-cgt-msp430_4.4.3\lib\</path>
         <kind>archive</kind>
         <file>rts430_eabi.lib</file>
         <name>int11.obj</name>
      </input_file>
      <input_file id="fl-48">
         <path>c:\ti\ccsv6\tools\compiler\ti-cgt-msp430_4.4.3\lib\</path>
         <kind>archive</kind>
         <file>rts430_eabi.lib</file>
         <name>int12.obj</name>
      </input_file>
      <input_file id="fl-49">
         <path>c:\ti\ccsv6\tools\compiler\ti-cgt-msp430_4.4.3\lib\</path>
         <kind>archive</kind>
         <file>rts430_eabi.lib</file>
         <name>int13.obj</name>
      </input_file>
      <input_file id="fl-4a">
         <path>c:\ti\ccsv6\tools\compiler\ti-cgt-msp430_4.4.3\lib\</path>
         <kind>archive</kind>
         <file>rts430_eabi.lib</file>
         <name>int14.obj</name>
      </input_file>
      <input_file id="fl-4b">
         <path>c:\ti\ccsv6\tools\compiler\ti-cgt-msp430_4.4.3\lib\</path>
         <kind>archive</kind>
         <file>rts430_eabi.lib</file>
         <name>isr_trap.obj</name>
      </input_file>
      <input_file id="fl-4c">
         <path>c:\ti\ccsv6\tools\compiler\ti-cgt-msp430_4.4.3\lib\</path>
         <kind>archive</kind>
         <file>rts430_eabi.lib</file>
         <name>lsl16.obj</name>
      </input_file>
      <input_file id="fl-4d">
         <path>c:\ti\ccsv6\tools\compiler\ti-cgt-msp430_4.4.3\lib\</path>
         <kind>archive</kind>
         <file>rts430_eabi.lib</file>
         <name>memcpy.obj</name>
      </input_file>
      <input_file id="fl-4e">
         <path>c:\ti\ccsv6\tools\compiler\ti-cgt-msp430_4.4.3\lib\</path>
         <kind>archive</kind>
         <file>rts430_eabi.lib</file>
         <name>mpu_init.obj</name>
      </input_file>
      <input_file id="fl-4f">
         <path>c:\ti\ccsv6\tools\compiler\ti-cgt-msp430_4.4.3\lib\</path>
         <kind>archive</kind>
         <file>rts430_eabi.lib</file>
         <name>pre_init.obj</name>
      </input_file>
      <input_file id="fl-50">
         <path>c:\ti\ccsv6\tools\compiler\ti-cgt-msp430_4.4.3\lib\</path>
         <kind>archive</kind>
         <file>rts430_eabi.lib</file>
         <name>_lock.obj</name>
      </input_file>
      <input_file id="fl-51">
         <path>c:\ti\ccsv6\tools\compiler\ti-cgt-msp430_4.4.3\lib\</path>
         <kind>archive</kind>
         <file>rts430_eabi.lib</file>
         <name>args_main.obj</name>
      </input_file>
      <input_file id="fl-52">
         <path>c:\ti\ccsv6\tools\compiler\ti-cgt-msp430_4.4.3\lib\</path>
         <kind>archive</kind>
         <file>rts430_eabi.lib</file>
         <name>autoinit.obj</name>
      </input_file>
   </input_file_list>
   <object_component_list>
      <object_component id="oc-180">
         <name>.common:gA110Lr09PhyInfo</name>
         <uninitialized>true</uninitialized>
         <run_address>0x22c</run_address>
         <size>0xe</size>
      </object_component>
      <object_component id="oc-13a">
         <name>.common:gPhyDevice</name>
         <uninitialized>true</uninitialized>
         <run_address>0x21a</run_address>
         <size>0x12</size>
      </object_component>
      <object_component id="oc-217">
         <name>.common:gFrameScheduler</name>
         <uninitialized>true</uninitialized>
         <run_address>0x200</run_address>
         <size>0x1a</size>
      </object_component>
      <object_component id="oc-267">
         <name>.common:gPhyAddressInfo</name>
         <uninitialized>true</uninitialized>
         <run_address>0x23a</run_address>
         <size>0x2</size>
      </object_component>
      <object_component id="oc-8c">
         <name>.stack</name>
         <uninitialized>true</uninitialized>
         <run_address>0x3b0</run_address>
         <size>0x2</size>
         <input_file_ref idref="fl-38"/>
      </object_component>
      <object_component id="oc-3b1">
         <name>.stack</name>
         <uninitialized>true</uninitialized>
         <run_address>0x3b0</run_address>
         <size>0x0</size>
      </object_component>
      <object_component id="oc-33e">
         <name>.text:A110LR09SetPaTable</name>
         <load_address>0xc000</load_address>
         <run_address>0xc000</run_address>
         <size>0xa8</size>
         <input_file_ref idref="fl-3"/>
      </object_component>
      <object_component id="oc-259">
         <name>.text:A110LR09SetChannr</name>
         <load_address>0xc0a8</load_address>
         <run_address>0xc0a8</run_address>
         <size>0x96</size>
         <input_file_ref idref="fl-3"/>
      </object_component>
      <object_component id="oc-10e">
         <name>.text:PhySyncEopIsr</name>
         <load_address>0xc13e</load_address>
         <run_address>0xc13e</run_address>
         <size>0x94</size>
         <input_file_ref idref="fl-2"/>
      </object_component>
      <object_component id="oc-22d">
         <name>.text:FrameGatewayValidate</name>
         <load_address>0xc1d2</load_address>
         <run_address>0xc1d2</run_address>
         <size>0x88</size>
         <input_file_ref idref="fl-5"/>
      </object_component>
      <object_component id="oc-314">
         <name>.text:FrameBuild</name>
         <load_address>0xc25a</load_address>
         <run_address>0xc25a</run_address>
         <size>0x84</size>
         <input_file_ref idref="fl-5"/>
      </object_component>
      <object_component id="oc-2a4">
         <name>.text:A110x2500SpiRead</name>
         <load_address>0xc2de</load_address>
         <run_address>0xc2de</run_address>
         <size>0x78</size>
         <input_file_ref idref="fl-8"/>
      </object_component>
      <object_component id="oc-1ce">
         <name>.text:FrameAssemble</name>
         <load_address>0xc356</load_address>
         <run_address>0xc356</run_address>
         <size>0x78</size>
         <input_file_ref idref="fl-5"/>
      </object_component>
      <object_component id="oc-2f6">
         <name>.text:A110LR09Configure</name>
         <load_address>0xc3ce</load_address>
         <run_address>0xc3ce</run_address>
         <size>0x64</size>
         <input_file_ref idref="fl-3"/>
      </object_component>
      <object_component id="oc-9d">
         <name>.text:__TI_decompress_rle_core</name>
         <load_address>0xc432</load_address>
         <run_address>0xc432</run_address>
         <size>0x64</size>
         <input_file_ref idref="fl-3b"/>
      </object_component>
      <object_component id="oc-304">
         <name>.text:CC1101Wakeup</name>
         <load_address>0xc496</load_address>
         <run_address>0xc496</run_address>
         <size>0x62</size>
         <input_file_ref idref="fl-4"/>
      </object_component>
      <object_component id="oc-2ea">
         <name>.text:CC1101GetChip</name>
         <load_address>0xc4f8</load_address>
         <run_address>0xc4f8</run_address>
         <size>0x60</size>
         <input_file_ref idref="fl-4"/>
      </object_component>
      <object_component id="oc-1d4">
         <name>.text:PhyInit</name>
         <load_address>0xc558</load_address>
         <run_address>0xc558</run_address>
         <size>0x5c</size>
         <input_file_ref idref="fl-2"/>
      </object_component>
      <object_component id="oc-2aa">
         <name>.text:A110x2500SpiWrite</name>
         <load_address>0xc5b4</load_address>
         <run_address>0xc5b4</run_address>
         <size>0x5a</size>
         <input_file_ref idref="fl-8"/>
      </object_component>
      <object_component id="oc-13d">
         <name>.text:PhyGetDataStream</name>
         <load_address>0xc60e</load_address>
         <run_address>0xc60e</run_address>
         <size>0x58</size>
         <input_file_ref idref="fl-2"/>
      </object_component>
      <object_component id="oc-c2">
         <name>.text:_auto_init</name>
         <load_address>0xc666</load_address>
         <run_address>0xc666</run_address>
         <size>0x58</size>
         <input_file_ref idref="fl-52"/>
      </object_component>
      <object_component id="oc-246">
         <name>.text:A110LR09Init</name>
         <load_address>0xc6be</load_address>
         <run_address>0xc6be</run_address>
         <size>0x56</size>
         <input_file_ref idref="fl-3"/>
      </object_component>
      <object_component id="oc-239">
         <name>.text:FrameSchedulerData</name>
         <load_address>0xc714</load_address>
         <run_address>0xc714</run_address>
         <size>0x50</size>
         <input_file_ref idref="fl-5"/>
      </object_component>
      <object_component id="oc-31a">
         <name>.text:PhyTransmit</name>
         <load_address>0xc764</load_address>
         <run_address>0xc764</run_address>
         <size>0x50</size>
         <input_file_ref idref="fl-2"/>
      </object_component>
      <object_component id="oc-2de">
         <name>.text:CC1101GdoInit</name>
         <load_address>0xc7b4</load_address>
         <run_address>0xc7b4</run_address>
         <size>0x4e</size>
         <input_file_ref idref="fl-4"/>
      </object_component>
      <object_component id="oc-1a6">
         <name>.text:CC1101GetRegisterWithSpiSyncProblem</name>
         <load_address>0xc802</load_address>
         <run_address>0xc802</run_address>
         <size>0x4e</size>
         <input_file_ref idref="fl-4"/>
      </object_component>
      <object_component id="oc-199">
         <name>.text:CC1101ReadRxFifo</name>
         <load_address>0xc850</load_address>
         <run_address>0xc850</run_address>
         <size>0x4c</size>
         <input_file_ref idref="fl-4"/>
      </object_component>
      <object_component id="oc-179">
         <name>.text:ProtocolInit</name>
         <load_address>0xc89c</load_address>
         <run_address>0xc89c</run_address>
         <size>0x48</size>
         <input_file_ref idref="fl-7"/>
      </object_component>
      <object_component id="oc-1c8">
         <name>.text:FrameDisassemble</name>
         <load_address>0xc8e4</load_address>
         <run_address>0xc8e4</run_address>
         <size>0x44</size>
         <input_file_ref idref="fl-5"/>
      </object_component>
      <object_component id="oc-253">
         <name>.text:PhyActiveMode</name>
         <load_address>0xc928</load_address>
         <run_address>0xc928</run_address>
         <size>0x44</size>
         <input_file_ref idref="fl-2"/>
      </object_component>
      <object_component id="oc-29e">
         <name>.text:A110x2500SpiInit</name>
         <load_address>0xc96c</load_address>
         <run_address>0xc96c</run_address>
         <size>0x42</size>
         <input_file_ref idref="fl-8"/>
      </object_component>
      <object_component id="oc-26a">
         <name>.text:PhyEnableAddressFilter</name>
         <load_address>0xc9ae</load_address>
         <run_address>0xc9ae</run_address>
         <size>0x42</size>
         <input_file_ref idref="fl-2"/>
      </object_component>
      <object_component id="oc-296">
         <name>.text:FrameSend</name>
         <load_address>0xc9f0</load_address>
         <run_address>0xc9f0</run_address>
         <size>0x3c</size>
         <input_file_ref idref="fl-5"/>
      </object_component>
      <object_component id="oc-355">
         <name>.text:CC1101SetAndVerifyState</name>
         <load_address>0xca2c</load_address>
         <run_address>0xca2c</run_address>
         <size>0x3a</size>
         <input_file_ref idref="fl-4"/>
      </object_component>
      <object_component id="oc-1ac">
         <name>.text:CC1101Read</name>
         <load_address>0xca66</load_address>
         <run_address>0xca66</run_address>
         <size>0x34</size>
         <input_file_ref idref="fl-4"/>
      </object_component>
      <object_component id="oc-233">
         <name>.text:FrameSchedulerLinkRequest</name>
         <load_address>0xca9a</load_address>
         <run_address>0xca9a</run_address>
         <size>0x34</size>
         <input_file_ref idref="fl-5"/>
      </object_component>
      <object_component id="oc-27a">
         <name>.text:PhyReceiverOn</name>
         <load_address>0xcace</load_address>
         <run_address>0xcace</run_address>
         <size>0x34</size>
         <input_file_ref idref="fl-2"/>
      </object_component>
      <object_component id="oc-349">
         <name>.text:PhyDataStreamBuild</name>
         <load_address>0xcb02</load_address>
         <run_address>0xcb02</run_address>
         <size>0x32</size>
         <input_file_ref idref="fl-2"/>
      </object_component>
      <object_component id="oc-1c0">
         <name>.text:TransferComplete</name>
         <load_address>0xcb34</load_address>
         <run_address>0xcb34</run_address>
         <size>0x32</size>
         <input_file_ref idref="fl-9"/>
      </object_component>
      <object_component id="oc-338">
         <name>.text:CC1101Configure</name>
         <load_address>0xcb66</load_address>
         <run_address>0xcb66</run_address>
         <size>0x30</size>
         <input_file_ref idref="fl-4"/>
      </object_component>
      <object_component id="oc-143">
         <name>.text:CC1101GetRegister</name>
         <load_address>0xcb96</load_address>
         <run_address>0xcb96</run_address>
         <size>0x30</size>
         <input_file_ref idref="fl-4"/>
      </object_component>
      <object_component id="oc-12c">
         <name>.text:PlatformInit</name>
         <load_address>0xcbc6</load_address>
         <run_address>0xcbc6</run_address>
         <size>0x2c</size>
         <input_file_ref idref="fl-9"/>
      </object_component>
      <object_component id="oc-32f">
         <name>.text</name>
         <load_address>0xcbf2</load_address>
         <run_address>0xcbf2</run_address>
         <size>0x2c</size>
         <input_file_ref idref="fl-4c"/>
      </object_component>
      <object_component id="oc-1e6">
         <name>.text:PhyAddressInit</name>
         <load_address>0xcc1e</load_address>
         <run_address>0xcc1e</run_address>
         <size>0x28</size>
         <input_file_ref idref="fl-6"/>
      </object_component>
      <object_component id="oc-af">
         <name>.text:GDO0Isr</name>
         <load_address>0xcc46</load_address>
         <run_address>0xcc46</run_address>
         <size>0x26</size>
         <input_file_ref idref="fl-9"/>
      </object_component>
      <object_component id="oc-2b0">
         <name>.text:A110x2500Gdo0Init</name>
         <load_address>0xcc6c</load_address>
         <run_address>0xcc6c</run_address>
         <size>0x20</size>
         <input_file_ref idref="fl-8"/>
      </object_component>
      <object_component id="oc-2fd">
         <name>.text:CC1101Write</name>
         <load_address>0xcc8c</load_address>
         <run_address>0xcc8c</run_address>
         <size>0x1e</size>
         <input_file_ref idref="fl-4"/>
      </object_component>
      <object_component id="oc-28f">
         <name>.text:PhyAddressIsBroadcast</name>
         <load_address>0xccaa</load_address>
         <run_address>0xccaa</run_address>
         <size>0x1c</size>
         <input_file_ref idref="fl-6"/>
      </object_component>
      <object_component id="oc-2f0">
         <name>.text:A110LR09GetLookup</name>
         <load_address>0xccc6</load_address>
         <run_address>0xccc6</run_address>
         <size>0x1a</size>
         <input_file_ref idref="fl-3"/>
      </object_component>
      <object_component id="oc-2ce">
         <name>.text:A110x2500Gdo0Enable</name>
         <load_address>0xcce0</load_address>
         <run_address>0xcce0</run_address>
         <size>0x1a</size>
         <input_file_ref idref="fl-8"/>
      </object_component>
      <object_component id="oc-21a">
         <name>.text:FrameListen</name>
         <load_address>0xccfa</load_address>
         <run_address>0xccfa</run_address>
         <size>0x1a</size>
         <input_file_ref idref="fl-5"/>
      </object_component>
      <object_component id="oc-68">
         <name>.text:_c_int00_noargs_noexit</name>
         <load_address>0xcd14</load_address>
         <run_address>0xcd14</run_address>
         <size>0x1a</size>
         <input_file_ref idref="fl-39"/>
      </object_component>
      <object_component id="oc-1da">
         <name>.text:PhySetChannel</name>
         <load_address>0xcd2e</load_address>
         <run_address>0xcd2e</run_address>
         <size>0x16</size>
         <input_file_ref idref="fl-2"/>
      </object_component>
      <object_component id="oc-2b6">
         <name>.text:A110x2500Gdo0Event</name>
         <load_address>0xcd44</load_address>
         <run_address>0xcd44</run_address>
         <size>0x14</size>
         <input_file_ref idref="fl-8"/>
      </object_component>
      <object_component id="oc-260">
         <name>.text:A110x2500HwTimerInit</name>
         <load_address>0xcd58</load_address>
         <run_address>0xcd58</run_address>
         <size>0x14</size>
         <input_file_ref idref="fl-8"/>
      </object_component>
      <object_component id="oc-36d">
         <name>.text:CC1101TimeoutEvent</name>
         <load_address>0xcd6c</load_address>
         <run_address>0xcd6c</run_address>
         <size>0x14</size>
         <input_file_ref idref="fl-4"/>
      </object_component>
      <object_component id="oc-4a">
         <name>.text:decompress:ZI:__TI_zero_init</name>
         <load_address>0xcd80</load_address>
         <run_address>0xcd80</run_address>
         <size>0x14</size>
         <input_file_ref idref="fl-3c"/>
      </object_component>
      <object_component id="oc-24c">
         <name>.text:CC1101SetRegister</name>
         <load_address>0xcd94</load_address>
         <run_address>0xcd94</run_address>
         <size>0x12</size>
         <input_file_ref idref="fl-4"/>
      </object_component>
      <object_component id="oc-2e4">
         <name>.text:CC1101Strobe</name>
         <load_address>0xcda6</load_address>
         <run_address>0xcda6</run_address>
         <size>0x12</size>
         <input_file_ref idref="fl-4"/>
      </object_component>
      <object_component id="oc-281">
         <name>.text:PhyDisable</name>
         <load_address>0xcdb8</load_address>
         <run_address>0xcdb8</run_address>
         <size>0x12</size>
         <input_file_ref idref="fl-2"/>
      </object_component>
      <object_component id="oc-1f2">
         <name>.text:PhyEnable</name>
         <load_address>0xcdca</load_address>
         <run_address>0xcdca</run_address>
         <size>0x12</size>
         <input_file_ref idref="fl-2"/>
      </object_component>
      <object_component id="oc-31">
         <name>.text:decompress:none:__TI_decompress_none</name>
         <load_address>0xcddc</load_address>
         <run_address>0xcddc</run_address>
         <size>0x12</size>
         <input_file_ref idref="fl-3a"/>
      </object_component>
      <object_component id="oc-90">
         <name>.text:memcpy</name>
         <load_address>0xcdee</load_address>
         <run_address>0xcdee</run_address>
         <size>0x12</size>
         <input_file_ref idref="fl-4d"/>
      </object_component>
      <object_component id="oc-19f">
         <name>.text:A110LR09ConvertRssiToDbm</name>
         <load_address>0xce00</load_address>
         <run_address>0xce00</run_address>
         <size>0x10</size>
         <input_file_ref idref="fl-3"/>
      </object_component>
      <object_component id="oc-105">
         <name>.text</name>
         <load_address>0xce10</load_address>
         <run_address>0xce10</run_address>
         <size>0x10</size>
         <input_file_ref idref="fl-3d"/>
      </object_component>
      <object_component id="oc-2c8">
         <name>.text:A110x2500Gdo0GetState</name>
         <load_address>0xce20</load_address>
         <run_address>0xce20</run_address>
         <size>0xe</size>
         <input_file_ref idref="fl-8"/>
      </object_component>
      <object_component id="oc-2d8">
         <name>.text:CC1101SpiInit</name>
         <load_address>0xce2e</load_address>
         <run_address>0xce2e</run_address>
         <size>0xe</size>
         <input_file_ref idref="fl-4"/>
      </object_component>
      <object_component id="oc-366">
         <name>.text:CC1101WriteTxFifo</name>
         <load_address>0xce3c</load_address>
         <run_address>0xce3c</run_address>
         <size>0xe</size>
         <input_file_ref idref="fl-4"/>
      </object_component>
      <object_component id="oc-1ec">
         <name>.text:FrameInit</name>
         <load_address>0xce4a</load_address>
         <run_address>0xce4a</run_address>
         <size>0xe</size>
         <input_file_ref idref="fl-5"/>
      </object_component>
      <object_component id="oc-1e0">
         <name>.text:PhyTimerInit</name>
         <load_address>0xce58</load_address>
         <run_address>0xce58</run_address>
         <size>0xe</size>
         <input_file_ref idref="fl-2"/>
      </object_component>
      <object_component id="oc-220">
         <name>.text:FrameIdle</name>
         <load_address>0xce66</load_address>
         <run_address>0xce66</run_address>
         <size>0xa</size>
         <input_file_ref idref="fl-5"/>
      </object_component>
      <object_component id="oc-210">
         <name>.text:FrameSetDataResponse</name>
         <load_address>0xce70</load_address>
         <run_address>0xce70</run_address>
         <size>0xa</size>
         <input_file_ref idref="fl-5"/>
      </object_component>
      <object_component id="oc-dc">
         <name>.text:main</name>
         <load_address>0xce7a</load_address>
         <run_address>0xce7a</run_address>
         <size>0xa</size>
         <input_file_ref idref="fl-9"/>
      </object_component>
      <object_component id="oc-2bc">
         <name>.text:A110x2500Gdo0WaitForAssert</name>
         <load_address>0xce84</load_address>
         <run_address>0xce84</run_address>
         <size>0x8</size>
         <input_file_ref idref="fl-8"/>
      </object_component>
      <object_component id="oc-2c2">
         <name>.text:A110x2500Gdo0WaitForDeassert</name>
         <load_address>0xce8c</load_address>
         <run_address>0xce8c</run_address>
         <size>0x8</size>
         <input_file_ref idref="fl-8"/>
      </object_component>
      <object_component id="oc-289">
         <name>.text:PhyAddressGetLocalInfo</name>
         <load_address>0xce94</load_address>
         <run_address>0xce94</run_address>
         <size>0x6</size>
         <input_file_ref idref="fl-6"/>
      </object_component>
      <object_component id="oc-227">
         <name>.text:PhyGetDataStreamStatus</name>
         <load_address>0xce9a</load_address>
         <run_address>0xce9a</run_address>
         <size>0x6</size>
         <input_file_ref idref="fl-2"/>
      </object_component>
      <object_component id="oc-aa">
         <name>.text:_isr:__TI_ISR_TRAP</name>
         <load_address>0xcea0</load_address>
         <run_address>0xcea0</run_address>
         <size>0x6</size>
         <input_file_ref idref="fl-4b"/>
      </object_component>
      <object_component id="oc-37">
         <name>.text:decompress:rle24:__TI_decompress_rle24</name>
         <load_address>0xcea6</load_address>
         <run_address>0xcea6</run_address>
         <size>0x6</size>
         <input_file_ref idref="fl-3b"/>
      </object_component>
      <object_component id="oc-35c">
         <name>.text:A110LR09GetPowerLookupSize</name>
         <load_address>0xceac</load_address>
         <run_address>0xceac</run_address>
         <size>0x4</size>
         <input_file_ref idref="fl-3"/>
      </object_component>
      <object_component id="oc-1ba">
         <name>.text:LinkRequest</name>
         <load_address>0xceb0</load_address>
         <run_address>0xceb0</run_address>
         <size>0x4</size>
         <input_file_ref idref="fl-9"/>
      </object_component>
      <object_component id="oc-bc">
         <name>.text:_system_pre_init</name>
         <load_address>0xceb4</load_address>
         <run_address>0xceb4</run_address>
         <size>0x4</size>
         <input_file_ref idref="fl-4f"/>
      </object_component>
      <object_component id="oc-e4">
         <name>.text:abort</name>
         <load_address>0xceb8</load_address>
         <run_address>0xceb8</run_address>
         <size>0x4</size>
         <input_file_ref idref="fl-3e"/>
      </object_component>
      <object_component id="oc-3b0">
         <name>.cinit..data.load</name>
         <load_address>0xcf18</load_address>
         <run_address>0xcf18</run_address>
         <size>0x18</size>
      </object_component>
      <object_component id="oc-3ad">
         <name>__TI_handler_table</name>
         <load_address>0xcf30</load_address>
         <run_address>0xcf30</run_address>
         <size>0x6</size>
      </object_component>
      <object_component id="oc-3af">
         <name>.cinit..bss.load</name>
         <load_address>0xcf36</load_address>
         <run_address>0xcf36</run_address>
         <size>0x4</size>
      </object_component>
      <object_component id="oc-3ae">
         <name>__TI_cinit_table</name>
         <load_address>0xcf3a</load_address>
         <run_address>0xcf3a</run_address>
         <size>0x8</size>
      </object_component>
      <object_component id="oc-334">
         <name>.const:gA110LR09Lookup</name>
         <load_address>0xcebc</load_address>
         <run_address>0xcebc</run_address>
         <size>0x3e</size>
         <input_file_ref idref="fl-3"/>
      </object_component>
      <object_component id="oc-240">
         <name>.const</name>
         <load_address>0xcefa</load_address>
         <run_address>0xcefa</run_address>
         <size>0x12</size>
         <input_file_ref idref="fl-2"/>
      </object_component>
      <object_component id="oc-176">
         <name>.const</name>
         <load_address>0xcf0c</load_address>
         <run_address>0xcf0c</run_address>
         <size>0x8</size>
         <input_file_ref idref="fl-9"/>
      </object_component>
      <object_component id="oc-362">
         <name>.const:gA110LR09PowerLookup</name>
         <load_address>0xcf14</load_address>
         <run_address>0xcf14</run_address>
         <size>0x4</size>
         <input_file_ref idref="fl-3"/>
      </object_component>
      <object_component id="oc-3d">
         <name>.int00</name>
         <load_address>0xffe0</load_address>
         <run_address>0xffe0</run_address>
         <size>0x2</size>
         <input_file_ref idref="fl-3f"/>
      </object_component>
      <object_component id="oc-3e">
         <name>.int02</name>
         <load_address>0xffe4</load_address>
         <run_address>0xffe4</run_address>
         <size>0x2</size>
         <input_file_ref idref="fl-40"/>
      </object_component>
      <object_component id="oc-3f">
         <name>.int03</name>
         <load_address>0xffe6</load_address>
         <run_address>0xffe6</run_address>
         <size>0x2</size>
         <input_file_ref idref="fl-9"/>
      </object_component>
      <object_component id="oc-40">
         <name>.int05</name>
         <load_address>0xffea</load_address>
         <run_address>0xffea</run_address>
         <size>0x2</size>
         <input_file_ref idref="fl-41"/>
      </object_component>
      <object_component id="oc-41">
         <name>.int06</name>
         <load_address>0xffec</load_address>
         <run_address>0xffec</run_address>
         <size>0x2</size>
         <input_file_ref idref="fl-42"/>
      </object_component>
      <object_component id="oc-42">
         <name>.int07</name>
         <load_address>0xffee</load_address>
         <run_address>0xffee</run_address>
         <size>0x2</size>
         <input_file_ref idref="fl-43"/>
      </object_component>
      <object_component id="oc-43">
         <name>.int08</name>
         <load_address>0xfff0</load_address>
         <run_address>0xfff0</run_address>
         <size>0x2</size>
         <input_file_ref idref="fl-44"/>
      </object_component>
      <object_component id="oc-44">
         <name>.int09</name>
         <load_address>0xfff2</load_address>
         <run_address>0xfff2</run_address>
         <size>0x2</size>
         <input_file_ref idref="fl-45"/>
      </object_component>
      <object_component id="oc-45">
         <name>.int10</name>
         <load_address>0xfff4</load_address>
         <run_address>0xfff4</run_address>
         <size>0x2</size>
         <input_file_ref idref="fl-46"/>
      </object_component>
      <object_component id="oc-46">
         <name>.int11</name>
         <load_address>0xfff6</load_address>
         <run_address>0xfff6</run_address>
         <size>0x2</size>
         <input_file_ref idref="fl-47"/>
      </object_component>
      <object_component id="oc-47">
         <name>.int12</name>
         <load_address>0xfff8</load_address>
         <run_address>0xfff8</run_address>
         <size>0x2</size>
         <input_file_ref idref="fl-48"/>
      </object_component>
      <object_component id="oc-48">
         <name>.int13</name>
         <load_address>0xfffa</load_address>
         <run_address>0xfffa</run_address>
         <size>0x2</size>
         <input_file_ref idref="fl-49"/>
      </object_component>
      <object_component id="oc-49">
         <name>.int14</name>
         <load_address>0xfffc</load_address>
         <run_address>0xfffc</run_address>
         <size>0x2</size>
         <input_file_ref idref="fl-4a"/>
      </object_component>
      <object_component id="oc-8f">
         <name>.reset</name>
         <load_address>0xfffe</load_address>
         <run_address>0xfffe</run_address>
         <size>0x2</size>
         <input_file_ref idref="fl-38"/>
      </object_component>
      <object_component id="oc-243">
         <name>.data:gA1101Gdo</name>
         <load_address>0x24c</load_address>
         <run_address>0x24c</run_address>
         <size>0x6</size>
         <input_file_ref idref="fl-2"/>
      </object_component>
      <object_component id="oc-137">
         <name>.data</name>
         <load_address>0x252</load_address>
         <run_address>0x252</run_address>
         <size>0x2</size>
         <input_file_ref idref="fl-2"/>
      </object_component>
      <object_component id="oc-347">
         <name>.data</name>
         <load_address>0x254</load_address>
         <run_address>0x254</run_address>
         <size>0x1</size>
         <input_file_ref idref="fl-5"/>
      </object_component>
      <object_component id="oc-20d">
         <name>.data</name>
         <load_address>0x23c</load_address>
         <run_address>0x23c</run_address>
         <size>0x10</size>
         <input_file_ref idref="fl-9"/>
      </object_component>
      <object_component id="oc-13b">
         <name>.debug_info</name>
         <load_address>0x0</load_address>
         <run_address>0x0</run_address>
         <size>0x940</size>
         <input_file_ref idref="fl-2"/>
      </object_component>
      <object_component id="oc-241">
         <name>.debug_info</name>
         <load_address>0x940</load_address>
         <run_address>0x940</run_address>
         <size>0x130</size>
         <input_file_ref idref="fl-2"/>
      </object_component>
      <object_component id="oc-244">
         <name>.debug_info</name>
         <load_address>0xa70</load_address>
         <run_address>0xa70</run_address>
         <size>0x10b</size>
         <input_file_ref idref="fl-2"/>
      </object_component>
      <object_component id="oc-138">
         <name>.debug_info</name>
         <load_address>0xb7b</load_address>
         <run_address>0xb7b</run_address>
         <size>0x108</size>
         <input_file_ref idref="fl-2"/>
      </object_component>
      <object_component id="oc-254">
         <name>.debug_info</name>
         <load_address>0xc83</load_address>
         <run_address>0xc83</run_address>
         <size>0x1ba</size>
         <input_file_ref idref="fl-2"/>
      </object_component>
      <object_component id="oc-34a">
         <name>.debug_info</name>
         <load_address>0xe3d</load_address>
         <run_address>0xe3d</run_address>
         <size>0x26f</size>
         <input_file_ref idref="fl-2"/>
      </object_component>
      <object_component id="oc-13f">
         <name>.debug_info</name>
         <load_address>0x10ac</load_address>
         <run_address>0x10ac</run_address>
         <size>0x22d</size>
         <input_file_ref idref="fl-2"/>
      </object_component>
      <object_component id="oc-1d6">
         <name>.debug_info</name>
         <load_address>0x12d9</load_address>
         <run_address>0x12d9</run_address>
         <size>0x276</size>
         <input_file_ref idref="fl-2"/>
      </object_component>
      <object_component id="oc-1f4">
         <name>.debug_info</name>
         <load_address>0x154f</load_address>
         <run_address>0x154f</run_address>
         <size>0x193</size>
         <input_file_ref idref="fl-2"/>
      </object_component>
      <object_component id="oc-283">
         <name>.debug_info</name>
         <load_address>0x16e2</load_address>
         <run_address>0x16e2</run_address>
         <size>0x195</size>
         <input_file_ref idref="fl-2"/>
      </object_component>
      <object_component id="oc-26c">
         <name>.debug_info</name>
         <load_address>0x1877</load_address>
         <run_address>0x1877</run_address>
         <size>0x23b</size>
         <input_file_ref idref="fl-2"/>
      </object_component>
      <object_component id="oc-1dc">
         <name>.debug_info</name>
         <load_address>0x1ab2</load_address>
         <run_address>0x1ab2</run_address>
         <size>0x1f2</size>
         <input_file_ref idref="fl-2"/>
      </object_component>
      <object_component id="oc-229">
         <name>.debug_info</name>
         <load_address>0x1ca4</load_address>
         <run_address>0x1ca4</run_address>
         <size>0x1aa</size>
         <input_file_ref idref="fl-2"/>
      </object_component>
      <object_component id="oc-27c">
         <name>.debug_info</name>
         <load_address>0x1e4e</load_address>
         <run_address>0x1e4e</run_address>
         <size>0x222</size>
         <input_file_ref idref="fl-2"/>
      </object_component>
      <object_component id="oc-31c">
         <name>.debug_info</name>
         <load_address>0x2070</load_address>
         <run_address>0x2070</run_address>
         <size>0x24e</size>
         <input_file_ref idref="fl-2"/>
      </object_component>
      <object_component id="oc-1e1">
         <name>.debug_info</name>
         <load_address>0x22be</load_address>
         <run_address>0x22be</run_address>
         <size>0x1ef</size>
         <input_file_ref idref="fl-2"/>
      </object_component>
      <object_component id="oc-10f">
         <name>.debug_info</name>
         <load_address>0x24ad</load_address>
         <run_address>0x24ad</run_address>
         <size>0x23b</size>
         <input_file_ref idref="fl-2"/>
      </object_component>
      <object_component id="oc-f2">
         <name>.debug_info</name>
         <load_address>0x26e8</load_address>
         <run_address>0x26e8</run_address>
         <size>0x84</size>
         <input_file_ref idref="fl-2"/>
      </object_component>
      <object_component id="oc-194">
         <name>.debug_info</name>
         <load_address>0x276c</load_address>
         <run_address>0x276c</run_address>
         <size>0x1b9</size>
         <input_file_ref idref="fl-2"/>
      </object_component>
      <object_component id="oc-f9">
         <name>.debug_info</name>
         <load_address>0x2925</load_address>
         <run_address>0x2925</run_address>
         <size>0x2c</size>
         <input_file_ref idref="fl-2"/>
      </object_component>
      <object_component id="oc-185">
         <name>.debug_info</name>
         <load_address>0x2951</load_address>
         <run_address>0x2951</run_address>
         <size>0x1bf</size>
         <input_file_ref idref="fl-2"/>
      </object_component>
      <object_component id="oc-18a">
         <name>.debug_info</name>
         <load_address>0x2b10</load_address>
         <run_address>0x2b10</run_address>
         <size>0x6ae</size>
         <input_file_ref idref="fl-2"/>
      </object_component>
      <object_component id="oc-18f">
         <name>.debug_info</name>
         <load_address>0x31be</load_address>
         <run_address>0x31be</run_address>
         <size>0x91</size>
         <input_file_ref idref="fl-2"/>
      </object_component>
      <object_component id="oc-1fb">
         <name>.debug_info</name>
         <load_address>0x324f</load_address>
         <run_address>0x324f</run_address>
         <size>0x47c</size>
         <input_file_ref idref="fl-3"/>
      </object_component>
      <object_component id="oc-335">
         <name>.debug_info</name>
         <load_address>0x36cb</load_address>
         <run_address>0x36cb</run_address>
         <size>0x113</size>
         <input_file_ref idref="fl-3"/>
      </object_component>
      <object_component id="oc-363">
         <name>.debug_info</name>
         <load_address>0x37de</load_address>
         <run_address>0x37de</run_address>
         <size>0x11e</size>
         <input_file_ref idref="fl-3"/>
      </object_component>
      <object_component id="oc-247">
         <name>.debug_info</name>
         <load_address>0x38fc</load_address>
         <run_address>0x38fc</run_address>
         <size>0x278</size>
         <input_file_ref idref="fl-3"/>
      </object_component>
      <object_component id="oc-2f1">
         <name>.debug_info</name>
         <load_address>0x3b74</load_address>
         <run_address>0x3b74</run_address>
         <size>0x1d0</size>
         <input_file_ref idref="fl-3"/>
      </object_component>
      <object_component id="oc-35d">
         <name>.debug_info</name>
         <load_address>0x3d44</load_address>
         <run_address>0x3d44</run_address>
         <size>0x1a6</size>
         <input_file_ref idref="fl-3"/>
      </object_component>
      <object_component id="oc-2f7">
         <name>.debug_info</name>
         <load_address>0x3eea</load_address>
         <run_address>0x3eea</run_address>
         <size>0x26f</size>
         <input_file_ref idref="fl-3"/>
      </object_component>
      <object_component id="oc-33f">
         <name>.debug_info</name>
         <load_address>0x4159</load_address>
         <run_address>0x4159</run_address>
         <size>0x296</size>
         <input_file_ref idref="fl-3"/>
      </object_component>
      <object_component id="oc-1a0">
         <name>.debug_info</name>
         <load_address>0x43ef</load_address>
         <run_address>0x43ef</run_address>
         <size>0x1f2</size>
         <input_file_ref idref="fl-3"/>
      </object_component>
      <object_component id="oc-25a">
         <name>.debug_info</name>
         <load_address>0x45e1</load_address>
         <run_address>0x45e1</run_address>
         <size>0x26e</size>
         <input_file_ref idref="fl-3"/>
      </object_component>
      <object_component id="oc-1b3">
         <name>.debug_info</name>
         <load_address>0x484f</load_address>
         <run_address>0x484f</run_address>
         <size>0x275</size>
         <input_file_ref idref="fl-4"/>
      </object_component>
      <object_component id="oc-1ad">
         <name>.debug_info</name>
         <load_address>0x4ac4</load_address>
         <run_address>0x4ac4</run_address>
         <size>0x211</size>
         <input_file_ref idref="fl-4"/>
      </object_component>
      <object_component id="oc-2fe">
         <name>.debug_info</name>
         <load_address>0x4cd5</load_address>
         <run_address>0x4cd5</run_address>
         <size>0x213</size>
         <input_file_ref idref="fl-4"/>
      </object_component>
      <object_component id="oc-1a7">
         <name>.debug_info</name>
         <load_address>0x4ee8</load_address>
         <run_address>0x4ee8</run_address>
         <size>0x223</size>
         <input_file_ref idref="fl-4"/>
      </object_component>
      <object_component id="oc-36e">
         <name>.debug_info</name>
         <load_address>0x510b</load_address>
         <run_address>0x510b</run_address>
         <size>0x197</size>
         <input_file_ref idref="fl-4"/>
      </object_component>
      <object_component id="oc-356">
         <name>.debug_info</name>
         <load_address>0x52a2</load_address>
         <run_address>0x52a2</run_address>
         <size>0x240</size>
         <input_file_ref idref="fl-4"/>
      </object_component>
      <object_component id="oc-2d9">
         <name>.debug_info</name>
         <load_address>0x54e2</load_address>
         <run_address>0x54e2</run_address>
         <size>0x1db</size>
         <input_file_ref idref="fl-4"/>
      </object_component>
      <object_component id="oc-2df">
         <name>.debug_info</name>
         <load_address>0x56bd</load_address>
         <run_address>0x56bd</run_address>
         <size>0x1c5</size>
         <input_file_ref idref="fl-4"/>
      </object_component>
      <object_component id="oc-339">
         <name>.debug_info</name>
         <load_address>0x5882</load_address>
         <run_address>0x5882</run_address>
         <size>0x1f7</size>
         <input_file_ref idref="fl-4"/>
      </object_component>
      <object_component id="oc-144">
         <name>.debug_info</name>
         <load_address>0x5a79</load_address>
         <run_address>0x5a79</run_address>
         <size>0x207</size>
         <input_file_ref idref="fl-4"/>
      </object_component>
      <object_component id="oc-24d">
         <name>.debug_info</name>
         <load_address>0x5c80</load_address>
         <run_address>0x5c80</run_address>
         <size>0x1d6</size>
         <input_file_ref idref="fl-4"/>
      </object_component>
      <object_component id="oc-2ec">
         <name>.debug_info</name>
         <load_address>0x5e56</load_address>
         <run_address>0x5e56</run_address>
         <size>0x1f9</size>
         <input_file_ref idref="fl-4"/>
      </object_component>
      <object_component id="oc-19b">
         <name>.debug_info</name>
         <load_address>0x604f</load_address>
         <run_address>0x604f</run_address>
         <size>0x241</size>
         <input_file_ref idref="fl-4"/>
      </object_component>
      <object_component id="oc-368">
         <name>.debug_info</name>
         <load_address>0x6290</load_address>
         <run_address>0x6290</run_address>
         <size>0x1e8</size>
         <input_file_ref idref="fl-4"/>
      </object_component>
      <object_component id="oc-2e6">
         <name>.debug_info</name>
         <load_address>0x6478</load_address>
         <run_address>0x6478</run_address>
         <size>0x1bc</size>
         <input_file_ref idref="fl-4"/>
      </object_component>
      <object_component id="oc-305">
         <name>.debug_info</name>
         <load_address>0x6634</load_address>
         <run_address>0x6634</run_address>
         <size>0x29a</size>
         <input_file_ref idref="fl-4"/>
      </object_component>
      <object_component id="oc-218">
         <name>.debug_info</name>
         <load_address>0x68ce</load_address>
         <run_address>0x68ce</run_address>
         <size>0x393</size>
         <input_file_ref idref="fl-5"/>
      </object_component>
      <object_component id="oc-315">
         <name>.debug_info</name>
         <load_address>0x6c61</load_address>
         <run_address>0x6c61</run_address>
         <size>0x299</size>
         <input_file_ref idref="fl-5"/>
      </object_component>
      <object_component id="oc-22e">
         <name>.debug_info</name>
         <load_address>0x6efa</load_address>
         <run_address>0x6efa</run_address>
         <size>0x30b</size>
         <input_file_ref idref="fl-5"/>
      </object_component>
      <object_component id="oc-23a">
         <name>.debug_info</name>
         <load_address>0x7205</load_address>
         <run_address>0x7205</run_address>
         <size>0x1d0</size>
         <input_file_ref idref="fl-5"/>
      </object_component>
      <object_component id="oc-234">
         <name>.debug_info</name>
         <load_address>0x73d5</load_address>
         <run_address>0x73d5</run_address>
         <size>0x1b3</size>
         <input_file_ref idref="fl-5"/>
      </object_component>
      <object_component id="oc-1ed">
         <name>.debug_info</name>
         <load_address>0x7588</load_address>
         <run_address>0x7588</run_address>
         <size>0x1e7</size>
         <input_file_ref idref="fl-5"/>
      </object_component>
      <object_component id="oc-211">
         <name>.debug_info</name>
         <load_address>0x776f</load_address>
         <run_address>0x776f</run_address>
         <size>0x1c1</size>
         <input_file_ref idref="fl-5"/>
      </object_component>
      <object_component id="oc-221">
         <name>.debug_info</name>
         <load_address>0x7930</load_address>
         <run_address>0x7930</run_address>
         <size>0x176</size>
         <input_file_ref idref="fl-5"/>
      </object_component>
      <object_component id="oc-21b">
         <name>.debug_info</name>
         <load_address>0x7aa6</load_address>
         <run_address>0x7aa6</run_address>
         <size>0x16f</size>
         <input_file_ref idref="fl-5"/>
      </object_component>
      <object_component id="oc-297">
         <name>.debug_info</name>
         <load_address>0x7c15</load_address>
         <run_address>0x7c15</run_address>
         <size>0x1eb</size>
         <input_file_ref idref="fl-5"/>
      </object_component>
      <object_component id="oc-1cf">
         <name>.debug_info</name>
         <load_address>0x7e00</load_address>
         <run_address>0x7e00</run_address>
         <size>0x26f</size>
         <input_file_ref idref="fl-5"/>
      </object_component>
      <object_component id="oc-1c9">
         <name>.debug_info</name>
         <load_address>0x806f</load_address>
         <run_address>0x806f</run_address>
         <size>0x1c1</size>
         <input_file_ref idref="fl-5"/>
      </object_component>
      <object_component id="oc-202">
         <name>.debug_info</name>
         <load_address>0x8230</load_address>
         <run_address>0x8230</run_address>
         <size>0x1cb</size>
         <input_file_ref idref="fl-5"/>
      </object_component>
      <object_component id="oc-207">
         <name>.debug_info</name>
         <load_address>0x83fb</load_address>
         <run_address>0x83fb</run_address>
         <size>0x77</size>
         <input_file_ref idref="fl-5"/>
      </object_component>
      <object_component id="oc-268">
         <name>.debug_info</name>
         <load_address>0x8472</load_address>
         <run_address>0x8472</run_address>
         <size>0x272</size>
         <input_file_ref idref="fl-6"/>
      </object_component>
      <object_component id="oc-1ea">
         <name>.debug_info</name>
         <load_address>0x86e4</load_address>
         <run_address>0x86e4</run_address>
         <size>0x209</size>
         <input_file_ref idref="fl-6"/>
      </object_component>
      <object_component id="oc-28d">
         <name>.debug_info</name>
         <load_address>0x88ed</load_address>
         <run_address>0x88ed</run_address>
         <size>0x17d</size>
         <input_file_ref idref="fl-6"/>
      </object_component>
      <object_component id="oc-293">
         <name>.debug_info</name>
         <load_address>0x8a6a</load_address>
         <run_address>0x8a6a</run_address>
         <size>0x1ca</size>
         <input_file_ref idref="fl-6"/>
      </object_component>
      <object_component id="oc-1b4">
         <name>.debug_info</name>
         <load_address>0x8c34</load_address>
         <run_address>0x8c34</run_address>
         <size>0x4d0</size>
         <input_file_ref idref="fl-7"/>
      </object_component>
      <object_component id="oc-17b">
         <name>.debug_info</name>
         <load_address>0x9104</load_address>
         <run_address>0x9104</run_address>
         <size>0x1c9</size>
         <input_file_ref idref="fl-7"/>
      </object_component>
      <object_component id="oc-151">
         <name>.debug_info</name>
         <load_address>0x92cd</load_address>
         <run_address>0x92cd</run_address>
         <size>0x1ad</size>
         <input_file_ref idref="fl-7"/>
      </object_component>
      <object_component id="oc-323">
         <name>.debug_info</name>
         <load_address>0x947a</load_address>
         <run_address>0x947a</run_address>
         <size>0x49b</size>
         <input_file_ref idref="fl-8"/>
      </object_component>
      <object_component id="oc-29f">
         <name>.debug_info</name>
         <load_address>0x9915</load_address>
         <run_address>0x9915</run_address>
         <size>0x173</size>
         <input_file_ref idref="fl-8"/>
      </object_component>
      <object_component id="oc-2a5">
         <name>.debug_info</name>
         <load_address>0x9a88</load_address>
         <run_address>0x9a88</run_address>
         <size>0x208</size>
         <input_file_ref idref="fl-8"/>
      </object_component>
      <object_component id="oc-2ab">
         <name>.debug_info</name>
         <load_address>0x9c90</load_address>
         <run_address>0x9c90</run_address>
         <size>0x200</size>
         <input_file_ref idref="fl-8"/>
      </object_component>
      <object_component id="oc-2b1">
         <name>.debug_info</name>
         <load_address>0x9e90</load_address>
         <run_address>0x9e90</run_address>
         <size>0x178</size>
         <input_file_ref idref="fl-8"/>
      </object_component>
      <object_component id="oc-2b7">
         <name>.debug_info</name>
         <load_address>0xa008</load_address>
         <run_address>0xa008</run_address>
         <size>0x1a4</size>
         <input_file_ref idref="fl-8"/>
      </object_component>
      <object_component id="oc-2bd">
         <name>.debug_info</name>
         <load_address>0xa1ac</load_address>
         <run_address>0xa1ac</run_address>
         <size>0x18a</size>
         <input_file_ref idref="fl-8"/>
      </object_component>
      <object_component id="oc-2c4">
         <name>.debug_info</name>
         <load_address>0xa336</load_address>
         <run_address>0xa336</run_address>
         <size>0x18e</size>
         <input_file_ref idref="fl-8"/>
      </object_component>
      <object_component id="oc-2c9">
         <name>.debug_info</name>
         <load_address>0xa4c4</load_address>
         <run_address>0xa4c4</run_address>
         <size>0x184</size>
         <input_file_ref idref="fl-8"/>
      </object_component>
      <object_component id="oc-2d0">
         <name>.debug_info</name>
         <load_address>0xa648</load_address>
         <run_address>0xa648</run_address>
         <size>0x196</size>
         <input_file_ref idref="fl-8"/>
      </object_component>
      <object_component id="oc-261">
         <name>.debug_info</name>
         <load_address>0xa7de</load_address>
         <run_address>0xa7de</run_address>
         <size>0x17e</size>
         <input_file_ref idref="fl-8"/>
      </object_component>
      <object_component id="oc-115">
         <name>.debug_info</name>
         <load_address>0xa95c</load_address>
         <run_address>0xa95c</run_address>
         <size>0x3f2</size>
         <input_file_ref idref="fl-9"/>
      </object_component>
      <object_component id="oc-177">
         <name>.debug_info</name>
         <load_address>0xad4e</load_address>
         <run_address>0xad4e</run_address>
         <size>0x114</size>
         <input_file_ref idref="fl-9"/>
      </object_component>
      <object_component id="oc-20e">
         <name>.debug_info</name>
         <load_address>0xae62</load_address>
         <run_address>0xae62</run_address>
         <size>0x124</size>
         <input_file_ref idref="fl-9"/>
      </object_component>
      <object_component id="oc-1bb">
         <name>.debug_info</name>
         <load_address>0xaf86</load_address>
         <run_address>0xaf86</run_address>
         <size>0x19f</size>
         <input_file_ref idref="fl-9"/>
      </object_component>
      <object_component id="oc-1c2">
         <name>.debug_info</name>
         <load_address>0xb125</load_address>
         <run_address>0xb125</run_address>
         <size>0x244</size>
         <input_file_ref idref="fl-9"/>
      </object_component>
      <object_component id="oc-12d">
         <name>.debug_info</name>
         <load_address>0xb369</load_address>
         <run_address>0xb369</run_address>
         <size>0x18e</size>
         <input_file_ref idref="fl-9"/>
      </object_component>
      <object_component id="oc-de">
         <name>.debug_info</name>
         <load_address>0xb4f7</load_address>
         <run_address>0xb4f7</run_address>
         <size>0x178</size>
         <input_file_ref idref="fl-9"/>
      </object_component>
      <object_component id="oc-b0">
         <name>.debug_info</name>
         <load_address>0xb66f</load_address>
         <run_address>0xb66f</run_address>
         <size>0x198</size>
         <input_file_ref idref="fl-9"/>
      </object_component>
      <object_component id="oc-14c">
         <name>.debug_info</name>
         <load_address>0xb807</load_address>
         <run_address>0xb807</run_address>
         <size>0x63</size>
         <input_file_ref idref="fl-9"/>
      </object_component>
      <object_component id="oc-8d">
         <name>.debug_info</name>
         <load_address>0xb86a</load_address>
         <run_address>0xb86a</run_address>
         <size>0xd8</size>
         <input_file_ref idref="fl-38"/>
      </object_component>
      <object_component id="oc-69">
         <name>.debug_info</name>
         <load_address>0xb942</load_address>
         <run_address>0xb942</run_address>
         <size>0x179</size>
         <input_file_ref idref="fl-39"/>
      </object_component>
      <object_component id="oc-9c">
         <name>.debug_info</name>
         <load_address>0xbabb</load_address>
         <run_address>0xbabb</run_address>
         <size>0x195</size>
         <input_file_ref idref="fl-3a"/>
      </object_component>
      <object_component id="oc-34">
         <name>.debug_info</name>
         <load_address>0xbc50</load_address>
         <run_address>0xbc50</run_address>
         <size>0x1c2</size>
         <input_file_ref idref="fl-3a"/>
      </object_component>
      <object_component id="oc-97">
         <name>.debug_info</name>
         <load_address>0xbe12</load_address>
         <run_address>0xbe12</run_address>
         <size>0x46</size>
         <input_file_ref idref="fl-3a"/>
      </object_component>
      <object_component id="oc-fe">
         <name>.debug_info</name>
         <load_address>0xbe58</load_address>
         <run_address>0xbe58</run_address>
         <size>0x2c</size>
         <input_file_ref idref="fl-3a"/>
      </object_component>
      <object_component id="oc-a4">
         <name>.debug_info</name>
         <load_address>0xbe84</load_address>
         <run_address>0xbe84</run_address>
         <size>0x157</size>
         <input_file_ref idref="fl-3b"/>
      </object_component>
      <object_component id="oc-9f">
         <name>.debug_info</name>
         <load_address>0xbfdb</load_address>
         <run_address>0xbfdb</run_address>
         <size>0x21d</size>
         <input_file_ref idref="fl-3b"/>
      </object_component>
      <object_component id="oc-3a">
         <name>.debug_info</name>
         <load_address>0xc1f8</load_address>
         <run_address>0xc1f8</run_address>
         <size>0x194</size>
         <input_file_ref idref="fl-3b"/>
      </object_component>
      <object_component id="oc-a5">
         <name>.debug_info</name>
         <load_address>0xc38c</load_address>
         <run_address>0xc38c</run_address>
         <size>0x39</size>
         <input_file_ref idref="fl-3b"/>
      </object_component>
      <object_component id="oc-bb">
         <name>.debug_info</name>
         <load_address>0xc3c5</load_address>
         <run_address>0xc3c5</run_address>
         <size>0x14d</size>
         <input_file_ref idref="fl-3c"/>
      </object_component>
      <object_component id="oc-4b">
         <name>.debug_info</name>
         <load_address>0xc512</load_address>
         <run_address>0xc512</run_address>
         <size>0x198</size>
         <input_file_ref idref="fl-3c"/>
      </object_component>
      <object_component id="oc-b6">
         <name>.debug_info</name>
         <load_address>0xc6aa</load_address>
         <run_address>0xc6aa</run_address>
         <size>0x46</size>
         <input_file_ref idref="fl-3c"/>
      </object_component>
      <object_component id="oc-107">
         <name>.debug_info</name>
         <load_address>0xc6f0</load_address>
         <run_address>0xc6f0</run_address>
         <size>0x10d</size>
         <input_file_ref idref="fl-3d"/>
      </object_component>
      <object_component id="oc-e7">
         <name>.debug_info</name>
         <load_address>0xc7fd</load_address>
         <run_address>0xc7fd</run_address>
         <size>0xfa</size>
         <input_file_ref idref="fl-3e"/>
      </object_component>
      <object_component id="oc-ac">
         <name>.debug_info</name>
         <load_address>0xc8f7</load_address>
         <run_address>0xc8f7</run_address>
         <size>0xee</size>
         <input_file_ref idref="fl-4b"/>
      </object_component>
      <object_component id="oc-330">
         <name>.debug_info</name>
         <load_address>0xc9e5</load_address>
         <run_address>0xc9e5</run_address>
         <size>0xff</size>
         <input_file_ref idref="fl-4c"/>
      </object_component>
      <object_component id="oc-f8">
         <name>.debug_info</name>
         <load_address>0xcae4</load_address>
         <run_address>0xcae4</run_address>
         <size>0x150</size>
         <input_file_ref idref="fl-4d"/>
      </object_component>
      <object_component id="oc-92">
         <name>.debug_info</name>
         <load_address>0xcc34</load_address>
         <run_address>0xcc34</run_address>
         <size>0x174</size>
         <input_file_ref idref="fl-4d"/>
      </object_component>
      <object_component id="oc-bf">
         <name>.debug_info</name>
         <load_address>0xcda8</load_address>
         <run_address>0xcda8</run_address>
         <size>0x12b</size>
         <input_file_ref idref="fl-4f"/>
      </object_component>
      <object_component id="oc-11a">
         <name>.debug_info</name>
         <load_address>0xced3</load_address>
         <run_address>0xced3</run_address>
         <size>0x2cc</size>
         <input_file_ref idref="fl-52"/>
      </object_component>
      <object_component id="oc-c5">
         <name>.debug_info</name>
         <load_address>0xd19f</load_address>
         <run_address>0xd19f</run_address>
         <size>0x17e</size>
         <input_file_ref idref="fl-52"/>
      </object_component>
      <object_component id="oc-158">
         <name>.debug_info</name>
         <load_address>0xd31d</load_address>
         <run_address>0xd31d</run_address>
         <size>0x39</size>
         <input_file_ref idref="fl-52"/>
      </object_component>
      <object_component id="oc-3b2">
         <name>.debug_info</name>
         <load_address>0xd356</load_address>
         <run_address>0xd356</run_address>
         <size>0xb5</size>
      </object_component>
      <object_component id="oc-184">
         <name>.debug_line</name>
         <load_address>0x0</load_address>
         <run_address>0x0</run_address>
         <size>0x18a</size>
         <input_file_ref idref="fl-2"/>
      </object_component>
      <object_component id="oc-2d5">
         <name>.debug_line</name>
         <load_address>0x18a</load_address>
         <run_address>0x18a</run_address>
         <size>0x57</size>
         <input_file_ref idref="fl-2"/>
      </object_component>
      <object_component id="oc-2d7">
         <name>.debug_line</name>
         <load_address>0x1e1</load_address>
         <run_address>0x1e1</run_address>
         <size>0x57</size>
         <input_file_ref idref="fl-2"/>
      </object_component>
      <object_component id="oc-182">
         <name>.debug_line</name>
         <load_address>0x238</load_address>
         <run_address>0x238</run_address>
         <size>0x57</size>
         <input_file_ref idref="fl-2"/>
      </object_component>
      <object_component id="oc-257">
         <name>.debug_line</name>
         <load_address>0x28f</load_address>
         <run_address>0x28f</run_address>
         <size>0x6d</size>
         <input_file_ref idref="fl-2"/>
      </object_component>
      <object_component id="oc-34d">
         <name>.debug_line</name>
         <load_address>0x2fc</load_address>
         <run_address>0x2fc</run_address>
         <size>0x71</size>
         <input_file_ref idref="fl-2"/>
      </object_component>
      <object_component id="oc-13e">
         <name>.debug_line</name>
         <load_address>0x36d</load_address>
         <run_address>0x36d</run_address>
         <size>0x82</size>
         <input_file_ref idref="fl-2"/>
      </object_component>
      <object_component id="oc-1d5">
         <name>.debug_line</name>
         <load_address>0x3ef</load_address>
         <run_address>0x3ef</run_address>
         <size>0x86</size>
         <input_file_ref idref="fl-2"/>
      </object_component>
      <object_component id="oc-1f3">
         <name>.debug_line</name>
         <load_address>0x475</load_address>
         <run_address>0x475</run_address>
         <size>0x6d</size>
         <input_file_ref idref="fl-2"/>
      </object_component>
      <object_component id="oc-282">
         <name>.debug_line</name>
         <load_address>0x4e2</load_address>
         <run_address>0x4e2</run_address>
         <size>0x6d</size>
         <input_file_ref idref="fl-2"/>
      </object_component>
      <object_component id="oc-26b">
         <name>.debug_line</name>
         <load_address>0x54f</load_address>
         <run_address>0x54f</run_address>
         <size>0x72</size>
         <input_file_ref idref="fl-2"/>
      </object_component>
      <object_component id="oc-1db">
         <name>.debug_line</name>
         <load_address>0x5c1</load_address>
         <run_address>0x5c1</run_address>
         <size>0x6e</size>
         <input_file_ref idref="fl-2"/>
      </object_component>
      <object_component id="oc-228">
         <name>.debug_line</name>
         <load_address>0x62f</load_address>
         <run_address>0x62f</run_address>
         <size>0x6d</size>
         <input_file_ref idref="fl-2"/>
      </object_component>
      <object_component id="oc-27b">
         <name>.debug_line</name>
         <load_address>0x69c</load_address>
         <run_address>0x69c</run_address>
         <size>0x74</size>
         <input_file_ref idref="fl-2"/>
      </object_component>
      <object_component id="oc-31b">
         <name>.debug_line</name>
         <load_address>0x710</load_address>
         <run_address>0x710</run_address>
         <size>0x83</size>
         <input_file_ref idref="fl-2"/>
      </object_component>
      <object_component id="oc-1e4">
         <name>.debug_line</name>
         <load_address>0x793</load_address>
         <run_address>0x793</run_address>
         <size>0x6f</size>
         <input_file_ref idref="fl-2"/>
      </object_component>
      <object_component id="oc-112">
         <name>.debug_line</name>
         <load_address>0x802</load_address>
         <run_address>0x802</run_address>
         <size>0x91</size>
         <input_file_ref idref="fl-2"/>
      </object_component>
      <object_component id="oc-f5">
         <name>.debug_line</name>
         <load_address>0x893</load_address>
         <run_address>0x893</run_address>
         <size>0x20</size>
         <input_file_ref idref="fl-2"/>
      </object_component>
      <object_component id="oc-197">
         <name>.debug_line</name>
         <load_address>0x8b3</load_address>
         <run_address>0x8b3</run_address>
         <size>0x7b</size>
         <input_file_ref idref="fl-2"/>
      </object_component>
      <object_component id="oc-fc">
         <name>.debug_line</name>
         <load_address>0x92e</load_address>
         <run_address>0x92e</run_address>
         <size>0x63</size>
         <input_file_ref idref="fl-2"/>
      </object_component>
      <object_component id="oc-188">
         <name>.debug_line</name>
         <load_address>0x991</load_address>
         <run_address>0x991</run_address>
         <size>0x78</size>
         <input_file_ref idref="fl-2"/>
      </object_component>
      <object_component id="oc-18d">
         <name>.debug_line</name>
         <load_address>0xa09</load_address>
         <run_address>0xa09</run_address>
         <size>0x75</size>
         <input_file_ref idref="fl-2"/>
      </object_component>
      <object_component id="oc-192">
         <name>.debug_line</name>
         <load_address>0xa7e</load_address>
         <run_address>0xa7e</run_address>
         <size>0x80</size>
         <input_file_ref idref="fl-2"/>
      </object_component>
      <object_component id="oc-274">
         <name>.debug_line</name>
         <load_address>0xafe</load_address>
         <run_address>0xafe</run_address>
         <size>0x75</size>
         <input_file_ref idref="fl-3"/>
      </object_component>
      <object_component id="oc-354">
         <name>.debug_line</name>
         <load_address>0xb73</load_address>
         <run_address>0xb73</run_address>
         <size>0x53</size>
         <input_file_ref idref="fl-3"/>
      </object_component>
      <object_component id="oc-376">
         <name>.debug_line</name>
         <load_address>0xbc6</load_address>
         <run_address>0xbc6</run_address>
         <size>0x53</size>
         <input_file_ref idref="fl-3"/>
      </object_component>
      <object_component id="oc-24b">
         <name>.debug_line</name>
         <load_address>0xc19</load_address>
         <run_address>0xc19</run_address>
         <size>0x75</size>
         <input_file_ref idref="fl-3"/>
      </object_component>
      <object_component id="oc-2f5">
         <name>.debug_line</name>
         <load_address>0xc8e</load_address>
         <run_address>0xc8e</run_address>
         <size>0x69</size>
         <input_file_ref idref="fl-3"/>
      </object_component>
      <object_component id="oc-360">
         <name>.debug_line</name>
         <load_address>0xcf7</load_address>
         <run_address>0xcf7</run_address>
         <size>0x69</size>
         <input_file_ref idref="fl-3"/>
      </object_component>
      <object_component id="oc-2fa">
         <name>.debug_line</name>
         <load_address>0xd60</load_address>
         <run_address>0xd60</run_address>
         <size>0xd3</size>
         <input_file_ref idref="fl-3"/>
      </object_component>
      <object_component id="oc-342">
         <name>.debug_line</name>
         <load_address>0xe33</load_address>
         <run_address>0xe33</run_address>
         <size>0x8e</size>
         <input_file_ref idref="fl-3"/>
      </object_component>
      <object_component id="oc-1a3">
         <name>.debug_line</name>
         <load_address>0xec1</load_address>
         <run_address>0xec1</run_address>
         <size>0x69</size>
         <input_file_ref idref="fl-3"/>
      </object_component>
      <object_component id="oc-25e">
         <name>.debug_line</name>
         <load_address>0xf2a</load_address>
         <run_address>0xf2a</run_address>
         <size>0xa2</size>
         <input_file_ref idref="fl-3"/>
      </object_component>
      <object_component id="oc-1ff">
         <name>.debug_line</name>
         <load_address>0xfcc</load_address>
         <run_address>0xfcc</run_address>
         <size>0x20</size>
         <input_file_ref idref="fl-4"/>
      </object_component>
      <object_component id="oc-1b0">
         <name>.debug_line</name>
         <load_address>0xfec</load_address>
         <run_address>0xfec</run_address>
         <size>0x6e</size>
         <input_file_ref idref="fl-4"/>
      </object_component>
      <object_component id="oc-301">
         <name>.debug_line</name>
         <load_address>0x105a</load_address>
         <run_address>0x105a</run_address>
         <size>0x67</size>
         <input_file_ref idref="fl-4"/>
      </object_component>
      <object_component id="oc-1aa">
         <name>.debug_line</name>
         <load_address>0x10c1</load_address>
         <run_address>0x10c1</run_address>
         <size>0x6a</size>
         <input_file_ref idref="fl-4"/>
      </object_component>
      <object_component id="oc-371">
         <name>.debug_line</name>
         <load_address>0x112b</load_address>
         <run_address>0x112b</run_address>
         <size>0x65</size>
         <input_file_ref idref="fl-4"/>
      </object_component>
      <object_component id="oc-359">
         <name>.debug_line</name>
         <load_address>0x1190</load_address>
         <run_address>0x1190</run_address>
         <size>0x6d</size>
         <input_file_ref idref="fl-4"/>
      </object_component>
      <object_component id="oc-2dc">
         <name>.debug_line</name>
         <load_address>0x11fd</load_address>
         <run_address>0x11fd</run_address>
         <size>0x60</size>
         <input_file_ref idref="fl-4"/>
      </object_component>
      <object_component id="oc-2e2">
         <name>.debug_line</name>
         <load_address>0x125d</load_address>
         <run_address>0x125d</run_address>
         <size>0x6b</size>
         <input_file_ref idref="fl-4"/>
      </object_component>
      <object_component id="oc-33c">
         <name>.debug_line</name>
         <load_address>0x12c8</load_address>
         <run_address>0x12c8</run_address>
         <size>0x63</size>
         <input_file_ref idref="fl-4"/>
      </object_component>
      <object_component id="oc-147">
         <name>.debug_line</name>
         <load_address>0x132b</load_address>
         <run_address>0x132b</run_address>
         <size>0x65</size>
         <input_file_ref idref="fl-4"/>
      </object_component>
      <object_component id="oc-250">
         <name>.debug_line</name>
         <load_address>0x1390</load_address>
         <run_address>0x1390</run_address>
         <size>0x5e</size>
         <input_file_ref idref="fl-4"/>
      </object_component>
      <object_component id="oc-2ee">
         <name>.debug_line</name>
         <load_address>0x13ee</load_address>
         <run_address>0x13ee</run_address>
         <size>0x72</size>
         <input_file_ref idref="fl-4"/>
      </object_component>
      <object_component id="oc-19d">
         <name>.debug_line</name>
         <load_address>0x1460</load_address>
         <run_address>0x1460</run_address>
         <size>0x67</size>
         <input_file_ref idref="fl-4"/>
      </object_component>
      <object_component id="oc-367">
         <name>.debug_line</name>
         <load_address>0x14c7</load_address>
         <run_address>0x14c7</run_address>
         <size>0x5e</size>
         <input_file_ref idref="fl-4"/>
      </object_component>
      <object_component id="oc-2e5">
         <name>.debug_line</name>
         <load_address>0x1525</load_address>
         <run_address>0x1525</run_address>
         <size>0x5e</size>
         <input_file_ref idref="fl-4"/>
      </object_component>
      <object_component id="oc-309">
         <name>.debug_line</name>
         <load_address>0x1583</load_address>
         <run_address>0x1583</run_address>
         <size>0x65</size>
         <input_file_ref idref="fl-4"/>
      </object_component>
      <object_component id="oc-279">
         <name>.debug_line</name>
         <load_address>0x15e8</load_address>
         <run_address>0x15e8</run_address>
         <size>0x10b</size>
         <input_file_ref idref="fl-5"/>
      </object_component>
      <object_component id="oc-319">
         <name>.debug_line</name>
         <load_address>0x16f3</load_address>
         <run_address>0x16f3</run_address>
         <size>0x68</size>
         <input_file_ref idref="fl-5"/>
      </object_component>
      <object_component id="oc-231">
         <name>.debug_line</name>
         <load_address>0x175b</load_address>
         <run_address>0x175b</run_address>
         <size>0x109</size>
         <input_file_ref idref="fl-5"/>
      </object_component>
      <object_component id="oc-23e">
         <name>.debug_line</name>
         <load_address>0x1864</load_address>
         <run_address>0x1864</run_address>
         <size>0x72</size>
         <input_file_ref idref="fl-5"/>
      </object_component>
      <object_component id="oc-237">
         <name>.debug_line</name>
         <load_address>0x18d6</load_address>
         <run_address>0x18d6</run_address>
         <size>0x6d</size>
         <input_file_ref idref="fl-5"/>
      </object_component>
      <object_component id="oc-1f1">
         <name>.debug_line</name>
         <load_address>0x1943</load_address>
         <run_address>0x1943</run_address>
         <size>0x5c</size>
         <input_file_ref idref="fl-5"/>
      </object_component>
      <object_component id="oc-215">
         <name>.debug_line</name>
         <load_address>0x199f</load_address>
         <run_address>0x199f</run_address>
         <size>0x5b</size>
         <input_file_ref idref="fl-5"/>
      </object_component>
      <object_component id="oc-224">
         <name>.debug_line</name>
         <load_address>0x19fa</load_address>
         <run_address>0x19fa</run_address>
         <size>0x5b</size>
         <input_file_ref idref="fl-5"/>
      </object_component>
      <object_component id="oc-21e">
         <name>.debug_line</name>
         <load_address>0x1a55</load_address>
         <run_address>0x1a55</run_address>
         <size>0x60</size>
         <input_file_ref idref="fl-5"/>
      </object_component>
      <object_component id="oc-29a">
         <name>.debug_line</name>
         <load_address>0x1ab5</load_address>
         <run_address>0x1ab5</run_address>
         <size>0x6e</size>
         <input_file_ref idref="fl-5"/>
      </object_component>
      <object_component id="oc-1d2">
         <name>.debug_line</name>
         <load_address>0x1b23</load_address>
         <run_address>0x1b23</run_address>
         <size>0x83</size>
         <input_file_ref idref="fl-5"/>
      </object_component>
      <object_component id="oc-1cc">
         <name>.debug_line</name>
         <load_address>0x1ba6</load_address>
[...]
      </symbol>
      <symbol id="sm-68">
         <name>__binit__</name>
         <value>0xffffffff</value>
      </symbol>
      <symbol id="sm-69">
         <name>__STACK_SIZE</name>
         <value>0x50</value>
      </symbol>
      <symbol id="sm-6a">
         <name>__STACK_END</name>
         <value>0x400</value>
      </symbol>
      <symbol id="sm-6b">
         <name>__c_args__</name>
         <value>0xffffffff</value>
      </symbol>
      <symbol id="sm-132">
         <name>PhyGetDataStreamStatus</name>
         <value>0xce9a</value>
         <object_component_ref idref="oc-227"/>
      </symbol>
      <symbol id="sm-133">
         <name>gA1101Gdo0</name>
         <value>0xcf00</value>
         <object_component_ref idref="oc-240"/>
      </symbol>
      <symbol id="sm-134">
         <name>PhyEnable</name>
         <value>0xcdca</value>
         <object_component_ref idref="oc-1f2"/>
      </symbol>
      <symbol id="sm-135">
         <name>PhyReceiverOn</name>
         <value>0xcace</value>
         <object_component_ref idref="oc-27a"/>
      </symbol>
      <symbol id="sm-136">
         <name>PhyDataStreamBuild</name>
         <value>0xcb02</value>
         <object_component_ref idref="oc-349"/>
      </symbol>
      <symbol id="sm-137">
         <name>PhyGetDataStream</name>
         <value>0xc60e</value>
         <object_component_ref idref="oc-13d"/>
      </symbol>
      <symbol id="sm-138">
         <name>PhySyncEopIsr</name>
         <value>0xc13e</value>
         <object_component_ref idref="oc-10e"/>
      </symbol>
      <symbol id="sm-139">
         <name>gA1101Spi</name>
         <value>0xcefa</value>
         <object_component_ref idref="oc-240"/>
      </symbol>
      <symbol id="sm-13a">
         <name>PhyTimerInit</name>
         <value>0xce58</value>
         <object_component_ref idref="oc-1e0"/>
      </symbol>
      <symbol id="sm-13b">
         <name>PhyDisable</name>
         <value>0xcdb8</value>
         <object_component_ref idref="oc-281"/>
      </symbol>
      <symbol id="sm-13c">
         <name>PhyTransmit</name>
         <value>0xc764</value>
         <object_component_ref idref="oc-31a"/>
      </symbol>
      <symbol id="sm-13d">
         <name>PhySetChannel</name>
         <value>0xcd2e</value>
         <object_component_ref idref="oc-1da"/>
      </symbol>
      <symbol id="sm-13e">
         <name>PhyEnableAddressFilter</name>
         <value>0xc9ae</value>
         <object_component_ref idref="oc-26a"/>
      </symbol>
      <symbol id="sm-13f">
         <name>PhyActiveMode</name>
         <value>0xc928</value>
         <object_component_ref idref="oc-253"/>
      </symbol>
      <symbol id="sm-140">
         <name>gA1101Gdo</name>
         <value>0x24c</value>
         <object_component_ref idref="oc-243"/>
      </symbol>
      <symbol id="sm-141">
         <name>PhyInit</name>
         <value>0xc558</value>
         <object_component_ref idref="oc-1d4"/>
      </symbol>
      <symbol id="sm-19c">
         <name>A110LR09Configure</name>
         <value>0xc3ce</value>
         <object_component_ref idref="oc-2f6"/>
      </symbol>
      <symbol id="sm-19d">
         <name>A110LR09Init</name>
         <value>0xc6be</value>
         <object_component_ref idref="oc-246"/>
      </symbol>
      <symbol id="sm-19e">
         <name>A110LR09ConvertRssiToDbm</name>
         <value>0xce00</value>
         <object_component_ref idref="oc-19f"/>
      </symbol>
      <symbol id="sm-19f">
         <name>gA110LR09Lookup</name>
         <value>0xcebc</value>
         <object_component_ref idref="oc-334"/>
      </symbol>
      <symbol id="sm-1a0">
         <name>gA110LR09PowerLookup</name>
         <value>0xcf14</value>
         <object_component_ref idref="oc-362"/>
      </symbol>
      <symbol id="sm-1a1">
         <name>A110LR09GetLookup</name>
         <value>0xccc6</value>
         <object_component_ref idref="oc-2f0"/>
      </symbol>
      <symbol id="sm-1a2">
         <name>A110LR09SetPaTable</name>
         <value>0xc000</value>
         <object_component_ref idref="oc-33e"/>
      </symbol>
      <symbol id="sm-1a3">
         <name>A110LR09SetChannr</name>
         <value>0xc0a8</value>
         <object_component_ref idref="oc-259"/>
      </symbol>
      <symbol id="sm-1a4">
         <name>A110LR09GetPowerLookupSize</name>
         <value>0xceac</value>
         <object_component_ref idref="oc-35c"/>
      </symbol>
      <symbol id="sm-22f">
         <name>CC1101Wakeup</name>
         <value>0xc496</value>
         <object_component_ref idref="oc-304"/>
      </symbol>
      <symbol id="sm-230">
         <name>CC1101SetAndVerifyState</name>
         <value>0xca2c</value>
         <object_component_ref idref="oc-355"/>
      </symbol>
      <symbol id="sm-231">
         <name>CC1101GdoInit</name>
         <value>0xc7b4</value>
         <object_component_ref idref="oc-2de"/>
      </symbol>
      <symbol id="sm-232">
         <name>CC1101ReadRxFifo</name>
         <value>0xc850</value>
         <object_component_ref idref="oc-199"/>
      </symbol>
      <symbol id="sm-233">
         <name>CC1101WriteTxFifo</name>
         <value>0xce3c</value>
         <object_component_ref idref="oc-366"/>
      </symbol>
      <symbol id="sm-234">
         <name>CC1101SetRegister</name>
         <value>0xcd94</value>
         <object_component_ref idref="oc-24c"/>
      </symbol>
      <symbol id="sm-235">
         <name>CC1101Configure</name>
         <value>0xcb66</value>
         <object_component_ref idref="oc-338"/>
      </symbol>
      <symbol id="sm-236">
         <name>CC1101Read</name>
         <value>0xca66</value>
         <object_component_ref idref="oc-1ac"/>
      </symbol>
      <symbol id="sm-237">
         <name>CC1101SpiInit</name>
         <value>0xce2e</value>
         <object_component_ref idref="oc-2d8"/>
      </symbol>
      <symbol id="sm-238">
         <name>CC1101Strobe</name>
         <value>0xcda6</value>
         <object_component_ref idref="oc-2e4"/>
      </symbol>
      <symbol id="sm-239">
         <name>CC1101WriteRegisters</name>
         <value>0xcc8c</value>
         <object_component_ref idref="oc-2fd"/>
      </symbol>
      <symbol id="sm-23a">
         <name>CC1101GetChip</name>
         <value>0xc4f8</value>
         <object_component_ref idref="oc-2ea"/>
      </symbol>
      <symbol id="sm-23b">
         <name>CC1101GetRegister</name>
         <value>0xcb96</value>
         <object_component_ref idref="oc-143"/>
      </symbol>
      <symbol id="sm-23c">
         <name>CC1101Write</name>
         <value>0xcc8c</value>
         <object_component_ref idref="oc-2fd"/>
      </symbol>
      <symbol id="sm-23d">
         <name>CC1101GetRegisterWithSpiSyncProblem</name>
         <value>0xc802</value>
         <object_component_ref idref="oc-1a6"/>
      </symbol>
      <symbol id="sm-23e">
         <name>CC1101TimeoutEvent</name>
         <value>0xcd6c</value>
         <object_component_ref idref="oc-36d"/>
      </symbol>
      <symbol id="sm-2be">
         <name>FrameIdle</name>
         <value>0xce66</value>
         <object_component_ref idref="oc-220"/>
      </symbol>
      <symbol id="sm-2bf">
         <name>FrameAssemble</name>
         <value>0xc356</value>
         <object_component_ref idref="oc-1ce"/>
      </symbol>
      <symbol id="sm-2c0">
         <name>FrameDisassemble</name>
         <value>0xc8e4</value>
         <object_component_ref idref="oc-1c8"/>
      </symbol>
      <symbol id="sm-2c1">
         <name>FrameInit</name>
         <value>0xce4a</value>
         <object_component_ref idref="oc-1ec"/>
      </symbol>
      <symbol id="sm-2c2">
         <name>FrameSend</name>
         <value>0xc9f0</value>
         <object_component_ref idref="oc-296"/>
      </symbol>
      <symbol id="sm-2c3">
         <name>FrameSchedulerLinkRequest</name>
         <value>0xca9a</value>
         <object_component_ref idref="oc-233"/>
      </symbol>
      <symbol id="sm-2c4">
         <name>FrameSetDataResponse</name>
         <value>0xce70</value>
         <object_component_ref idref="oc-210"/>
      </symbol>
      <symbol id="sm-2c5">
         <name>FrameListen</name>
         <value>0xccfa</value>
         <object_component_ref idref="oc-21a"/>
      </symbol>
      <symbol id="sm-2c6">
         <name>FrameBuild</name>
         <value>0xc25a</value>
         <object_component_ref idref="oc-314"/>
      </symbol>
      <symbol id="sm-2c7">
         <name>FrameSchedulerData</name>
         <value>0xc714</value>
         <object_component_ref idref="oc-239"/>
      </symbol>
      <symbol id="sm-2c8">
         <name>FrameGatewayValidate</name>
         <value>0xc1d2</value>
         <object_component_ref idref="oc-22d"/>
      </symbol>
      <symbol id="sm-2e8">
         <name>PhyAddressGetLocalInfo</name>
         <value>0xce94</value>
         <object_component_ref idref="oc-289"/>
      </symbol>
      <symbol id="sm-2e9">
         <name>PhyAddressIsBroadcast</name>
         <value>0xccaa</value>
         <object_component_ref idref="oc-28f"/>
      </symbol>
      <symbol id="sm-2ea">
         <name>PhyAddressInit</name>
         <value>0xcc1e</value>
         <object_component_ref idref="oc-1e6"/>
      </symbol>
      <symbol id="sm-2fd">
         <name>ProtocolInit</name>
         <value>0xc89c</value>
         <object_component_ref idref="oc-179"/>
      </symbol>
      <symbol id="sm-357">
         <name>A110x2500HwTimerInit</name>
         <value>0xcd58</value>
         <object_component_ref idref="oc-260"/>
      </symbol>
      <symbol id="sm-358">
         <name>A110x2500SpiInit</name>
         <value>0xc96c</value>
         <object_component_ref idref="oc-29e"/>
      </symbol>
      <symbol id="sm-359">
         <name>A110x2500SpiWrite</name>
         <value>0xc5b4</value>
         <object_component_ref idref="oc-2aa"/>
      </symbol>
      <symbol id="sm-35a">
         <name>A110x2500SpiRead</name>
         <value>0xc2de</value>
         <object_component_ref idref="oc-2a4"/>
      </symbol>
      <symbol id="sm-35b">
         <name>A110x2500Gdo0WaitForAssert</name>
         <value>0xce84</value>
         <object_component_ref idref="oc-2bc"/>
      </symbol>
      <symbol id="sm-35c">
         <name>A110x2500Gdo0Init</name>
         <value>0xcc6c</value>
         <object_component_ref idref="oc-2b0"/>
      </symbol>
      <symbol id="sm-35d">
         <name>A110x2500Gdo0GetState</name>
         <value>0xce20</value>
         <object_component_ref idref="oc-2c8"/>
      </symbol>
      <symbol id="sm-35e">
         <name>A110x2500Gdo0WaitForDeassert</name>
         <value>0xce8c</value>
         <object_component_ref idref="oc-2c2"/>
      </symbol>
      <symbol id="sm-35f">
         <name>A110x2500Gdo0Enable</name>
         <value>0xcce0</value>
         <object_component_ref idref="oc-2ce"/>
      </symbol>
      <symbol id="sm-360">
         <name>A110x2500Gdo0Event</name>
         <value>0xcd44</value>
         <object_component_ref idref="oc-2b6"/>
      </symbol>
      <symbol id="sm-39f">
         <name>PlatformInit</name>
         <value>0xcbc6</value>
         <object_component_ref idref="oc-12c"/>
      </symbol>
      <symbol id="sm-3a0">
         <name>GDO0Isr</name>
         <value>0xcc46</value>
         <object_component_ref idref="oc-af"/>
      </symbol>
      <symbol id="sm-3a1">
         <name>__TI_int03</name>
         <value>0xffe6</value>
         <object_component_ref idref="oc-3f"/>
      </symbol>
      <symbol id="sm-3a2">
         <name>LinkRequest</name>
         <value>0xceb0</value>
         <object_component_ref idref="oc-1ba"/>
      </symbol>
      <symbol id="sm-3a3">
         <name>main</name>
         <value>0xce7a</value>
         <object_component_ref idref="oc-dc"/>
      </symbol>
      <symbol id="sm-3a4">
         <name>TransferComplete</name>
         <value>0xcb34</value>
         <object_component_ref idref="oc-1c0"/>
      </symbol>
      <symbol id="sm-3ad">
         <name>_stack</name>
         <value>0x3b0</value>
         <object_component_ref idref="oc-8c"/>
      </symbol>
      <symbol id="sm-3ae">
         <name>_reset_vector</name>
         <value>0xfffe</value>
         <object_component_ref idref="oc-8f"/>
      </symbol>
      <symbol id="sm-3b9">
         <name>_c_int00_noargs_noexit</name>
         <value>0xcd14</value>
         <object_component_ref idref="oc-68"/>
      </symbol>
      <symbol id="sm-3cf">
         <name>__TI_decompress_none</name>
         <value>0xcddc</value>
         <object_component_ref idref="oc-31"/>
      </symbol>
      <symbol id="sm-3f1">
         <name>__TI_decompress_rle24</name>
         <value>0xcea6</value>
         <object_component_ref idref="oc-37"/>
      </symbol>
      <symbol id="sm-404">
         <name>__TI_zero_init</name>
         <value>0xcd80</value>
         <object_component_ref idref="oc-4a"/>
      </symbol>
      <symbol id="sm-40d">
         <name>__mspabi_func_epilog_2</name>
         <value>0xce1a</value>
         <object_component_ref idref="oc-105"/>
      </symbol>
      <symbol id="sm-40e">
         <name>__mspabi_func_epilog_3</name>
         <value>0xce18</value>
         <object_component_ref idref="oc-105"/>
      </symbol>
      <symbol id="sm-40f">
         <name>__mspabi_func_epilog_1</name>
         <value>0xce1c</value>
         <object_component_ref idref="oc-105"/>
      </symbol>
      <symbol id="sm-410">
         <name>__mspabi_func_epilog_6</name>
         <value>0xce12</value>
         <object_component_ref idref="oc-105"/>
      </symbol>
      <symbol id="sm-411">
         <name>__mspabi_func_epilog_7</name>
         <value>0xce10</value>
         <object_component_ref idref="oc-105"/>
      </symbol>
      <symbol id="sm-412">
         <name>__mspabi_func_epilog_4</name>
         <value>0xce16</value>
         <object_component_ref idref="oc-105"/>
      </symbol>
      <symbol id="sm-413">
         <name>__mspabi_func_epilog_5</name>
         <value>0xce14</value>
         <object_component_ref idref="oc-105"/>
      </symbol>
      <symbol id="sm-41e">
         <name>C$$EXIT</name>
         <value>0xceb8</value>
         <object_component_ref idref="oc-e4"/>
      </symbol>
      <symbol id="sm-41f">
         <name>abort</name>
         <value>0xceb8</value>
         <object_component_ref idref="oc-e4"/>
      </symbol>
      <symbol id="sm-422">
         <name>__TI_int00</name>
         <value>0xffe0</value>
         <object_component_ref idref="oc-3d"/>
      </symbol>
      <symbol id="sm-425">
         <name>__TI_int02</name>
         <value>0xffe4</value>
         <object_component_ref idref="oc-3e"/>
      </symbol>
      <symbol id="sm-428">
         <name>__TI_int05</name>
         <value>0xffea</value>
         <object_component_ref idref="oc-40"/>
      </symbol>
      <symbol id="sm-42b">
         <name>__TI_int06</name>
         <value>0xffec</value>
         <object_component_ref idref="oc-41"/>
      </symbol>
      <symbol id="sm-42e">
         <name>__TI_int07</name>
         <value>0xffee</value>
         <object_component_ref idref="oc-42"/>
      </symbol>
      <symbol id="sm-431">
         <name>__TI_int08</name>
         <value>0xfff0</value>
         <object_component_ref idref="oc-43"/>
      </symbol>
      <symbol id="sm-434">
         <name>__TI_int09</name>
         <value>0xfff2</value>
         <object_component_ref idref="oc-44"/>
      </symbol>
      <symbol id="sm-437">
         <name>__TI_int10</name>
         <value>0xfff4</value>
         <object_component_ref idref="oc-45"/>
      </symbol>
      <symbol id="sm-43a">
         <name>__TI_int11</name>
         <value>0xfff6</value>
         <object_component_ref idref="oc-46"/>
      </symbol>
      <symbol id="sm-43d">
         <name>__TI_int12</name>
         <value>0xfff8</value>
         <object_component_ref idref="oc-47"/>
      </symbol>
      <symbol id="sm-440">
         <name>__TI_int13</name>
         <value>0xfffa</value>
         <object_component_ref idref="oc-48"/>
      </symbol>
      <symbol id="sm-443">
         <name>__TI_int14</name>
         <value>0xfffc</value>
         <object_component_ref idref="oc-49"/>
      </symbol>
      <symbol id="sm-44b">
         <name>__TI_ISR_TRAP</name>
         <value>0xcea0</value>
         <object_component_ref idref="oc-aa"/>
      </symbol>
      <symbol id="sm-453">
         <name>__mspabi_slli</name>
         <value>0xcbf2</value>
         <object_component_ref idref="oc-32f"/>
      </symbol>
      <symbol id="sm-454">
         <name>__mspabi_slli_9</name>
         <value>0xcc0a</value>
         <object_component_ref idref="oc-32f"/>
      </symbol>
      <symbol id="sm-455">
         <name>__mspabi_slli_8</name>
         <value>0xcc0c</value>
         <object_component_ref idref="oc-32f"/>
      </symbol>
      <symbol id="sm-456">
         <name>__mspabi_slli_7</name>
         <value>0xcc0e</value>
         <object_component_ref idref="oc-32f"/>
      </symbol>
      <symbol id="sm-457">
         <name>__mspabi_slli_6</name>
         <value>0xcc10</value>
         <object_component_ref idref="oc-32f"/>
      </symbol>
      <symbol id="sm-458">
         <name>__mspabi_slli_5</name>
         <value>0xcc12</value>
         <object_component_ref idref="oc-32f"/>
      </symbol>
      <symbol id="sm-459">
         <name>__mspabi_slli_4</name>
         <value>0xcc14</value>
         <object_component_ref idref="oc-32f"/>
      </symbol>
      <symbol id="sm-45a">
         <name>__mspabi_slli_3</name>
         <value>0xcc16</value>
         <object_component_ref idref="oc-32f"/>
      </symbol>
      <symbol id="sm-45b">
         <name>__mspabi_slli_2</name>
         <value>0xcc18</value>
         <object_component_ref idref="oc-32f"/>
      </symbol>
      <symbol id="sm-45c">
         <name>__mspabi_slli_1</name>
         <value>0xcc1a</value>
         <object_component_ref idref="oc-32f"/>
      </symbol>
      <symbol id="sm-45d">
         <name>__mspabi_slli_15</name>
         <value>0xcbfe</value>
         <object_component_ref idref="oc-32f"/>
      </symbol>
      <symbol id="sm-45e">
         <name>__mspabi_slli_14</name>
         <value>0xcc00</value>
         <object_component_ref idref="oc-32f"/>
      </symbol>
      <symbol id="sm-45f">
         <name>__mspabi_slli_13</name>
         <value>0xcc02</value>
         <object_component_ref idref="oc-32f"/>
      </symbol>
      <symbol id="sm-460">
         <name>__mspabi_slli_12</name>
         <value>0xcc04</value>
         <object_component_ref idref="oc-32f"/>
      </symbol>
      <symbol id="sm-461">
         <name>__mspabi_slli_11</name>
         <value>0xcc06</value>
         <object_component_ref idref="oc-32f"/>
      </symbol>
      <symbol id="sm-462">
         <name>__mspabi_slli_10</name>
         <value>0xcc08</value>
         <object_component_ref idref="oc-32f"/>
      </symbol>
      <symbol id="sm-470">
         <name>memcpy</name>
         <value>0xcdee</value>
         <object_component_ref idref="oc-90"/>
      </symbol>
      <symbol id="sm-47a">
         <name>_system_pre_init</name>
         <value>0xceb4</value>
         <object_component_ref idref="oc-bc"/>
      </symbol>
      <symbol id="sm-494">
         <name>_auto_init</name>
         <value>0xc666</value>
         <object_component_ref idref="oc-c2"/>
      </symbol>
      <symbol id="sm-496">
         <name>__TI_INITARRAY_Base</name>
         <value>0x0</value>
      </symbol>
      <symbol id="sm-497">
         <name>__TI_INITARRAY_Limit</name>
         <value>0x0</value>
      </symbol>
      <symbol id="sm-498">
         <name>ProtocolLoadDataResponse</name>
         <value>0xce70</value>
      </symbol>
      <symbol id="sm-499">
         <name>ProtocolEngine</name>
         <value>0xc13e</value>
      </symbol>
   </symbol_table>
   <title>Link successful</title>
</link_info>
