******************************************************************************
                  MSP430 Linker PC v4.4.3                      
******************************************************************************
>> Linked Tue Mar 17 16:11:32 2015

OUTPUT FILE NAME:   <HalfDuplexTransfer.out>
ENTRY POINT SYMBOL: "_c_int00_noargs_noexit"  address: 0000ccbc


MEMORY CONFIGURATION

         name            origin    length      used     unused   attr    fill
----------------------  --------  ---------  --------  --------  ----  --------
  SFR                   00000000   00000010  00000000  00000010  RWIX
  PERIPHERALS_8BIT      00000010   000000f0  00000000  000000f0  RWIX
  PERIPHERALS_16BIT     00000100   00000100  00000000  00000100  RWIX
  RAM                   00000200   00000200  000000a5  0000015b  RWIX
  INFOD                 00001000   00000040  00000000  00000040  RWIX
  INFOC                 00001040   00000040  00000000  00000040  RWIX
  INFOB                 00001080   00000040  00000000  00000040  RWIX
  INFOA                 000010c0   00000040  00000000  00000040  RWIX
  FLASH                 0000c000   00003fe0  00000f28  000030b8  RWIX
  INT00                 0000ffe0   00000002  00000002  00000000  RWIX
  INT01                 0000ffe2   00000002  00000000  00000002  RWIX
  INT02                 0000ffe4   00000002  00000002  00000000  RWIX
  INT03                 0000ffe6   00000002  00000002  00000000  RWIX
  INT04                 0000ffe8   00000002  00000000  00000002  RWIX
  INT05                 0000ffea   00000002  00000002  00000000  RWIX
  INT06                 0000ffec   00000002  00000002  00000000  RWIX
  INT07                 0000ffee   00000002  00000002  00000000  RWIX
  INT08                 0000fff0   00000002  00000002  00000000  RWIX
  INT09                 0000fff2   00000002  00000002  00000000  RWIX
  INT10                 0000fff4   00000002  00000002  00000000  RWIX
  INT11                 0000fff6   00000002  00000002  00000000  RWIX
  INT12                 0000fff8   00000002  00000002  00000000  RWIX
  INT13                 0000fffa   00000002  00000002  00000000  RWIX
  INT14                 0000fffc   00000002  00000002  00000000  RWIX
  RESET                 0000fffe   00000002  00000002  00000000  RWIX


SECTION ALLOCATION MAP

 output                                  attributes/
section   page    origin      length       input sections
--------  ----  ----------  ----------   ----------------
.bss       0    00000200    0000003c     UNINITIALIZED
                  00000200    0000001a     (.common:gFrameScheduler)
                  0000021a    00000012     (.common:gPhyDevice)
                  0000022c    0000000e     (.common:gA110Lr09PhyInfo)
                  0000023a    00000002     (.common:gPhyAddressInfo)

.data      0    0000023c    00000019     UNINITIALIZED
                  0000023c    00000010     HalfDuplexTransfer.obj (.data)
                  0000024c    00000006     A110x2500PhyBridge.obj (.data:gA1101Gdo)
                  00000252    00000002     A110x2500PhyBridge.obj (.data)
                  00000254    00000001     Frame.obj (.data)

.TI.persistent 
*          0    0000023c    00000000     UNINITIALIZED

.stack     0    000003b0    00000050     UNINITIALIZED
                  000003b0    00000002     rts430_eabi.lib : boot.obj (.stack)
                  000003b2    0000004e     --HOLE--

.text      0    0000c000    00000ea2     
                  0000c000    000000a8     A110LR09.obj (.text:A110LR09SetPaTable)
                  0000c0a8    00000094     A110LR09.obj (.text:A110LR09SetChannr)
                  0000c13c    00000094     A110x2500PhyBridge.obj (.text:PhySyncEopIsr)
                  0000c1d0    0000007e     Frame.obj (.text:FrameBuild)
                  0000c24e    00000078     BPEXP430G2x53.obj (.text:A110x2500SpiRead)
                  0000c2c6    00000078     Frame.obj (.text:FrameAssemble)
                  0000c33e    00000076     Frame.obj (.text:FrameGatewayValidate)
                  0000c3b4    00000064     rts430_eabi.lib : copy_decompress_rle.obj (.text:__TI_decompress_rle_core)
                  0000c418    00000060     CC1101.obj (.text:CC1101GetChip)
                  0000c478    0000005c     CC1101.obj (.text:CC1101Wakeup)
                  0000c4d4    0000005c     A110x2500PhyBridge.obj (.text:PhyInit)
                  0000c530    0000005a     BPEXP430G2x53.obj (.text:A110x2500SpiWrite)
                  0000c58a    00000058     A110LR09.obj (.text:A110LR09Configure)
                  0000c5e2    00000058     A110x2500PhyBridge.obj (.text:PhyGetDataStream)
                  0000c63a    00000058     rts430_eabi.lib : autoinit.obj (.text:_auto_init)
                  0000c692    00000054     A110LR09.obj (.text:A110LR09Init)
                  0000c6e6    0000004e     Frame.obj (.text:FrameSchedulerData)
                  0000c734    0000004c     A110x2500PhyBridge.obj (.text:PhyTransmit)
                  0000c780    0000004a     CC1101.obj (.text:CC1101GdoInit)
                  0000c7ca    0000004a     CC1101.obj (.text:CC1101GetRegisterWithSpiSyncProblem)
                  0000c814    00000048     CC1101.obj (.text:CC1101ReadRxFifo)
                  0000c85c    00000048     API.obj (.text:ProtocolInit)
                  0000c8a4    00000044     Frame.obj (.text:FrameDisassemble)
                  0000c8e8    00000044     A110x2500PhyBridge.obj (.text:PhyActiveMode)
                  0000c92c    00000042     BPEXP430G2x53.obj (.text:A110x2500SpiInit)
                  0000c96e    00000040     A110x2500PhyBridge.obj (.text:PhyEnableAddressFilter)
                  0000c9ae    0000003e     CC1101.obj (.text:CC1101Read)
                  0000c9ec    0000003c     Frame.obj (.text:FrameSend)
                  0000ca28    00000038     CC1101.obj (.text:CC1101SetAndVerifyState)
                  0000ca60    00000034     Frame.obj (.text:FrameSchedulerLinkRequest)
                  0000ca94    00000032     A110x2500PhyBridge.obj (.text:PhyDataStreamBuild)
                  0000cac6    00000032     A110x2500PhyBridge.obj (.text:PhyReceiverOn)
                  0000caf8    00000032     HalfDuplexTransfer.obj (.text:TransferComplete)
                  0000cb2a    00000030     CC1101.obj (.text:CC1101GetRegister)
                  0000cb5a    0000002e     CC1101.obj (.text:CC1101Configure)
                  0000cb88    0000002c     HalfDuplexTransfer.obj (.text:PlatformInit)
                  0000cbb4    00000028     CC1101.obj (.text:CC1101Write)
                  0000cbdc    00000028     PhyAddress.obj (.text:PhyAddressInit)
                  0000cc04    00000026     HalfDuplexTransfer.obj (.text:GDO0Isr)
                  0000cc2a    00000022     rts430_eabi.lib : memcmp.obj (.text:memcmp)
                  0000cc4c    00000020     BPEXP430G2x53.obj (.text:A110x2500Gdo0Init)
                  0000cc6c    0000001c     PhyAddress.obj (.text:PhyAddressIsBroadcast)
                  0000cc88    0000001a     BPEXP430G2x53.obj (.text:A110x2500Gdo0Enable)
                  0000cca2    0000001a     Frame.obj (.text:FrameListen)
                  0000ccbc    0000001a     rts430_eabi.lib : boot_special.obj (.text:_c_int00_noargs_noexit)
                  0000ccd6    00000018     A110LR09.obj (.text:A110LR09GetLookup)
                  0000ccee    00000016     A110x2500PhyBridge.obj (.text:PhySetChannel)
                  0000cd04    00000014     BPEXP430G2x53.obj (.text:A110x2500Gdo0Event)
                  0000cd18    00000014     BPEXP430G2x53.obj (.text:A110x2500HwTimerInit)
                  0000cd2c    00000014     CC1101.obj (.text:CC1101TimeoutEvent)
                  0000cd40    00000014     rts430_eabi.lib : copy_zero_init.obj (.text:decompress:ZI:__TI_zero_init)
                  0000cd54    00000014                     : memset.obj (.text:memset)
                  0000cd68    00000014                     : mult16.obj (.text)
                  0000cd7c    00000012     CC1101.obj (.text:CC1101SetRegister)
                  0000cd8e    00000012     CC1101.obj (.text:CC1101Strobe)
                  0000cda0    00000012     A110x2500PhyBridge.obj (.text:PhyDisable)
                  0000cdb2    00000012     A110x2500PhyBridge.obj (.text:PhyEnable)
                  0000cdc4    00000012     rts430_eabi.lib : copy_decompress_none.obj (.text:decompress:none:__TI_decompress_none)
                  0000cdd6    00000012                     : memcpy.obj (.text:memcpy)
                  0000cde8    00000010                     : epilog.obj (.text)
                  0000cdf8    0000000e     A110LR09.obj (.text:A110LR09ConvertRssiToDbm)
                  0000ce06    0000000e     BPEXP430G2x53.obj (.text:A110x2500Gdo0GetState)
                  0000ce14    0000000e     CC1101.obj (.text:CC1101SpiInit)
                  0000ce22    0000000e     CC1101.obj (.text:CC1101WriteTxFifo)
                  0000ce30    0000000e     Frame.obj (.text:FrameInit)
                  0000ce3e    0000000e     A110x2500PhyBridge.obj (.text:PhyTimerInit)
                  0000ce4c    0000000a     Frame.obj (.text:FrameIdle)
                  0000ce56    0000000a     Frame.obj (.text:FrameSetDataResponse)
                  0000ce60    0000000a     HalfDuplexTransfer.obj (.text:main)
                  0000ce6a    00000008     BPEXP430G2x53.obj (.text:A110x2500Gdo0WaitForAssert)
                  0000ce72    00000008     BPEXP430G2x53.obj (.text:A110x2500Gdo0WaitForDeassert)
                  0000ce7a    00000006     PhyAddress.obj (.text:PhyAddressGetLocalInfo)
                  0000ce80    00000006     A110x2500PhyBridge.obj (.text:PhyGetDataStreamStatus)
                  0000ce86    00000006     rts430_eabi.lib : isr_trap.obj (.text:_isr:__TI_ISR_TRAP)
                  0000ce8c    00000006                     : copy_decompress_rle.obj (.text:decompress:rle24:__TI_decompress_rle24)
                  0000ce92    00000004     A110LR09.obj (.text:A110LR09GetPowerLookupSize)
                  0000ce96    00000004     HalfDuplexTransfer.obj (.text:LinkRequest)
                  0000ce9a    00000004     rts430_eabi.lib : pre_init.obj (.text:_system_pre_init)
                  0000ce9e    00000004                     : exit.obj (.text:abort)

.const     0    0000cea2    0000005c     
                  0000cea2    0000003e     A110LR09.obj (.const:gA110LR09Lookup)
                  0000cee0    00000012     A110x2500PhyBridge.obj (.const)
                  0000cef2    00000008     HalfDuplexTransfer.obj (.const)
                  0000cefa    00000004     A110LR09.obj (.const:gA110LR09PowerLookup)

.cinit     0    0000cefe    0000002a     
                  0000cefe    00000018     (.cinit..data.load) [load image, compression = rle]
                  0000cf16    00000006     (__TI_handler_table)
                  0000cf1c    00000004     (.cinit..bss.load) [load image, compression = zero_init]
                  0000cf20    00000008     (__TI_cinit_table)

.init_array 
*          0    0000c000    00000000     UNINITIALIZED

TRAPINT    0    0000ffe0    00000002     
                  0000ffe0    00000002     rts430_eabi.lib : int00.obj (.int00)

PORT1      0    0000ffe4    00000002     
                  0000ffe4    00000002     rts430_eabi.lib : int02.obj (.int02)

PORT2      0    0000ffe6    00000002     
                  0000ffe6    00000002     HalfDuplexTransfer.obj (.int03)

ADC10      0    0000ffea    00000002     
                  0000ffea    00000002     rts430_eabi.lib : int05.obj (.int05)

USCIAB0TX 
*          0    0000ffec    00000002     
                  0000ffec    00000002     rts430_eabi.lib : int06.obj (.int06)

USCIAB0RX 
*          0    0000ffee    00000002     
                  0000ffee    00000002     rts430_eabi.lib : int07.obj (.int07)

TIMER0_A1 
*          0    0000fff0    00000002     
                  0000fff0    00000002     rts430_eabi.lib : int08.obj (.int08)

TIMER0_A0 
*          0    0000fff2    00000002     
                  0000fff2    00000002     rts430_eabi.lib : int09.obj (.int09)

WDT        0    0000fff4    00000002     
                  0000fff4    00000002     rts430_eabi.lib : int10.obj (.int10)

COMPARATORA 
*          0    0000fff6    00000002     
                  0000fff6    00000002     rts430_eabi.lib : int11.obj (.int11)

TIMER1_A1 
*          0    0000fff8    00000002     
                  0000fff8    00000002     rts430_eabi.lib : int12.obj (.int12)

TIMER1_A0 
*          0    0000fffa    00000002     
                  0000fffa    00000002     rts430_eabi.lib : int13.obj (.int13)

NMI        0    0000fffc    00000002     
                  0000fffc    00000002     rts430_eabi.lib : int14.obj (.int14)

.reset     0    0000fffe    00000002     
                  0000fffe    00000002     rts430_eabi.lib : boot.obj (.reset)


LINKER GENERATED COPY TABLES

__TI_cinit_table @ 0000cf20 records: 2, size/record: 4, table size: 8
	.data: load addr=0000cefe, load size=00000018 bytes, run addr=0000023c, run size=00000019 bytes, compression=rle
	.bss: load addr=0000cf1c, load size=00000004 bytes, run addr=00000200, run size=0000003c bytes, compression=zero_init


LINKER GENERATED HANDLER TABLE

__TI_handler_table @ 0000cf16 records: 3, size/record: 2, table size: 6
	index: 0, handler: __TI_zero_init
	index: 1, handler: __TI_decompress_rle24
	index: 2, handler: __TI_decompress_none


GLOBAL SYMBOLS: SORTED ALPHABETICALLY BY Name 

address   name                               
-------   ----                               
0000c58a  A110LR09Configure                  
0000cdf8  A110LR09ConvertRssiToDbm           
0000ccd6  A110LR09GetLookup                  
0000ce92  A110LR09GetPowerLookupSize         
0000c692  A110LR09Init                       
0000c0a8  A110LR09SetChannr                  
0000c000  A110LR09SetPaTable                 
0000cc88  A110x2500Gdo0Enable                
0000cd04  A110x2500Gdo0Event                 
0000ce06  A110x2500Gdo0GetState              
0000cc4c  A110x2500Gdo0Init                  
0000ce6a  A110x2500Gdo0WaitForAssert         
0000ce72  A110x2500Gdo0WaitForDeassert       
0000cd18  A110x2500HwTimerInit               
0000c92c  A110x2500SpiInit                   
0000c24e  A110x2500SpiRead                   
0000c530  A110x2500SpiWrite                  
0000004a  ADC10AE0                           
000001b0  ADC10CTL0                          
000001b2  ADC10CTL1                          
00000048  ADC10DTC0                          
00000049  ADC10DTC1                          
000001b4  ADC10MEM                           
000001bc  ADC10SA                            
00000057  BCSCTL1                            
00000058  BCSCTL2                            
00000053  BCSCTL3                            
0000ce9e  C$$EXIT                            
00000059  CACTL1                             
0000005a  CACTL2                             
000010fb  CALBC1_12MHZ                       
000010f9  CALBC1_16MHZ                       
000010ff  CALBC1_1MHZ                        
000010fd  CALBC1_8MHZ                        
000010fa  CALDCO_12MHZ                       
000010f8  CALDCO_16MHZ                       
000010fe  CALDCO_1MHZ                        
000010fc  CALDCO_8MHZ                        
0000005b  CAPD                               
0000cb5a  CC1101Configure                    
0000c780  CC1101GdoInit                      
0000c418  CC1101GetChip                      
0000cb2a  CC1101GetRegister                  
0000c7ca  CC1101GetRegisterWithSpiSyncProblem
0000c9ae  CC1101Read                         
0000c814  CC1101ReadRxFifo                   
0000ca28  CC1101SetAndVerifyState            
0000cd7c  CC1101SetRegister                  
0000ce14  CC1101SpiInit                      
0000cd8e  CC1101Strobe                       
0000cd2c  CC1101TimeoutEvent                 
0000c478  CC1101Wakeup                       
0000cbb4  CC1101Write                        
0000cbb4  CC1101WriteRegisters               
0000ce22  CC1101WriteTxFifo                  
00000056  DCOCTL                             
00000128  FCTL1                              
0000012a  FCTL2                              
0000012c  FCTL3                              
0000c2c6  FrameAssemble                      
0000c1d0  FrameBuild                         
0000c8a4  FrameDisassemble                   
0000c33e  FrameGatewayValidate               
0000ce4c  FrameIdle                          
0000ce30  FrameInit                          
0000cca2  FrameListen                        
0000c6e6  FrameSchedulerData                 
0000ca60  FrameSchedulerLinkRequest          
0000c9ec  FrameSend                          
0000ce56  FrameSetDataResponse               
0000cc04  GDO0Isr                            
00000000  IE1                                
00000001  IE2                                
00000002  IFG1                               
00000003  IFG2                               
0000ce96  LinkRequest                        
00000022  P1DIR                              
00000025  P1IE                               
00000024  P1IES                              
00000023  P1IFG                              
00000020  P1IN                               
00000021  P1OUT                              
00000027  P1REN                              
00000026  P1SEL                              
00000041  P1SEL2                             
0000002a  P2DIR                              
0000002d  P2IE                               
0000002c  P2IES                              
0000002b  P2IFG                              
00000028  P2IN                               
00000029  P2OUT                              
0000002f  P2REN                              
0000002e  P2SEL                              
00000042  P2SEL2                             
0000001a  P3DIR                              
00000018  P3IN                               
00000019  P3OUT                              
00000010  P3REN                              
0000001b  P3SEL                              
00000043  P3SEL2                             
0000c8e8  PhyActiveMode                      
0000ce7a  PhyAddressGetLocalInfo             
0000cbdc  PhyAddressInit                     
0000cc6c  PhyAddressIsBroadcast              
0000ca94  PhyDataStreamBuild                 
0000cda0  PhyDisable                         
0000cdb2  PhyEnable                          
0000c96e  PhyEnableAddressFilter             
0000c5e2  PhyGetDataStream                   
0000ce80  PhyGetDataStreamStatus             
0000c4d4  PhyInit                            
0000cac6  PhyReceiverOn                      
0000ccee  PhySetChannel                      
0000c13c  PhySyncEopIsr                      
0000ce3e  PhyTimerInit                       
0000c734  PhyTransmit                        
0000cb88  PlatformInit                       
0000c13c  ProtocolEngine                     
0000c85c  ProtocolInit                       
0000ce56  ProtocolLoadDataResponse           
00000172  TA0CCR0                            
00000174  TA0CCR1                            
00000176  TA0CCR2                            
00000162  TA0CCTL0                           
00000164  TA0CCTL1                           
00000166  TA0CCTL2                           
00000160  TA0CTL                             
0000012e  TA0IV                              
00000170  TA0R                               
00000192  TA1CCR0                            
00000194  TA1CCR1                            
00000196  TA1CCR2                            
00000182  TA1CCTL0                           
00000184  TA1CCTL1                           
00000186  TA1CCTL2                           
00000180  TA1CTL                             
0000011e  TA1IV                              
00000190  TA1R                               
000010db  TLV_ADC10_1_LEN                    
000010da  TLV_ADC10_1_TAG                    
000010c0  TLV_CHECKSUM                       
000010f7  TLV_DCO_30_LEN                     
000010f6  TLV_DCO_30_TAG                     
0000caf8  TransferComplete                   
0000005d  UCA0ABCTL                          
00000062  UCA0BR0                            
00000063  UCA0BR1                            
00000060  UCA0CTL0                           
00000061  UCA0CTL1                           
0000005f  UCA0IRRCTL                         
0000005e  UCA0IRTCTL                         
00000064  UCA0MCTL                           
00000066  UCA0RXBUF                          
00000065  UCA0STAT                           
00000067  UCA0TXBUF                          
0000006a  UCB0BR0                            
0000006b  UCB0BR1                            
00000068  UCB0CTL0                           
00000069  UCB0CTL1                           
0000006c  UCB0I2CIE                          
00000118  UCB0I2COA                          
0000011a  UCB0I2CSA                          
0000006e  UCB0RXBUF                          
0000006d  UCB0STAT                           
0000006f  UCB0TXBUF                          
00000120  WDTCTL                             
00000400  __STACK_END                        
00000050  __STACK_SIZE                       
0000cf20  __TI_CINIT_Base                    
0000cf28  __TI_CINIT_Limit                   
0000cf16  __TI_Handler_Table_Base            
0000cf1c  __TI_Handler_Table_Limit           
UNDEFED   __TI_INITARRAY_Base                
UNDEFED   __TI_INITARRAY_Limit               
0000ce86  __TI_ISR_TRAP                      
0000cdc4  __TI_decompress_none               
0000ce8c  __TI_decompress_rle24              
0000ffe0  __TI_int00                         
0000ffe4  __TI_int02                         
0000ffe6  __TI_int03                         
0000ffea  __TI_int05                         
0000ffec  __TI_int06                         
0000ffee  __TI_int07                         
0000fff0  __TI_int08                         
0000fff2  __TI_int09                         
0000fff4  __TI_int10                         
0000fff6  __TI_int11                         
0000fff8  __TI_int12                         
0000fffa  __TI_int13                         
0000fffc  __TI_int14                         
0000cd40  __TI_zero_init                     
ffffffff  __binit__                          
ffffffff  __c_args__                         
0000cdf4  __mspabi_func_epilog_1             
0000cdf2  __mspabi_func_epilog_2             
0000cdf0  __mspabi_func_epilog_3             
0000cdee  __mspabi_func_epilog_4             
0000cdec  __mspabi_func_epilog_5             
0000cdea  __mspabi_func_epilog_6             
0000cde8  __mspabi_func_epilog_7             
0000cd68  __mspabi_mpyi                      
0000cd68  __mspabi_mpyi_sw                   
0000c63a  _auto_init                         
0000ccbc  _c_int00_noargs_noexit             
0000fffe  _reset_vector                      
000003b0  _stack                             
0000ce9a  _system_pre_init                   
0000ce9e  abort                              
ffffffff  binit                              
0000024c  gA1101Gdo                          
0000cee6  gA1101Gdo0                         
0000cee0  gA1101Spi                          
0000cea2  gA110LR09Lookup                    
0000cefa  gA110LR09PowerLookup               
0000ce60  main                               
0000cc2a  memcmp                             
0000cdd6  memcpy                             
0000cd54  memset                             


GLOBAL SYMBOLS: SORTED BY Symbol Address 

address   name                               
-------   ----                               
00000000  IE1                                
00000001  IE2                                
00000002  IFG1                               
00000003  IFG2                               
00000010  P3REN                              
00000018  P3IN                               
00000019  P3OUT                              
0000001a  P3DIR                              
0000001b  P3SEL                              
00000020  P1IN                               
00000021  P1OUT                              
00000022  P1DIR                              
00000023  P1IFG                              
00000024  P1IES                              
00000025  P1IE                               
00000026  P1SEL                              
00000027  P1REN                              
00000028  P2IN                               
00000029  P2OUT                              
0000002a  P2DIR                              
0000002b  P2IFG                              
0000002c  P2IES                              
0000002d  P2IE                               
0000002e  P2SEL                              
0000002f  P2REN                              
00000041  P1SEL2                             
00000042  P2SEL2                             
00000043  P3SEL2                             
00000048  ADC10DTC0                          
00000049  ADC10DTC1                          
0000004a  ADC10AE0                           
00000050  __STACK_SIZE                       
00000053  BCSCTL3                            
00000056  DCOCTL                             
00000057  BCSCTL1                            
00000058  BCSCTL2                            
00000059  CACTL1                             
0000005a  CACTL2                             
0000005b  CAPD                               
0000005d  UCA0ABCTL                          
0000005e  UCA0IRTCTL                         
0000005f  UCA0IRRCTL                         
00000060  UCA0CTL0                           
00000061  UCA0CTL1                           
00000062  UCA0BR0                            
00000063  UCA0BR1                            
00000064  UCA0MCTL                           
00000065  UCA0STAT                           
00000066  UCA0RXBUF                          
00000067  UCA0TXBUF                          
00000068  UCB0CTL0                           
00000069  UCB0CTL1                           
0000006a  UCB0BR0                            
0000006b  UCB0BR1                            
0000006c  UCB0I2CIE                          
0000006d  UCB0STAT                           
0000006e  UCB0RXBUF                          
0000006f  UCB0TXBUF                          
00000118  UCB0I2COA                          
0000011a  UCB0I2CSA                          
0000011e  TA1IV                              
00000120  WDTCTL                             
00000128  FCTL1                              
0000012a  FCTL2                              
0000012c  FCTL3                              
0000012e  TA0IV                              
00000160  TA0CTL                             
00000162  TA0CCTL0                           
00000164  TA0CCTL1                           
00000166  TA0CCTL2                           
00000170  TA0R                               
00000172  TA0CCR0                            
00000174  TA0CCR1                            
00000176  TA0CCR2                            
00000180  TA1CTL                             
00000182  TA1CCTL0                           
00000184  TA1CCTL1                           
00000186  TA1CCTL2                           
00000190  TA1R                               
00000192  TA1CCR0                            
00000194  TA1CCR1                            
00000196  TA1CCR2                            
000001b0  ADC10CTL0                          
000001b2  ADC10CTL1                          
000001b4  ADC10MEM                           
000001bc  ADC10SA                            
0000024c  gA1101Gdo                          
000003b0  _stack                             
00000400  __STACK_END                        
000010c0  TLV_CHECKSUM                       
000010da  TLV_ADC10_1_TAG                    
000010db  TLV_ADC10_1_LEN                    
000010f6  TLV_DCO_30_TAG                     
000010f7  TLV_DCO_30_LEN                     
000010f8  CALDCO_16MHZ                       
000010f9  CALBC1_16MHZ                       
000010fa  CALDCO_12MHZ                       
000010fb  CALBC1_12MHZ                       
000010fc  CALDCO_8MHZ                        
000010fd  CALBC1_8MHZ                        
000010fe  CALDCO_1MHZ                        
000010ff  CALBC1_1MHZ                        
0000c000  A110LR09SetPaTable                 
0000c0a8  A110LR09SetChannr                  
0000c13c  PhySyncEopIsr                      
0000c13c  ProtocolEngine                     
0000c1d0  FrameBuild                         
0000c24e  A110x2500SpiRead                   
0000c2c6  FrameAssemble                      
0000c33e  FrameGatewayValidate               
0000c418  CC1101GetChip                      
0000c478  CC1101Wakeup                       
0000c4d4  PhyInit                            
0000c530  A110x2500SpiWrite                  
0000c58a  A110LR09Configure                  
0000c5e2  PhyGetDataStream                   
0000c63a  _auto_init                         
0000c692  A110LR09Init                       
0000c6e6  FrameSchedulerData                 
0000c734  PhyTransmit                        
0000c780  CC1101GdoInit                      
0000c7ca  CC1101GetRegisterWithSpiSyncProblem
0000c814  CC1101ReadRxFifo                   
0000c85c  ProtocolInit                       
0000c8a4  FrameDisassemble                   
0000c8e8  PhyActiveMode                      
0000c92c  A110x2500SpiInit                   
0000c96e  PhyEnableAddressFilter             
0000c9ae  CC1101Read                         
0000c9ec  FrameSend                          
0000ca28  CC1101SetAndVerifyState            
0000ca60  FrameSchedulerLinkRequest          
0000ca94  PhyDataStreamBuild                 
0000cac6  PhyReceiverOn                      
0000caf8  TransferComplete                   
0000cb2a  CC1101GetRegister                  
0000cb5a  CC1101Configure                    
0000cb88  PlatformInit                       
0000cbb4  CC1101Write                        
0000cbb4  CC1101WriteRegisters               
0000cbdc  PhyAddressInit                     
0000cc04  GDO0Isr                            
0000cc2a  memcmp                             
0000cc4c  A110x2500Gdo0Init                  
0000cc6c  PhyAddressIsBroadcast              
0000cc88  A110x2500Gdo0Enable                
0000cca2  FrameListen                        
0000ccbc  _c_int00_noargs_noexit             
0000ccd6  A110LR09GetLookup                  
0000ccee  PhySetChannel                      
0000cd04  A110x2500Gdo0Event                 
0000cd18  A110x2500HwTimerInit               
0000cd2c  CC1101TimeoutEvent                 
0000cd40  __TI_zero_init                     
0000cd54  memset                             
0000cd68  __mspabi_mpyi                      
0000cd68  __mspabi_mpyi_sw                   
0000cd7c  CC1101SetRegister                  
0000cd8e  CC1101Strobe                       
0000cda0  PhyDisable                         
0000cdb2  PhyEnable                          
0000cdc4  __TI_decompress_none               
0000cdd6  memcpy                             
0000cde8  __mspabi_func_epilog_7             
0000cdea  __mspabi_func_epilog_6             
0000cdec  __mspabi_func_epilog_5             
0000cdee  __mspabi_func_epilog_4             
0000cdf0  __mspabi_func_epilog_3             
0000cdf2  __mspabi_func_epilog_2             
0000cdf4  __mspabi_func_epilog_1             
0000cdf8  A110LR09ConvertRssiToDbm           
0000ce06  A110x2500Gdo0GetState              
0000ce14  CC1101SpiInit                      
0000ce22  CC1101WriteTxFifo                  
0000ce30  FrameInit                          
0000ce3e  PhyTimerInit                       
0000ce4c  FrameIdle                          
0000ce56  FrameSetDataResponse               
0000ce56  ProtocolLoadDataResponse           
0000ce60  main                               
0000ce6a  A110x2500Gdo0WaitForAssert         
0000ce72  A110x2500Gdo0WaitForDeassert       
0000ce7a  PhyAddressGetLocalInfo             
0000ce80  PhyGetDataStreamStatus             
0000ce86  __TI_ISR_TRAP                      
0000ce8c  __TI_decompress_rle24              
0000ce92  A110LR09GetPowerLookupSize         
0000ce96  LinkRequest                        
0000ce9a  _system_pre_init                   
0000ce9e  C$$EXIT                            
0000ce9e  abort                              
0000cea2  gA110LR09Lookup                    
0000cee0  gA1101Spi                          
0000cee6  gA1101Gdo0                         
0000cefa  gA110LR09PowerLookup               
0000cf16  __TI_Handler_Table_Base            
0000cf1c  __TI_Handler_Table_Limit           
0000cf20  __TI_CINIT_Base                    
0000cf28  __TI_CINIT_Limit                   
0000ffe0  __TI_int00                         
0000ffe4  __TI_int02                         
0000ffe6  __TI_int03                         
0000ffea  __TI_int05                         
0000ffec  __TI_int06                         
0000ffee  __TI_int07                         
0000fff0  __TI_int08                         
0000fff2  __TI_int09                         
0000fff4  __TI_int10                         
0000fff6  __TI_int11                         
0000fff8  __TI_int12                         
0000fffa  __TI_int13                         
0000fffc  __TI_int14                         
0000fffe  _reset_vector                      
ffffffff  __binit__                          
ffffffff  __c_args__                         
ffffffff  binit                              
UNDEFED   __TI_INITARRAY_Base                
UNDEFED   __TI_INITARRAY_Limit               

[218 symbols]
